Component: ARM Compiler 5.06 update 6 (build 750) Tool: armlink [4d35ed]

==============================================================================

Section Cross References

    init.o(i.Init) refers to init_all.o(i.Init_Function) for Init_Function
    init.o(i.Init) refers to rtx_kernel.o(i.osKernelInitialize) for osKernelInitialize
    init.o(i.Init) refers to rtx_semaphore.o(i.osSemaphoreNew) for osSemaphoreNew
    init.o(i.Init) refers to rtx_msgqueue.o(i.osMessageQueueNew) for osMessageQueueNew
    init.o(i.Init) refers to cmsis_os1.o(i.osThreadCreate) for osThreadCreate
    init.o(i.Init) refers to rtx_kernel.o(i.osKernelStart) for osKernelStart
    init.o(i.Init) refers to init.o(.constdata) for os_semaphore_def_GRYO_Semaphore
    init.o(i.Init) refers to init.o(.data) for GRYO_Semaphore
    init.o(.constdata) refers to thread_zs.o(i.Calibrate_Thread1) for Calibrate_Thread1
    init.o(.constdata) refers to init.o(.bss.os.thread.cb) for os_thread_cb_Calibrate_Thread1
    init.o(.constdata) refers to init.o(.bss.os.thread.stack) for os_thread_stackCalibrate_Thread1
    init.o(.constdata) refers to thread_zs.o(i.IMU_Thread1) for IMU_Thread1
    init.o(.constdata) refers to thread_zs.o(i.Control_Thread1) for Control_Thread1
    init.o(.constdata) refers to can_task.o(i.Task_CANSend) for Task_CANSend
    init.o(.constdata) refers to thread_zs.o(i.Monitor_Thread1) for Monitor_Thread1
    init.o(.constdata) refers to init.o(.bss.os.semaphore.cb) for os_semaphore_cb_GRYO_Semaphore
    init.o(.constdata) refers to init.o(.bss.os.msgqueue.cb) for os_mq_cb_CanSend_MessageQueue
    init.o(.constdata) refers to init.o(.bss.os.msgqueue.mem) for os_mq_data_CanSend_MessageQueue
    main.o(i.main) refers to init.o(i.Init) for Init
    nvic_zs.o(i.NvicInitType) refers to misc.o(i.NVIC_PriorityGroupConfig) for NVIC_PriorityGroupConfig
    nvic_zs.o(i.NvicInitType) refers to misc.o(i.NVIC_Init) for NVIC_Init
    gpio_zs.o(i.GPIO_Configuration) refers to stm32f4xx_rcc.o(i.RCC_AHB1PeriphClockCmd) for RCC_AHB1PeriphClockCmd
    gpio_zs.o(i.GPIO_Configuration) refers to stm32f4xx_rcc.o(i.RCC_APB2PeriphClockCmd) for RCC_APB2PeriphClockCmd
    gpio_zs.o(i.GPIO_Configuration) refers to stm32f4xx_gpio.o(i.GPIO_Init) for GPIO_Init
    gpio_zs.o(i.GPIO_Configuration) refers to stm32f4xx_gpio.o(i.GPIO_ResetBits) for GPIO_ResetBits
    gpio_zs.o(i.GPIO_Configuration) refers to stm32f4xx_gpio.o(i.GPIO_SetBits) for GPIO_SetBits
    init_all.o(i.Init_Function) refers to gpio_zs.o(i.GPIO_Configuration) for GPIO_Configuration
    init_all.o(i.Init_Function) refers to delay.o(i.delay_ms) for delay_ms
    init_all.o(i.Init_Function) refers to pid_control_zs.o(i.PID_Factor_Init_ZS) for PID_Factor_Init_ZS
    init_all.o(i.Init_Function) refers to control_task.o(i.ControtLoopTaskInit) for ControtLoopTaskInit
    init_all.o(i.Init_Function) refers to can1_init.o(i.CAN1_Configuration) for CAN1_Configuration
    init_all.o(i.Init_Function) refers to pwm_init_zs.o(i.PWM_Out_Init_TIM2) for PWM_Out_Init_TIM2
    init_all.o(i.Init_Function) refers to pwm_init_zs.o(i.PWM_Out_Init_TIM3) for PWM_Out_Init_TIM3
    init_all.o(i.Init_Function) refers to pwm_init_zs.o(i.PWM_Out_Init_TIM4) for PWM_Out_Init_TIM4
    init_all.o(i.Init_Function) refers to usartrevicer.o(i.USART1_Configuration) for USART1_Configuration
    init_all.o(i.Init_Function) refers to usart_zs.o(i.Device_Usart4_ENABLE_Init) for Device_Usart4_ENABLE_Init
    init_all.o(i.Init_Function) refers to mpu6050_i2c.o(i.MPU_I2C_Configuration) for MPU_I2C_Configuration
    init_all.o(i.Init_Function) refers to mpu9250.o(i.MPU9250_Init) for MPU9250_Init
    init_all.o(i.Init_Function) refers to remotetask.o(i.RemoteTaskInit) for RemoteTaskInit
    init_all.o(i.Init_Function) refers to nvic_zs.o(i.NvicInitType) for NvicInitType
    pwm_init_zs.o(i.PWM_Out_Init_TIM2) refers to stm32f4xx_tim.o(i.TIM_TimeBaseStructInit) for TIM_TimeBaseStructInit
    pwm_init_zs.o(i.PWM_Out_Init_TIM2) refers to stm32f4xx_tim.o(i.TIM_OCStructInit) for TIM_OCStructInit
    pwm_init_zs.o(i.PWM_Out_Init_TIM2) refers to stm32f4xx_rcc.o(i.RCC_APB1PeriphClockCmd) for RCC_APB1PeriphClockCmd
    pwm_init_zs.o(i.PWM_Out_Init_TIM2) refers to stm32f4xx_rcc.o(i.RCC_AHB1PeriphClockCmd) for RCC_AHB1PeriphClockCmd
    pwm_init_zs.o(i.PWM_Out_Init_TIM2) refers to stm32f4xx_gpio.o(i.GPIO_Init) for GPIO_Init
    pwm_init_zs.o(i.PWM_Out_Init_TIM2) refers to stm32f4xx_gpio.o(i.GPIO_PinAFConfig) for GPIO_PinAFConfig
    pwm_init_zs.o(i.PWM_Out_Init_TIM2) refers to stm32f4xx_tim.o(i.TIM_TimeBaseInit) for TIM_TimeBaseInit
    pwm_init_zs.o(i.PWM_Out_Init_TIM2) refers to stm32f4xx_tim.o(i.TIM_OC2Init) for TIM_OC2Init
    pwm_init_zs.o(i.PWM_Out_Init_TIM2) refers to stm32f4xx_tim.o(i.TIM_OC2PreloadConfig) for TIM_OC2PreloadConfig
    pwm_init_zs.o(i.PWM_Out_Init_TIM2) refers to stm32f4xx_tim.o(i.TIM_ARRPreloadConfig) for TIM_ARRPreloadConfig
    pwm_init_zs.o(i.PWM_Out_Init_TIM2) refers to stm32f4xx_tim.o(i.TIM_Cmd) for TIM_Cmd
[...]
    0x08006398   0x08006398   0x0000004e   Code   RO         9107    .text               c_w.l(rt_memclr_w.o)
    0x080063e6   0x080063e6   0x00000006   Code   RO         9109    .text               c_w.l(heapauxi.o)
    0x080063ec   0x080063ec   0x000000ee   Code   RO         9360    .text               c_w.l(lludivv7m.o)
    0x080064da   0x080064da   0x00000016   Code   RO         9362    .text               c_w.l(_rserrno.o)
    0x080064f0   0x080064f0   0x0000004e   Code   RO         9366    .text               c_w.l(_printf_pad.o)
    0x0800653e   0x0800653e   0x00000024   Code   RO         9368    .text               c_w.l(_printf_truncate.o)
    0x08006562   0x08006562   0x00000052   Code   RO         9370    .text               c_w.l(_printf_str.o)
    0x080065b4   0x080065b4   0x00000078   Code   RO         9372    .text               c_w.l(_printf_dec.o)
    0x0800662c   0x0800662c   0x00000028   Code   RO         9374    .text               c_w.l(_printf_charcount.o)
    0x08006654   0x08006654   0x00000030   Code   RO         9376    .text               c_w.l(_printf_char_common.o)
    0x08006684   0x08006684   0x0000000a   Code   RO         9378    .text               c_w.l(_sputc.o)
    0x0800668e   0x0800668e   0x00000002   PAD
    0x08006690   0x08006690   0x000000bc   Code   RO         9380    .text               c_w.l(_printf_wctomb.o)
    0x0800674c   0x0800674c   0x0000007c   Code   RO         9383    .text               c_w.l(_printf_longlong_dec.o)
    0x080067c8   0x080067c8   0x00000070   Code   RO         9389    .text               c_w.l(_printf_oct_int_ll.o)
    0x08006838   0x08006838   0x00000094   Code   RO         9409    .text               c_w.l(_printf_hex_int_ll_ptr.o)
    0x080068cc   0x080068cc   0x00000188   Code   RO         9429    .text               c_w.l(__printf_flags_ss_wp.o)
    0x08006a54   0x08006a54   0x000001d6   Code   RO         9455    .text               c_w.l(flsbuf.o)
    0x08006c2a   0x08006c2a   0x00000066   Code   RO         9536    .text               c_w.l(sys_io.o)
    0x08006c90   0x08006c90   0x00000004   Code   RO         9565    .text               c_w.l(rt_errno_addr_twolibspace.o)
    0x08006c94   0x08006c94   0x0000009e   Code   RO         9571    .text               c_w.l(h1_alloc_mt.o)
    0x08006d32   0x08006d32   0x0000008a   Code   RO         9623    .text               c_w.l(lludiv10.o)
    0x08006dbc   0x08006dbc   0x000000b2   Code   RO         9625    .text               c_w.l(_printf_intcommon.o)
    0x08006e6e   0x08006e6e   0x0000041e   Code   RO         9627    .text               c_w.l(_printf_fp_dec.o)
    0x0800728c   0x0800728c   0x000002fc   Code   RO         9629    .text               c_w.l(_printf_fp_hex.o)
    0x08007588   0x08007588   0x0000002c   Code   RO         9634    .text               c_w.l(_printf_char.o)
    0x080075b4   0x080075b4   0x0000002c   Code   RO         9636    .text               c_w.l(_printf_wchar.o)
    0x080075e0   0x080075e0   0x000000f0   Code   RO         9639    .text               c_w.l(stdio.o)
    0x080076d0   0x080076d0   0x00000040   Code   RO         9645    .text               c_w.l(_wcrtomb.o)
    0x08007710   0x08007710   0x00000008   Code   RO         9651    .text               c_w.l(libspace.o)
    0x08007718   0x08007718   0x00000002   Code   RO         9654    .text               c_w.l(use_no_semi.o)
    0x0800771a   0x0800771a   0x00000000   Code   RO         9656    .text               c_w.l(indicate_semi.o)
    0x0800771a   0x0800771a   0x0000004a   Code   RO         9657    .text               c_w.l(sys_stackheap_outer.o)
    0x08007764   0x08007764   0x00000010   Code   RO         9659    .text               c_w.l(rt_ctype_table.o)
    0x08007774   0x08007774   0x0000000a   Code   RO         9668    .text               c_w.l(rt_heap_descriptor_twolibspace.o)
    0x0800777e   0x0800777e   0x0000000a   Code   RO         9675    .text               c_w.l(rt_locale_twolibspace.o)
    0x08007788   0x08007788   0x00000004   Code   RO         9677    .text               c_w.l(hguard.o)
    0x0800778c   0x0800778c   0x0000008a   Code   RO         9679    .text               c_w.l(init_alloc.o)
    0x08007816   0x08007816   0x00000012   Code   RO         9689    .text               c_w.l(h1_init_mt.o)
    0x08007828   0x08007828   0x00000076   Code   RO         9691    .text               c_w.l(h1_free_mt.o)
    0x0800789e   0x0800789e   0x00000002   PAD
    0x080078a0   0x080078a0   0x00000080   Code   RO         9703    .text               c_w.l(_printf_fp_infnan.o)
    0x08007920   0x08007920   0x000000e4   Code   RO         9705    .text               c_w.l(bigflt0.o)
    0x08007a04   0x08007a04   0x00000012   Code   RO         9747    .text               c_w.l(exit.o)
    0x08007a16   0x08007a16   0x0000003e   Code   RO         9749    .text               c_w.l(strlen.o)
    0x08007a54   0x08007a54   0x0000003e   Code   RO         9816    .text               c_w.l(h1_extend_mt.o)
    0x08007a92   0x08007a92   0x0000000e   Code   RO         9832    .text               c_w.l(defsig_rtmem_outer.o)
    0x08007aa0   0x08007aa0   0x00000080   Code   RO         9836    .text               c_w.l(strcmpv7m.o)
    0x08007b20   0x08007b20   0x00000010   Code   RO         9856    .text               c_w.l(term_alloc.o)
    0x08007b30   0x08007b30   0x0000000a   Code   RO         9870    .text               c_w.l(defsig_exit.o)
    0x08007b3a   0x08007b3a   0x00000002   PAD
    0x08007b3c   0x08007b3c   0x00000050   Code   RO         9878    .text               c_w.l(defsig_rtmem_inner.o)
    0x08007b8c   0x08007b8c   0x0000000c   Code   RO         9900    .text               c_w.l(sys_exit.o)
    0x08007b98   0x08007b98   0x0000000a   Code   RO         9904    .text               c_w.l(h1_final_mt.o)
    0x08007ba2   0x08007ba2   0x00000032   Code   RO         9908    .text               c_w.l(defsig_general.o)
    0x08007bd4   0x08007bd4   0x0000000e   Code   RO         9915    .text               c_w.l(sys_wrch.o)
    0x08007be2   0x08007be2   0x0000003e   Code   RO         9708    CL$$btod_d2e        c_w.l(btod.o)
    0x08007c20   0x08007c20   0x00000046   Code   RO         9710    CL$$btod_d2e_denorm_low  c_w.l(btod.o)
    0x08007c66   0x08007c66   0x00000060   Code   RO         9709    CL$$btod_d2e_norm_op1  c_w.l(btod.o)
    0x08007cc6   0x08007cc6   0x00000338   Code   RO         9718    CL$$btod_div_common  c_w.l(btod.o)
    0x08007ffe   0x08007ffe   0x000000dc   Code   RO         9715    CL$$btod_e2e        c_w.l(btod.o)
    0x080080da   0x080080da   0x0000002a   Code   RO         9712    CL$$btod_ediv       c_w.l(btod.o)
    0x08008104   0x08008104   0x0000002a   Code   RO         9711    CL$$btod_emul       c_w.l(btod.o)
    0x0800812e   0x0800812e   0x00000244   Code   RO         9717    CL$$btod_mult_common  c_w.l(btod.o)
    0x08008372   0x08008372   0x00000002   PAD
    0x08008374   0x08008374   0x000000d8   Code   RO          556    i.CAN1_Configuration  can1_init.o
    0x0800844c   0x0800844c   0x00000030   Code   RO          557    i.CAN1_RX0_IRQHandler  can1_init.o
    0x0800847c   0x0800847c   0x0000001c   Code   RO          558    i.CAN1_TX_IRQHandler  can1_init.o
    0x08008498   0x08008498   0x00000028   Code   RO          662    i.CAN2_RX1_IRQHandler  can2_init.o
    0x080084c0   0x080084c0   0x0000001c   Code   RO          663    i.CAN2_TX_IRQHandler  can2_init.o
    0x080084dc   0x080084dc   0x000000a8   Code   RO         2646    i.CAN_ClearITPendingBit  stm32f4xx_can.o
    0x08008584   0x08008584   0x00000038   Code   RO         2648    i.CAN_DeInit        stm32f4xx_can.o
    0x080085bc   0x080085bc   0x00000108   Code   RO         2650    i.CAN_FilterInit    stm32f4xx_can.o
    0x080086c4   0x080086c4   0x00000120   Code   RO         2652    i.CAN_GetITStatus   stm32f4xx_can.o
    0x080087e4   0x080087e4   0x00000012   Code   RO         2656    i.CAN_ITConfig      stm32f4xx_can.o
    0x080087f6   0x080087f6   0x00000114   Code   RO         2657    i.CAN_Init          stm32f4xx_can.o
    0x0800890a   0x0800890a   0x000000f0   Code   RO         2660    i.CAN_Receive       stm32f4xx_can.o
    0x080089fa   0x080089fa   0x00000020   Code   RO         2663    i.CAN_StructInit    stm32f4xx_can.o
    0x08008a1a   0x08008a1a   0x00000126   Code   RO         2665    i.CAN_Transmit      stm32f4xx_can.o
    0x08008b40   0x08008b40   0x000009fc   Code   RO         1049    i.CMControlLoop     chassis_control.o
    0x0800953c   0x0800953c   0x00000014   Code   RO          447    i.Calibrate_Thread1  thread_zs.o
    0x08009550   0x08009550   0x0000035c   Code   RO          617    i.CanReceiveMsgProcess  canbus.o
    0x080098ac   0x080098ac   0x00000012   Code   RO         2668    i.CheckITStatus     stm32f4xx_can.o
    0x080098be   0x080098be   0x00000002   PAD
    0x080098c0   0x080098c0   0x00000068   Code   RO          502    i.Control_Task      control_task.o
    0x08009928   0x08009928   0x000000a4   Code   RO          503    i.Control_Task_Normal  control_task.o
    0x080099cc   0x080099cc   0x00000020   Code   RO          504    i.Control_Task_Stop  control_task.o
    0x080099ec   0x080099ec   0x0000002c   Code   RO          448    i.Control_Thread1   thread_zs.o
    0x08009a18   0x08009a18   0x00000078   Code   RO          506    i.ControtLoopTaskInit  control_task.o
    0x08009a90   0x08009a90   0x00000016   Code   RO         2813    i.DMA_Cmd           stm32f4xx_dma.o
    0x08009aa6   0x08009aa6   0x00000002   PAD
    0x08009aa8   0x08009aa8   0x00000158   Code   RO         2814    i.DMA_DeInit        stm32f4xx_dma.o
    0x08009c00   0x08009c00   0x00000016   Code   RO         2815    i.DMA_DoubleBufferModeCmd  stm32f4xx_dma.o
    0x08009c16   0x08009c16   0x00000018   Code   RO         2816    i.DMA_DoubleBufferModeConfig  stm32f4xx_dma.o
    0x08009c2e   0x08009c2e   0x00000008   Code   RO         2819    i.DMA_GetCurrDataCounter  stm32f4xx_dma.o
    0x08009c36   0x08009c36   0x00000014   Code   RO         2820    i.DMA_GetCurrentMemoryTarget  stm32f4xx_dma.o
    0x08009c4a   0x08009c4a   0x00000002   PAD
    0x08009c4c   0x08009c4c   0x00000058   Code   RO         2825    i.DMA_Init          stm32f4xx_dma.o
    0x08009ca4   0x08009ca4   0x00000022   Code   RO         2829    i.DMA_StructInit    stm32f4xx_dma.o
    0x08009cc6   0x08009cc6   0x00000002   PAD
    0x08009cc8   0x08009cc8   0x00000098   Code   RO          812    i.Device_Usart4_ENABLE_Init  usart_zs.o
    0x08009d60   0x08009d60   0x00000034   Code   RO         3558    i.EXTI4_IRQHandler  mpu6050_interrupt.o
    0x08009d94   0x08009d94   0x0000000c   Code   RO         3078    i.EXTI_ClearFlag    stm32f4xx_exti.o
    0x08009da0   0x08009da0   0x0000000c   Code   RO         3079    i.EXTI_ClearITPendingBit  stm32f4xx_exti.o
    0x08009dac   0x08009dac   0x00000018   Code   RO         3083    i.EXTI_GetITStatus  stm32f4xx_exti.o
    0x08009dc4   0x08009dc4   0x00000094   Code   RO         3084    i.EXTI_Init         stm32f4xx_exti.o
    0x08009e58   0x08009e58   0x000000e0   Code   RO         1013    i.EncoderProcess    encoder_zs.o
    0x08009f38   0x08009f38   0x00000002   Code   RO         6173    i.EvrRtxEventFlagsWaitTimeout  rtx_evr.o
    0x08009f3a   0x08009f3a   0x00000002   Code   RO         6174    i.EvrRtxKernelError  rtx_evr.o
    0x08009f3c   0x08009f3c   0x00000002   Code   RO         6176    i.EvrRtxKernelGetState  rtx_evr.o
    0x08009f3e   0x08009f3e   0x00000002   Code   RO         6182    i.EvrRtxKernelInitialize  rtx_evr.o
    0x08009f40   0x08009f40   0x00000002   Code   RO         6183    i.EvrRtxKernelInitialized  rtx_evr.o
    0x08009f42   0x08009f42   0x00000002   Code   RO         6190    i.EvrRtxKernelStart  rtx_evr.o
    0x08009f44   0x08009f44   0x00000002   Code   RO         6191    i.EvrRtxKernelStarted  rtx_evr.o
    0x08009f46   0x08009f46   0x00000002   Code   RO         6196    i.EvrRtxMemoryAlloc  rtx_evr.o
    0x08009f48   0x08009f48   0x00000002   Code   RO         6197    i.EvrRtxMemoryBlockAlloc  rtx_evr.o
    0x08009f4a   0x08009f4a   0x00000002   Code   RO         6198    i.EvrRtxMemoryBlockFree  rtx_evr.o
    0x08009f4c   0x08009f4c   0x00000002   Code   RO         6199    i.EvrRtxMemoryBlockInit  rtx_evr.o
    0x08009f4e   0x08009f4e   0x00000002   Code   RO         6200    i.EvrRtxMemoryFree  rtx_evr.o
    0x08009f50   0x08009f50   0x00000002   Code   RO         6201    i.EvrRtxMemoryInit  rtx_evr.o
    0x08009f52   0x08009f52   0x00000002   Code   RO         6205    i.EvrRtxMemoryPoolAllocTimeout  rtx_evr.o
    0x08009f54   0x08009f54   0x00000002   Code   RO         6220    i.EvrRtxMessageQueueCreated  rtx_evr.o
    0x08009f56   0x08009f56   0x00000002   Code   RO         6223    i.EvrRtxMessageQueueError  rtx_evr.o
    0x08009f58   0x08009f58   0x00000002   Code   RO         6224    i.EvrRtxMessageQueueGet  rtx_evr.o
    0x08009f5a   0x08009f5a   0x00000002   Code   RO         6229    i.EvrRtxMessageQueueGetPending  rtx_evr.o
    0x08009f5c   0x08009f5c   0x00000002   Code   RO         6231    i.EvrRtxMessageQueueGetTimeout  rtx_evr.o
    0x08009f5e   0x08009f5e   0x00000002   Code   RO         6232    i.EvrRtxMessageQueueInsertPending  rtx_evr.o
    0x08009f60   0x08009f60   0x00000002   Code   RO         6233    i.EvrRtxMessageQueueInserted  rtx_evr.o
    0x08009f62   0x08009f62   0x00000002   Code   RO         6234    i.EvrRtxMessageQueueNew  rtx_evr.o
    0x08009f64   0x08009f64   0x00000002   Code   RO         6235    i.EvrRtxMessageQueueNotInserted  rtx_evr.o
    0x08009f66   0x08009f66   0x00000002   Code   RO         6236    i.EvrRtxMessageQueueNotRetrieved  rtx_evr.o
    0x08009f68   0x08009f68   0x00000002   Code   RO         6237    i.EvrRtxMessageQueuePut  rtx_evr.o
    0x08009f6a   0x08009f6a   0x00000002   Code   RO         6238    i.EvrRtxMessageQueuePutPending  rtx_evr.o
    0x08009f6c   0x08009f6c   0x00000002   Code   RO         6239    i.EvrRtxMessageQueuePutTimeout  rtx_evr.o
    0x08009f6e   0x08009f6e   0x00000002   Code   RO         6242    i.EvrRtxMessageQueueRetrieved  rtx_evr.o
    0x08009f70   0x08009f70   0x00000002   Code   RO         6243    i.EvrRtxMutexAcquire  rtx_evr.o
    0x08009f72   0x08009f72   0x00000002   Code   RO         6244    i.EvrRtxMutexAcquirePending  rtx_evr.o
    0x08009f74   0x08009f74   0x00000002   Code   RO         6245    i.EvrRtxMutexAcquireTimeout  rtx_evr.o
    0x08009f76   0x08009f76   0x00000002   Code   RO         6246    i.EvrRtxMutexAcquired  rtx_evr.o
    0x08009f78   0x08009f78   0x00000002   Code   RO         6247    i.EvrRtxMutexCreated  rtx_evr.o
    0x08009f7a   0x08009f7a   0x00000002   Code   RO         6248    i.EvrRtxMutexDelete  rtx_evr.o
    0x08009f7c   0x08009f7c   0x00000002   Code   RO         6249    i.EvrRtxMutexDestroyed  rtx_evr.o
    0x08009f7e   0x08009f7e   0x00000002   Code   RO         6250    i.EvrRtxMutexError  rtx_evr.o
    0x08009f80   0x08009f80   0x00000002   Code   RO         6253    i.EvrRtxMutexNew    rtx_evr.o
    0x08009f82   0x08009f82   0x00000002   Code   RO         6254    i.EvrRtxMutexNotAcquired  rtx_evr.o
    0x08009f84   0x08009f84   0x00000002   Code   RO         6255    i.EvrRtxMutexRelease  rtx_evr.o
    0x08009f86   0x08009f86   0x00000002   Code   RO         6256    i.EvrRtxMutexReleased  rtx_evr.o
    0x08009f88   0x08009f88   0x00000002   Code   RO         6257    i.EvrRtxSemaphoreAcquire  rtx_evr.o
    0x08009f8a   0x08009f8a   0x00000002   Code   RO         6258    i.EvrRtxSemaphoreAcquirePending  rtx_evr.o
    0x08009f8c   0x08009f8c   0x00000002   Code   RO         6259    i.EvrRtxSemaphoreAcquireTimeout  rtx_evr.o
    0x08009f8e   0x08009f8e   0x00000002   Code   RO         6260    i.EvrRtxSemaphoreAcquired  rtx_evr.o
    0x08009f90   0x08009f90   0x00000002   Code   RO         6261    i.EvrRtxSemaphoreCreated  rtx_evr.o
    0x08009f92   0x08009f92   0x00000002   Code   RO         6264    i.EvrRtxSemaphoreError  rtx_evr.o
    0x08009f94   0x08009f94   0x00000002   Code   RO         6267    i.EvrRtxSemaphoreNew  rtx_evr.o
    0x08009f96   0x08009f96   0x00000002   Code   RO         6268    i.EvrRtxSemaphoreNotAcquired  rtx_evr.o
    0x08009f98   0x08009f98   0x00000002   Code   RO         6269    i.EvrRtxSemaphoreRelease  rtx_evr.o
    0x08009f9a   0x08009f9a   0x00000002   Code   RO         6270    i.EvrRtxSemaphoreReleased  rtx_evr.o
    0x08009f9c   0x08009f9c   0x00000002   Code   RO         6271    i.EvrRtxThreadBlocked  rtx_evr.o
    0x08009f9e   0x08009f9e   0x00000002   Code   RO         6272    i.EvrRtxThreadCreated  rtx_evr.o
    0x08009fa0   0x08009fa0   0x00000002   Code   RO         6273    i.EvrRtxThreadDelay  rtx_evr.o
    0x08009fa2   0x08009fa2   0x00000002   Code   RO         6274    i.EvrRtxThreadDelayCompleted  rtx_evr.o
    0x08009fa4   0x08009fa4   0x00000002   Code   RO         6276    i.EvrRtxThreadDestroyed  rtx_evr.o
    0x08009fa6   0x08009fa6   0x00000002   Code   RO         6280    i.EvrRtxThreadError  rtx_evr.o
    0x08009fa8   0x08009fa8   0x00000002   Code   RO         6281    i.EvrRtxThreadExit  rtx_evr.o
    0x08009faa   0x08009faa   0x00000002   Code   RO         6288    i.EvrRtxThreadFlagsWaitCompleted  rtx_evr.o
    0x08009fac   0x08009fac   0x00000002   Code   RO         6291    i.EvrRtxThreadFlagsWaitTimeout  rtx_evr.o
    0x08009fae   0x08009fae   0x00000002   Code   RO         6293    i.EvrRtxThreadGetId  rtx_evr.o
    0x08009fb0   0x08009fb0   0x00000002   Code   RO         6301    i.EvrRtxThreadJoined  rtx_evr.o
    0x08009fb2   0x08009fb2   0x00000002   Code   RO         6302    i.EvrRtxThreadNew   rtx_evr.o
    0x08009fb4   0x08009fb4   0x00000002   Code   RO         6303    i.EvrRtxThreadPreempted  rtx_evr.o
    0x08009fb6   0x08009fb6   0x00000002   Code   RO         6309    i.EvrRtxThreadSwitched  rtx_evr.o
    0x08009fb8   0x08009fb8   0x00000002   Code   RO         6311    i.EvrRtxThreadUnblocked  rtx_evr.o
    0x08009fba   0x08009fba   0x00000002   Code   RO         6313    i.EvrRtxTimerCallback  rtx_evr.o
    0x08009fbc   0x08009fbc   0x00000120   Code   RO         1197    i.Friction_Servo_control  friction_servo_control.o
    0x0800a0dc   0x0800a0dc   0x00000088   Code   RO         1148    i.GMPitchControlLoop  py_control_zs.o
    0x0800a164   0x0800a164   0x00000094   Code   RO         1092    i.GMPokeControlLoop  poke_control_zs.o
    0x0800a1f8   0x0800a1f8   0x00000088   Code   RO         1149    i.GMYawControlLoop  py_control_zs.o
    0x0800a280   0x0800a280   0x0000007c   Code   RO          357    i.GPIO_Configuration  gpio_zs.o
    0x0800a2fc   0x0800a2fc   0x00000090   Code   RO         1639    i.GPIO_Init         stm32f4xx_gpio.o
    0x0800a38c   0x0800a38c   0x00000046   Code   RO         1640    i.GPIO_PinAFConfig  stm32f4xx_gpio.o
    0x0800a3d2   0x0800a3d2   0x00000004   Code   RO         1646    i.GPIO_ResetBits    stm32f4xx_gpio.o
    0x0800a3d6   0x0800a3d6   0x00000004   Code   RO         1647    i.GPIO_SetBits      stm32f4xx_gpio.o
    0x0800a3da   0x0800a3da   0x00000012   Code   RO         1648    i.GPIO_StructInit   stm32f4xx_gpio.o
    0x0800a3ec   0x0800a3ec   0x00000016   Code   RO         1014    i.GetEncoderBias    encoder_zs.o
    0x0800a402   0x0800a402   0x00000002   PAD
    0x0800a404   0x0800a404   0x00000164   Code   RO         1150    i.GimbalYaw_PitchControlModeSwitch  py_control_zs.o
    0x0800a568   0x0800a568   0x00000030   Code   RO          732    i.HEXACSII_ZS       uart_send_zs.o
    0x0800a598   0x0800a598   0x00000048   Code   RO         3468    i.I2C_Ack           mpu6050_i2c.o
    0x0800a5e0   0x0800a5e0   0x0000004c   Code   RO         3469    i.I2C_NoAck         mpu6050_i2c.o
    0x0800a62c   0x0800a62c   0x0000006c   Code   RO         3470    i.I2C_ReadByte      mpu6050_i2c.o
    0x0800a698   0x0800a698   0x00000074   Code   RO         3471    i.I2C_SendByte      mpu6050_i2c.o
    0x0800a70c   0x0800a70c   0x00000048   Code   RO         3472    i.I2C_Start         mpu6050_i2c.o
    0x0800a754   0x0800a754   0x00000044   Code   RO         3473    i.I2C_Stop          mpu6050_i2c.o
    0x0800a798   0x0800a798   0x00000064   Code   RO         3474    i.I2C_WaitAck       mpu6050_i2c.o
    0x0800a7fc   0x0800a7fc   0x00000040   Code   RO          449    i.IMU_Thread1       thread_zs.o
    0x0800a83c   0x0800a83c   0x0000015c   Code   RO         3591    i.IMU_Update        mpu9250.o
    0x0800a998   0x0800a998   0x000000ac   Code   RO            4    i.Init              init.o
    0x0800aa44   0x0800aa44   0x00000058   Code   RO          381    i.Init_Function     init_all.o
    0x0800aa9c   0x0800aa9c   0x00000018   Code   RO         5941    i.IsIrqMasked       rtx_delay.o
    0x0800aab4   0x0800aab4   0x00000018   Code   RO         7182    i.IsIrqMasked       rtx_kernel.o
    0x0800aacc   0x0800aacc   0x00000018   Code   RO         7692    i.IsIrqMasked       rtx_msgqueue.o
    0x0800aae4   0x0800aae4   0x00000018   Code   RO         7870    i.IsIrqMasked       rtx_mutex.o
    0x0800aafc   0x0800aafc   0x00000018   Code   RO         7977    i.IsIrqMasked       rtx_semaphore.o
    0x0800ab14   0x0800ab14   0x00000018   Code   RO         8154    i.IsIrqMasked       rtx_thread.o
    0x0800ab2c   0x0800ab2c   0x00000010   Code   RO         5942    i.IsIrqMode         rtx_delay.o
    0x0800ab3c   0x0800ab3c   0x00000010   Code   RO         7183    i.IsIrqMode         rtx_kernel.o
    0x0800ab4c   0x0800ab4c   0x00000010   Code   RO         7693    i.IsIrqMode         rtx_msgqueue.o
    0x0800ab5c   0x0800ab5c   0x00000010   Code   RO         7871    i.IsIrqMode         rtx_mutex.o
    0x0800ab6c   0x0800ab6c   0x00000010   Code   RO         7978    i.IsIrqMode         rtx_semaphore.o
    0x0800ab7c   0x0800ab7c   0x00000010   Code   RO         8155    i.IsIrqMode         rtx_thread.o
    0x0800ab8c   0x0800ab8c   0x00000010   Code   RO         7184    i.IsPrivileged      rtx_kernel.o
    0x0800ab9c   0x0800ab9c   0x00000060   Code   RO         3559    i.MPU6050_IntConfiguration  mpu6050_interrupt.o
    0x0800abfc   0x0800abfc   0x00000092   Code   RO         3596    i.MPU9250_Init      mpu9250.o
    0x0800ac8e   0x0800ac8e   0x0000003e   Code   RO         3597    i.MPU9250_Read_Byte  mpu9250.o
    0x0800accc   0x0800accc   0x00000012   Code   RO         3599    i.MPU9250_Set_Accel  mpu9250.o
    0x0800acde   0x0800acde   0x00000012   Code   RO         3600    i.MPU9250_Set_Gyro  mpu9250.o
    0x0800acf0   0x0800acf0   0x0000003c   Code   RO         3601    i.MPU9250_Set_LPF   mpu9250.o
    0x0800ad2c   0x0800ad2c   0x0000003e   Code   RO         3602    i.MPU9250_Set_Rate  mpu9250.o
    0x0800ad6a   0x0800ad6a   0x00000046   Code   RO         3604    i.MPU9250_Write_Byte  mpu9250.o
    0x0800adb0   0x0800adb0   0x00000034   Code   RO         3475    i.MPU_I2C_Configuration  mpu6050_i2c.o
    0x0800ade4   0x0800ade4   0x0000000a   Code   RO         7482    i.MemBlockPtr       rtx_memory.o
    0x0800adee   0x0800adee   0x00000034   Code   RO         7694    i.MessageQueueGet   rtx_msgqueue.o
    0x0800ae22   0x0800ae22   0x0000004c   Code   RO         7695    i.MessageQueuePut   rtx_msgqueue.o
    0x0800ae6e   0x0800ae6e   0x00000022   Code   RO         7696    i.MessageQueueRemove  rtx_msgqueue.o
    0x0800ae90   0x0800ae90   0x00000150   Code   RO          450    i.Monitor_Thread1   thread_zs.o
    0x0800afe0   0x0800afe0   0x000001b4   Code   RO          921    i.MouseKeyControlProcess  remotetask.o
    0x0800b194   0x0800b194   0x00000074   Code   RO          922    i.MouseShootControl  remotetask.o
    0x0800b208   0x0800b208   0x00000078   Code   RO         1590    i.NVIC_Init         misc.o
    0x0800b280   0x0800b280   0x00000014   Code   RO         1591    i.NVIC_PriorityGroupConfig  misc.o
    0x0800b294   0x0800b294   0x000000bc   Code   RO          304    i.NvicInitType      nvic_zs.o
    0x0800b350   0x0800b350   0x00000008   Code   RO         8697    i.OS_Tick_AcknowledgeIRQ  os_systick.o
    0x0800b358   0x0800b358   0x00000030   Code   RO         8699    i.OS_Tick_Enable    os_systick.o
    0x0800b388   0x0800b388   0x00000006   Code   RO         8702    i.OS_Tick_GetIRQn   os_systick.o
    0x0800b38e   0x0800b38e   0x00000002   PAD
    0x0800b390   0x0800b390   0x00000050   Code   RO         8705    i.OS_Tick_Setup     os_systick.o
    0x0800b3e0   0x0800b3e0   0x00000098   Code   RO         1383    i.PID_Control_Position  pid_control_zs.o
    0x0800b478   0x0800b478   0x0000012c   Code   RO         1384    i.PID_Factor_Init_ZS  pid_control_zs.o
    0x0800b5a4   0x0800b5a4   0x0000000e   Code   RO         1385    i.PID_Factor_Sure   pid_control_zs.o
    0x0800b5b2   0x0800b5b2   0x0000000e   Code   RO         1387    i.PID_Set           pid_control_zs.o
    0x0800b5c0   0x0800b5c0   0x000000f0   Code   RO          405    i.PWM_Out_Init_TIM2  pwm_init_zs.o
    0x0800b6b0   0x0800b6b0   0x000000f4   Code   RO          406    i.PWM_Out_Init_TIM3  pwm_init_zs.o
    0x0800b7a4   0x0800b7a4   0x00000118   Code   RO          407    i.PWM_Out_Init_TIM4  pwm_init_zs.o
    0x0800b8bc   0x0800b8bc   0x000000ac   Code   RO         1151    i.PYAngleLimit      py_control_zs.o
    0x0800b968   0x0800b968   0x00000020   Code   RO         1740    i.RCC_AHB1PeriphClockCmd  stm32f4xx_rcc.o
    0x0800b988   0x0800b988   0x00000020   Code   RO         1749    i.RCC_APB1PeriphClockCmd  stm32f4xx_rcc.o
    0x0800b9a8   0x0800b9a8   0x00000020   Code   RO         1751    i.RCC_APB1PeriphResetCmd  stm32f4xx_rcc.o
    0x0800b9c8   0x0800b9c8   0x00000020   Code   RO         1752    i.RCC_APB2PeriphClockCmd  stm32f4xx_rcc.o
    0x0800b9e8   0x0800b9e8   0x00000020   Code   RO         1754    i.RCC_APB2PeriphResetCmd  stm32f4xx_rcc.o
    0x0800ba08   0x0800ba08   0x000000e8   Code   RO         1761    i.RCC_GetClocksFreq  stm32f4xx_rcc.o
    0x0800baf0   0x0800baf0   0x00000038   Code   RO         1455    i.RampCalc          ramp_control_zs.o
    0x0800bb28   0x0800bb28   0x0000006a   Code   RO         1456    i.RampCalcLoop      ramp_control_zs.o
    0x0800bb92   0x0800bb92   0x00000008   Code   RO         1457    i.RampInit          ramp_control_zs.o
    0x0800bb9a   0x0800bb9a   0x0000000a   Code   RO         1458    i.RampInitLoop      ramp_control_zs.o
    0x0800bba4   0x0800bba4   0x00000012   Code   RO         1459    i.RampIsOverflow    ramp_control_zs.o
    0x0800bbb6   0x0800bbb6   0x00000006   Code   RO         1460    i.RampResetCounter  ramp_control_zs.o
    0x0800bbbc   0x0800bbbc   0x00000004   Code   RO         1462    i.RampSetCounter    ramp_control_zs.o
    0x0800bbc0   0x0800bbc0   0x00000004   Code   RO         1463    i.RampSetScale      ramp_control_zs.o
    0x0800bbc4   0x0800bbc4   0x000000e0   Code   RO          923    i.RemoteControlProcess  remotetask.o
    0x0800bca4   0x0800bca4   0x00000104   Code   RO          924    i.RemoteDataPrcess  remotetask.o
    0x0800bda8   0x0800bda8   0x00000064   Code   RO          925    i.RemoteTaskInit    remotetask.o
    0x0800be0c   0x0800be0c   0x00000040   Code   RO         3411    i.SYSCFG_EXTILineConfig  stm32f4xx_syscfg.o
    0x0800be4c   0x0800be4c   0x00000018   Code   RO         7979    i.SemaphoreTokenDecrement  rtx_semaphore.o
    0x0800be64   0x0800be64   0x0000001e   Code   RO         7980    i.SemaphoreTokenIncrement  rtx_semaphore.o
    0x0800be82   0x0800be82   0x00000002   PAD
    0x0800be84   0x0800be84   0x000000ec   Code   RO         1123    i.SetGimbalMotorOutput  gm_control_zs.o
    0x0800bf70   0x0800bf70   0x00000030   Code   RO          926    i.SetInputMode      remotetask.o
    0x0800bfa0   0x0800bfa0   0x000000ec   Code   RO         8808    i.SetSysClock       system_stm32f4xx.o
    0x0800c08c   0x0800c08c   0x00000064   Code   RO          619    i.Set_Holder_Position  canbus.o
    0x0800c0f0   0x0800c0f0   0x00000078   Code   RO          620    i.Set_Motor_Speed   canbus.o
    0x0800c168   0x0800c168   0x00000068   Code   RO         8810    i.SystemInit        system_stm32f4xx.o
    0x0800c1d0   0x0800c1d0   0x00000018   Code   RO         2082    i.TIM_ARRPreloadConfig  stm32f4xx_tim.o
    0x0800c1e8   0x0800c1e8   0x00000018   Code   RO         2094    i.TIM_Cmd           stm32f4xx_tim.o
    0x0800c200   0x0800c200   0x000000a4   Code   RO         2128    i.TIM_OC2Init       stm32f4xx_tim.o
    0x0800c2a4   0x0800c2a4   0x0000001a   Code   RO         2131    i.TIM_OC2PreloadConfig  stm32f4xx_tim.o
    0x0800c2be   0x0800c2be   0x00000002   PAD
    0x0800c2c0   0x0800c2c0   0x000000a0   Code   RO         2133    i.TIM_OC3Init       stm32f4xx_tim.o
    0x0800c360   0x0800c360   0x00000012   Code   RO         2136    i.TIM_OC3PreloadConfig  stm32f4xx_tim.o
    0x0800c372   0x0800c372   0x00000002   PAD
    0x0800c374   0x0800c374   0x00000078   Code   RO         2138    i.TIM_OC4Init       stm32f4xx_tim.o
    0x0800c3ec   0x0800c3ec   0x0000001a   Code   RO         2140    i.TIM_OC4PreloadConfig  stm32f4xx_tim.o
    0x0800c406   0x0800c406   0x00000014   Code   RO         2141    i.TIM_OCStructInit  stm32f4xx_tim.o
    0x0800c41a   0x0800c41a   0x00000002   PAD
    0x0800c41c   0x0800c41c   0x00000084   Code   RO         2166    i.TIM_TimeBaseInit  stm32f4xx_tim.o
    0x0800c4a0   0x0800c4a0   0x00000012   Code   RO         2167    i.TIM_TimeBaseStructInit  stm32f4xx_tim.o
    0x0800c4b2   0x0800c4b2   0x00000002   PAD
    0x0800c4b4   0x0800c4b4   0x00000058   Code   RO          592    i.Task_CANSend      can_task.o
    0x0800c50c   0x0800c50c   0x00000056   Code   RO         8156    i.ThreadFlagsCheck  rtx_thread.o
    0x0800c562   0x0800c562   0x00000002   PAD
    0x0800c564   0x0800c564   0x00000040   Code   RO         8573    i.TimerInsert       rtx_timer.o
    0x0800c5a4   0x0800c5a4   0x00000018   Code   RO         8575    i.TimerUnlink       rtx_timer.o
    0x0800c5bc   0x0800c5bc   0x00000038   Code   RO          733    i.UART_Data_Learn_ZS  uart_send_zs.o
    0x0800c5f4   0x0800c5f4   0x0000001e   Code   RO          836    i.UART_PutChar      usart_wave_shanwai.o
    0x0800c612   0x0800c612   0x00000002   PAD
    0x0800c614   0x0800c614   0x000000d0   Code   RO          734    i.UART_SendFloat_ZS  uart_send_zs.o
    0x0800c6e4   0x0800c6e4   0x0000001e   Code   RO          735    i.UART_Send_ByteArray_ZS  uart_send_zs.o
    0x0800c702   0x0800c702   0x0000001e   Code   RO          736    i.UART_Send_Byte_ZS  uart_send_zs.o
    0x0800c720   0x0800c720   0x00000018   Code   RO          737    i.UART_Send_Enter_ZS  uart_send_zs.o
    0x0800c738   0x0800c738   0x00000060   Code   RO          739    i.UART_Send_Uint16_ZS  uart_send_zs.o
    0x0800c798   0x0800c798   0x00000120   Code   RO          697    i.USART1_Configuration  usartrevicer.o
    0x0800c8b8   0x0800c8b8   0x000000d8   Code   RO          698    i.USART1_IRQHandler  usartrevicer.o
    0x0800c990   0x0800c990   0x00000400   Code   RO          884    i.USART6_IRQHandler  usart_pc.o
    0x0800cd90   0x0800cd90   0x00000018   Code   RO         3151    i.USART_Cmd         stm32f4xx_usart.o
    0x0800cda8   0x0800cda8   0x00000012   Code   RO         3152    i.USART_DMACmd      stm32f4xx_usart.o
    0x0800cdba   0x0800cdba   0x00000002   PAD
    0x0800cdbc   0x0800cdbc   0x000000f0   Code   RO         3153    i.USART_DeInit      stm32f4xx_usart.o
    0x0800ceac   0x0800ceac   0x0000001a   Code   RO         3154    i.USART_GetFlagStatus  stm32f4xx_usart.o
    0x0800cec6   0x0800cec6   0x00000054   Code   RO         3155    i.USART_GetITStatus  stm32f4xx_usart.o
    0x0800cf1a   0x0800cf1a   0x0000004a   Code   RO         3157    i.USART_ITConfig    stm32f4xx_usart.o
    0x0800cf64   0x0800cf64   0x000000d4   Code   RO         3158    i.USART_Init        stm32f4xx_usart.o
    0x0800d038   0x0800d038   0x00000008   Code   RO         3168    i.USART_SendData    stm32f4xx_usart.o
    0x0800d040   0x0800d040   0x00000018   Code   RO         3174    i.USART_StructInit  stm32f4xx_usart.o
    0x0800d058   0x0800d058   0x000000ca   Code   RO         4375    i._MLPrintLog       log_stm32.o
    0x0800d122   0x0800d122   0x00000030   Code   RO         9501    i.__ARM_fpclassify  m_wm.l(fpclassify.o)
    0x0800d152   0x0800d152   0x00000026   Code   RO         9503    i.__ARM_fpclassifyf  m_wm.l(fpclassifyf.o)
    0x0800d178   0x0800d178   0x00000118   Code   RO         9165    i.__hardfp_acosf    m_wm.l(acosf.o)
    0x0800d290   0x0800d290   0x00000250   Code   RO         9229    i.__hardfp_atan2f   m_wm.l(atan2f.o)
    0x0800d4e0   0x0800d4e0   0x000000c8   Code   RO         9247    i.__hardfp_cos      m_wm.l(cos.o)
    0x0800d5a8   0x0800d5a8   0x00000150   Code   RO         9259    i.__hardfp_cosf     m_wm.l(cosf.o)
    0x0800d6f8   0x0800d6f8   0x00000014   Code   RO         9271    i.__hardfp_fabs     m_wm.l(fabs.o)
    0x0800d70c   0x0800d70c   0x00000004   PAD
    0x0800d710   0x0800d710   0x000003c4   Code   RO         9283    i.__hardfp_log      m_wm.l(log.o)
    0x0800dad4   0x0800dad4   0x00000190   Code   RO         9323    i.__hardfp_sinf     m_wm.l(sinf.o)
    0x0800dc64   0x0800dc64   0x0000007a   Code   RO         9335    i.__hardfp_sqrt     m_wm.l(sqrt.o)
    0x0800dcde   0x0800dcde   0x0000003a   Code   RO         9347    i.__hardfp_sqrtf    m_wm.l(sqrtf.o)
    0x0800dd18   0x0800dd18   0x00000438   Code   RO         9522    i.__ieee754_rem_pio2  m_wm.l(rred.o)
    0x0800e150   0x0800e150   0x00000170   Code   RO         9484    i.__kernel_cos      m_wm.l(cos_i.o)
    0x0800e2c0   0x0800e2c0   0x000000f8   Code   RO         9519    i.__kernel_poly     m_wm.l(poly.o)
    0x0800e3b8   0x0800e3b8   0x00000130   Code   RO         9530    i.__kernel_sin      m_wm.l(sin_i.o)
    0x0800e4e8   0x0800e4e8   0x00000030   Code   RO         9487    i.__mathlib_dbl_divzero  m_wm.l(dunder.o)
    0x0800e518   0x0800e518   0x00000014   Code   RO         9488    i.__mathlib_dbl_infnan  m_wm.l(dunder.o)
    0x0800e52c   0x0800e52c   0x00000004   PAD
    0x0800e530   0x0800e530   0x00000020   Code   RO         9490    i.__mathlib_dbl_invalid  m_wm.l(dunder.o)
    0x0800e550   0x0800e550   0x00000020   Code   RO         9493    i.__mathlib_dbl_underflow  m_wm.l(dunder.o)
    0x0800e570   0x0800e570   0x00000006   Code   RO         9506    i.__mathlib_flt_infnan  m_wm.l(funder.o)
    0x0800e576   0x0800e576   0x00000006   Code   RO         9507    i.__mathlib_flt_infnan2  m_wm.l(funder.o)
    0x0800e57c   0x0800e57c   0x00000010   Code   RO         9508    i.__mathlib_flt_invalid  m_wm.l(funder.o)
    0x0800e58c   0x0800e58c   0x00000010   Code   RO         9511    i.__mathlib_flt_underflow  m_wm.l(funder.o)
    0x0800e59c   0x0800e59c   0x00000154   Code   RO         9527    i.__mathlib_rredf2  m_wm.l(rredf.o)
    0x0800e6f0   0x0800e6f0   0x00000034   Code   RO         5439    i.__print_result_location  mpl.o
    0x0800e724   0x0800e724   0x00000058   Code   RO         7400    i.__user_perthread_libspace  rtx_lib.o
    0x0800e77c   0x0800e77c   0x0000000e   Code   RO         9422    i._is_digit         c_w.l(__printf_wp.o)
    0x0800e78a   0x0800e78a   0x00000016   Code   RO         7401    i._mutex_acquire    rtx_lib.o
    0x0800e7a0   0x0800e7a0   0x0000000c   Code   RO         7402    i._mutex_free       rtx_lib.o
    0x0800e7ac   0x0800e7ac   0x00000022   Code   RO         7403    i._mutex_initialize  rtx_lib.o
    0x0800e7ce   0x0800e7ce   0x00000012   Code   RO         7404    i._mutex_release    rtx_lib.o
    0x0800e7e0   0x0800e7e0   0x00000008   Code   RO         7405    i._platform_post_stackheap_init  rtx_lib.o
    0x0800e7e8   0x0800e7e8   0x00000064   Code   RO         4181    i.decode_gesture    inv_mpu_dmp_motion_driver.o
    0x0800e84c   0x0800e84c   0x0000001c   Code   RO          274    i.delay_ms          delay.o
    0x0800e868   0x0800e868   0x0000001a   Code   RO          275    i.delay_us          delay.o
    0x0800e882   0x0800e882   0x0000003c   Code   RO         4182    i.dmp_enable_6x_lp_quat  inv_mpu_dmp_motion_driver.o
    0x0800e8be   0x0800e8be   0x00000002   PAD
    0x0800e8c0   0x0800e8c0   0x0000021c   Code   RO         4183    i.dmp_enable_feature  inv_mpu_dmp_motion_driver.o
    0x0800eadc   0x0800eadc   0x00000058   Code   RO         4184    i.dmp_enable_gyro_cal  inv_mpu_dmp_motion_driver.o
    0x0800eb34   0x0800eb34   0x0000003c   Code   RO         4185    i.dmp_enable_lp_quat  inv_mpu_dmp_motion_driver.o
    0x0800eb70   0x0800eb70   0x00000018   Code   RO         4190    i.dmp_load_motion_driver_firmware  inv_mpu_dmp_motion_driver.o
    0x0800eb88   0x0800eb88   0x000001cc   Code   RO         4191    i.dmp_read_fifo     inv_mpu_dmp_motion_driver.o
    0x0800ed54   0x0800ed54   0x00000070   Code   RO         4195    i.dmp_set_fifo_rate  inv_mpu_dmp_motion_driver.o
    0x0800edc4   0x0800edc4   0x00000138   Code   RO         4198    i.dmp_set_orientation  inv_mpu_dmp_motion_driver.o
    0x0800eefc   0x0800eefc   0x00000038   Code   RO         4201    i.dmp_set_shake_reject_thresh  inv_mpu_dmp_motion_driver.o
    0x0800ef34   0x0800ef34   0x00000026   Code   RO         4202    i.dmp_set_shake_reject_time  inv_mpu_dmp_motion_driver.o
    0x0800ef5a   0x0800ef5a   0x00000026   Code   RO         4203    i.dmp_set_shake_reject_timeout  inv_mpu_dmp_motion_driver.o
    0x0800ef80   0x0800ef80   0x00000046   Code   RO         4204    i.dmp_set_tap_axes  inv_mpu_dmp_motion_driver.o
    0x0800efc6   0x0800efc6   0x00000026   Code   RO         4205    i.dmp_set_tap_count  inv_mpu_dmp_motion_driver.o
    0x0800efec   0x0800efec   0x000001c0   Code   RO         4206    i.dmp_set_tap_thresh  inv_mpu_dmp_motion_driver.o
    0x0800f1ac   0x0800f1ac   0x00000026   Code   RO         4207    i.dmp_set_tap_time  inv_mpu_dmp_motion_driver.o
    0x0800f1d2   0x0800f1d2   0x00000026   Code   RO         4208    i.dmp_set_tap_time_multi  inv_mpu_dmp_motion_driver.o
    0x0800f1f8   0x0800f1f8   0x00000018   Code   RO         9273    i.fabs              m_wm.l(fabs.o)
    0x0800f210   0x0800f210   0x0000001a   Code   RO         9090    i.fputc             c_w.l(fputc.o)
    0x0800f22a   0x0800f22a   0x00000074   Code   RO         3476    i.i2cReadBuffer     mpu6050_i2c.o
    0x0800f29e   0x0800f29e   0x0000005e   Code   RO         3477    i.i2cWriteBuffer    mpu6050_i2c.o
    0x0800f2fc   0x0800f2fc   0x00000026   Code   RO         3478    i.i2cread           mpu6050_i2c.o
    0x0800f322   0x0800f322   0x00000026   Code   RO         3479    i.i2cwrite          mpu6050_i2c.o
    0x0800f348   0x0800f348   0x0000006a   Code   RO         4506    i.inv_apply_calibration  data_builder.o
    0x0800f3b2   0x0800f3b2   0x00000002   PAD
    0x0800f3b4   0x0800f3b4   0x0000008c   Code   RO         4507    i.inv_build_accel   data_builder.o
    0x0800f440   0x0800f440   0x000000b0   Code   RO         4508    i.inv_build_compass  data_builder.o
    0x0800f4f0   0x0800f4f0   0x00000038   Code   RO         4509    i.inv_build_gyro    data_builder.o
    0x0800f528   0x0800f528   0x0000002c   Code   RO         4511    i.inv_build_temp    data_builder.o
    0x0800f554   0x0800f554   0x000000b0   Code   RO         5082    i.inv_compass_angle  ml_math_func.o
    0x0800f604   0x0800f604   0x00000072   Code   RO         5084    i.inv_convert_to_body_with_scale  ml_math_func.o
    0x0800f676   0x0800f676   0x00000002   PAD
    0x0800f678   0x0800f678   0x00000050   Code   RO         4513    i.inv_db_load_func  data_builder.o
    0x0800f6c8   0x0800f6c8   0x00000018   Code   RO         4514    i.inv_db_save_func  data_builder.o
    0x0800f6e0   0x0800f6e0   0x00000010   Code   RO         4515    i.inv_disable_compass_soft_iron_matrix  data_builder.o
    0x0800f6f0   0x0800f6f0   0x0000001c   Code   RO         4418    i.inv_enable_eMPL_outputs  empl_outputs.o
    0x0800f70c   0x0800f70c   0x00000020   Code   RO         5477    i.inv_enable_results_holder  results_holder.o
    0x0800f72c   0x0800f72c   0x0000002c   Code   RO         5712    i.inv_execute_mpl_start_notification  start_manager.o
    0x0800f758   0x0800f758   0x000000a0   Code   RO         4517    i.inv_execute_on_data  data_builder.o
    0x0800f7f8   0x0800f7f8   0x000000f0   Code   RO         4419    i.inv_generate_eMPL_outputs  empl_outputs.o
    0x0800f8e8   0x0800f8e8   0x00000010   Code   RO         5478    i.inv_generate_results  results_holder.o
    0x0800f8f8   0x0800f8f8   0x00000018   Code   RO         5479    i.inv_get_6axis_quaternion  results_holder.o
    0x0800f910   0x0800f910   0x0000000c   Code   RO         5480    i.inv_get_acc_state  results_holder.o
    0x0800f91c   0x0800f91c   0x0000000c   Code   RO         4518    i.inv_get_accel_accuracy  data_builder.o
    0x0800f928   0x0800f928   0x00000010   Code   RO         4520    i.inv_get_accel_on  data_builder.o
    0x0800f938   0x0800f938   0x0000002c   Code   RO         4524    i.inv_get_accel_set  data_builder.o
    0x0800f964   0x0800f964   0x00000018   Code   RO         4525    i.inv_get_compass_bias  data_builder.o
    0x0800f97c   0x0800f97c   0x00000018   Code   RO         5484    i.inv_get_compass_correction  results_holder.o
    0x0800f994   0x0800f994   0x00000010   Code   RO         4527    i.inv_get_compass_on  data_builder.o
    0x0800f9a4   0x0800f9a4   0x0000001c   Code   RO         4534    i.inv_get_compass_soft_iron_output_data  data_builder.o
    0x0800f9c0   0x0800f9c0   0x0000000c   Code   RO         5485    i.inv_get_compass_state  results_holder.o
    0x0800f9cc   0x0800f9cc   0x00000060   Code   RO         5486    i.inv_get_gravity   results_holder.o
    0x0800fa2c   0x0800fa2c   0x00000010   Code   RO         4535    i.inv_get_gyro      data_builder.o
    0x0800fa3c   0x0800fa3c   0x0000000c   Code   RO         4536    i.inv_get_gyro_accuracy  data_builder.o
    0x0800fa48   0x0800fa48   0x00000024   Code   RO         4537    i.inv_get_gyro_bias  data_builder.o
    0x0800fa6c   0x0800fa6c   0x00000020   Code   RO         4538    i.inv_get_gyro_bias_tc_set  data_builder.o
    0x0800fa8c   0x0800fa8c   0x00000010   Code   RO         4539    i.inv_get_gyro_on   data_builder.o
    0x0800fa9c   0x0800fa9c   0x0000001c   Code   RO         5088    i.inv_get_gyro_sum_of_sqr  ml_math_func.o
    0x0800fab8   0x0800fab8   0x0000000c   Code   RO         5489    i.inv_get_large_mag_field  results_holder.o
    0x0800fac4   0x0800fac4   0x00000068   Code   RO         4545    i.inv_get_last_timestamp  data_builder.o
    0x0800fb2c   0x0800fb2c   0x0000003c   Code   RO         5490    i.inv_get_linear_accel  results_holder.o
    0x0800fb68   0x0800fb68   0x00000044   Code   RO         5491    i.inv_get_linear_accel_float  results_holder.o
    0x0800fbac   0x0800fbac   0x00000010   Code   RO         5492    i.inv_get_local_field  results_holder.o
    0x0800fbbc   0x0800fbbc   0x0000001c   Code   RO         4546    i.inv_get_mag_accuracy  data_builder.o
    0x0800fbd8   0x0800fbd8   0x00000014   Code   RO         5494    i.inv_get_motion_state  results_holder.o
    0x0800fbec   0x0800fbec   0x0000003c   Code   RO         5495    i.inv_get_quaternion  results_holder.o
    0x0800fc28   0x0800fc28   0x00000044   Code   RO         5497    i.inv_get_quaternion_set  results_holder.o
    0x0800fc6c   0x0800fc6c   0x00000220   Code   RO         4422    i.inv_get_sensor_type_euler  empl_outputs.o
    0x0800fe8c   0x0800fe8c   0x00000070   Code   RO         4958    i.inv_get_sensor_type_gravity  hal_outputs.o
    0x0800fefc   0x0800fefc   0x0000000c   Code   RO         5499    i.inv_got_compass_bias  results_holder.o
    0x0800ff08   0x0800ff08   0x0000003c   Code   RO         4549    i.inv_init_data_builder  data_builder.o
    0x0800ff44   0x0800ff44   0x00000014   Code   RO         4427    i.inv_init_eMPL_outputs  empl_outputs.o
    0x0800ff58   0x0800ff58   0x0000008c   Code   RO         5441    i.inv_init_mpl      mpl.o
    0x0800ffe4   0x0800ffe4   0x0000003c   Code   RO         5500    i.inv_init_results_holder  results_holder.o
    0x08010020   0x08010020   0x00000014   Code   RO         5713    i.inv_init_start_manager  start_manager.o
    0x08010034   0x08010034   0x00000018   Code   RO         5746    i.inv_init_storage_manager  storage_manager.o
    0x0801004c   0x0801004c   0x00000028   Code   RO         5097    i.inv_orientation_matrix_to_scalar  ml_math_func.o
    0x08010074   0x08010074   0x00000012   Code   RO         5098    i.inv_q29_mult      ml_math_func.o
    0x08010086   0x08010086   0x00000012   Code   RO         5100    i.inv_q30_mult      ml_math_func.o
    0x08010098   0x08010098   0x00000018   Code   RO         5102    i.inv_q30_to_float  ml_math_func.o
    0x080100b0   0x080100b0   0x00000024   Code   RO         5103    i.inv_q_add         ml_math_func.o
    0x080100d4   0x080100d4   0x00000042   Code   RO         5104    i.inv_q_addf        ml_math_func.o
    0x08010116   0x08010116   0x00000018   Code   RO         5105    i.inv_q_invert      ml_math_func.o
    0x0801012e   0x0801012e   0x0000002e   Code   RO         5106    i.inv_q_invertf     ml_math_func.o
    0x0801015c   0x0801015c   0x000000b2   Code   RO         5107    i.inv_q_mult        ml_math_func.o
    0x0801020e   0x0801020e   0x000000d2   Code   RO         5108    i.inv_q_multf       ml_math_func.o
    0x080102e0   0x080102e0   0x000000a8   Code   RO         5109    i.inv_q_norm4       ml_math_func.o
    0x08010388   0x08010388   0x00000134   Code   RO         5111    i.inv_q_normalizef  ml_math_func.o
    0x080104bc   0x080104bc   0x00000042   Code   RO         5112    i.inv_q_rotate      ml_math_func.o
    0x080104fe   0x080104fe   0x000000da   Code   RO         5114    i.inv_quaternion_to_rotation  ml_math_func.o
    0x080105d8   0x080105d8   0x000000f8   Code   RO         4552    i.inv_register_data_cb  data_builder.o
    0x080106d0   0x080106d0   0x00000090   Code   RO         5748    i.inv_register_load_store  storage_manager.o
    0x08010760   0x08010760   0x0000002c   Code   RO         5714    i.inv_register_mpl_start_notification  start_manager.o
    0x0801078c   0x0801078c   0x00000058   Code   RO         4553    i.inv_reset_compass_soft_iron_matrix  data_builder.o
    0x080107e4   0x080107e4   0x0000004e   Code   RO         5116    i.inv_row_2_scale   ml_math_func.o
    0x08010832   0x08010832   0x00000002   PAD
    0x08010834   0x08010834   0x00000024   Code   RO         4554    i.inv_set_accel_accuracy  data_builder.o
    0x08010858   0x08010858   0x0000000c   Code   RO         5503    i.inv_set_accel_bias_found  results_holder.o
    0x08010864   0x08010864   0x00000060   Code   RO         4557    i.inv_set_accel_bias_mask  data_builder.o
    0x080108c4   0x080108c4   0x00000018   Code   RO         4558    i.inv_set_accel_orientation_and_scale  data_builder.o
    0x080108dc   0x080108dc   0x0000002c   Code   RO         4559    i.inv_set_accel_sample_rate  data_builder.o
    0x08010908   0x08010908   0x0000004c   Code   RO         4561    i.inv_set_compass_bias  data_builder.o
    0x08010954   0x08010954   0x00000014   Code   RO         5504    i.inv_set_compass_bias_error  results_holder.o
    0x08010968   0x08010968   0x0000000c   Code   RO         5505    i.inv_set_compass_bias_found  results_holder.o
    0x08010974   0x08010974   0x00000024   Code   RO         5506    i.inv_set_compass_correction  results_holder.o
    0x08010998   0x08010998   0x0000000c   Code   RO         4562    i.inv_set_compass_disturbance  data_builder.o
    0x080109a4   0x080109a4   0x00000018   Code   RO         4563    i.inv_set_compass_orientation_and_scale  data_builder.o
    0x080109bc   0x080109bc   0x00000030   Code   RO         4564    i.inv_set_compass_sample_rate  data_builder.o
    0x080109ec   0x080109ec   0x00000054   Code   RO         4565    i.inv_set_compass_soft_iron_input_data  data_builder.o
    0x08010a40   0x08010a40   0x0000000c   Code   RO         5507    i.inv_set_compass_state  results_holder.o
    0x08010a4c   0x08010a4c   0x00000120   Code   RO         4568    i.inv_set_contiguous  data_builder.o
    0x08010b6c   0x08010b6c   0x00000074   Code   RO         4570    i.inv_set_gyro_bias  data_builder.o
    0x08010be0   0x08010be0   0x00000018   Code   RO         4571    i.inv_set_gyro_orientation_and_scale  data_builder.o
    0x08010bf8   0x08010bf8   0x00000028   Code   RO         4572    i.inv_set_gyro_sample_rate  data_builder.o
    0x08010c20   0x08010c20   0x0000001c   Code   RO         5057    i.inv_set_message   message_layer.o
    0x08010c3c   0x08010c3c   0x00000050   Code   RO         5512    i.inv_set_motion_state  results_holder.o
    0x08010c8c   0x08010c8c   0x00000014   Code   RO         4428    i.inv_start_eMPL_outputs  empl_outputs.o
    0x08010ca0   0x08010ca0   0x00000048   Code   RO         5442    i.inv_start_mpl     mpl.o
    0x08010ce8   0x08010ce8   0x00000018   Code   RO         5513    i.inv_start_results_holder  results_holder.o
    0x08010d00   0x08010d00   0x00000024   Code   RO         5514    i.inv_store_gaming_quaternion  results_holder.o
    0x08010d24   0x08010d24   0x00000064   Code   RO         4575    i.inv_unregister_data_cb  data_builder.o
    0x08010d88   0x08010d88   0x00000060   Code   RO         5715    i.inv_unregister_mpl_start_notification  start_manager.o
    0x08010de8   0x08010de8   0x00000082   Code   RO         7697    i.isrRtxMessageQueueGet  rtx_msgqueue.o
    0x08010e6a   0x08010e6a   0x00000086   Code   RO         7698    i.isrRtxMessageQueuePut  rtx_msgqueue.o
    0x08010ef0   0x08010ef0   0x00000058   Code   RO         7981    i.isrRtxSemaphoreRelease  rtx_semaphore.o
    0x08010f48   0x08010f48   0x00000034   Code   RO         8098    i.isr_queue_get     rtx_system.o
    0x08010f7c   0x08010f7c   0x0000003c   Code   RO         8099    i.isr_queue_put     rtx_system.o
    0x08010fb8   0x08010fb8   0x00000008   Code   RO          246    i.main              main.o
    0x08010fc0   0x08010fc0   0x00000002   Code   RO         3726    i.mget_ms           inv_mpu.o
    0x08010fc2   0x08010fc2   0x0000003e   Code   RO         5121    i.mlMatrixVectorMult  ml_math_func.o
    0x08011000   0x08011000   0x00000070   Code   RO         3727    i.mpu_configure_fifo  inv_mpu.o
    0x08011070   0x08011070   0x0000015c   Code   RO         3729    i.mpu_dmp_init      inv_mpu.o
    0x080111cc   0x080111cc   0x0000004c   Code   RO         3730    i.mpu_get_accel_fsr  inv_mpu.o
    0x08011218   0x08011218   0x00000014   Code   RO         3733    i.mpu_get_compass_fsr  inv_mpu.o
    0x0801122c   0x0801122c   0x000000d0   Code   RO         3734    i.mpu_get_compass_reg  inv_mpu.o
    0x080112fc   0x080112fc   0x00000044   Code   RO         3738    i.mpu_get_gyro_fsr  inv_mpu.o
    0x08011340   0x08011340   0x00000020   Code   RO         3744    i.mpu_get_sample_rate  inv_mpu.o
    0x08011360   0x08011360   0x0000009c   Code   RO         3745    i.mpu_get_temperature  inv_mpu.o
    0x080113fc   0x080113fc   0x0000012c   Code   RO         3746    i.mpu_init          inv_mpu.o
    0x08011528   0x08011528   0x000000b8   Code   RO         3747    i.mpu_load_firmware  inv_mpu.o
    0x080115e0   0x080115e0   0x0000011c   Code   RO         3748    i.mpu_lp_accel_mode  inv_mpu.o
    0x080116fc   0x080116fc   0x000000f0   Code   RO         3750    i.mpu_mpl_get_data  inv_mpu.o
    0x080117ec   0x080117ec   0x000000c0   Code   RO         3755    i.mpu_read_fifo_stream  inv_mpu.o
    0x080118ac   0x080118ac   0x00000080   Code   RO         3756    i.mpu_read_mem      inv_mpu.o
    0x0801192c   0x0801192c   0x000001c8   Code   RO         3759    i.mpu_reset_fifo    inv_mpu.o
    0x08011af4   0x08011af4   0x00000084   Code   RO         3764    i.mpu_set_accel_fsr  inv_mpu.o
    0x08011b78   0x08011b78   0x0000014c   Code   RO         3765    i.mpu_set_bypass    inv_mpu.o
    0x08011cc4   0x08011cc4   0x00000060   Code   RO         3766    i.mpu_set_compass_sample_rate  inv_mpu.o
    0x08011d24   0x08011d24   0x00000090   Code   RO         3767    i.mpu_set_dmp_state  inv_mpu.o
    0x08011db4   0x08011db4   0x00000088   Code   RO         3769    i.mpu_set_gyro_fsr  inv_mpu.o
    0x08011e3c   0x08011e3c   0x0000006c   Code   RO         3770    i.mpu_set_int_latched  inv_mpu.o
    0x08011ea8   0x08011ea8   0x00000084   Code   RO         3772    i.mpu_set_lpf       inv_mpu.o
    0x08011f2c   0x08011f2c   0x000000b4   Code   RO         3773    i.mpu_set_sample_rate  inv_mpu.o
    0x08011fe0   0x08011fe0   0x00000168   Code   RO         3774    i.mpu_set_sensors   inv_mpu.o
    0x08012148   0x08012148   0x00000080   Code   RO         3775    i.mpu_write_mem     inv_mpu.o
    0x080121c8   0x080121c8   0x0000003c   Code   RO         5943    i.osDelay           rtx_delay.o
    0x08012204   0x08012204   0x00000030   Code   RO         7188    i.osKernelGetState  rtx_kernel.o
    0x08012234   0x08012234   0x00000038   Code   RO         7193    i.osKernelInitialize  rtx_kernel.o
    0x0801226c   0x0801226c   0x00000034   Code   RO         7197    i.osKernelStart     rtx_kernel.o
    0x080122a0   0x080122a0   0x00000054   Code   RO         7700    i.osMessageQueueGet  rtx_msgqueue.o
    0x080122f4   0x080122f4   0x0000004c   Code   RO         7706    i.osMessageQueueNew  rtx_msgqueue.o
    0x08012340   0x08012340   0x00000054   Code   RO         7707    i.osMessageQueuePut  rtx_msgqueue.o
    0x08012394   0x08012394   0x00000044   Code   RO         7872    i.osMutexAcquire    rtx_mutex.o
    0x080123d8   0x080123d8   0x0000003c   Code   RO         7873    i.osMutexDelete     rtx_mutex.o
    0x08012414   0x08012414   0x0000003c   Code   RO         7876    i.osMutexNew        rtx_mutex.o
    0x08012450   0x08012450   0x0000003c   Code   RO         7877    i.osMutexRelease    rtx_mutex.o
    0x0801248c   0x0801248c   0x00000020   Code   RO         8771    i.osRtxErrorNotify  rtx_config.o
    0x080124ac   0x080124ac   0x00000004   Code   RO         8772    i.osRtxIdleThread   rtx_config.o
    0x080124b0   0x080124b0   0x0000000c   Code   RO         8160    i.osRtxKernelGetState  rtx_thread.o
    0x080124bc   0x080124bc   0x00000002   Code   RO         7406    i.osRtxKernelPreInit  rtx_lib.o
    0x080124be   0x080124be   0x000000ee   Code   RO         7483    i.osRtxMemoryAlloc  rtx_memory.o
    0x080125ac   0x080125ac   0x0000007c   Code   RO         7484    i.osRtxMemoryFree   rtx_memory.o
    0x08012628   0x08012628   0x0000006a   Code   RO         7485    i.osRtxMemoryInit   rtx_memory.o
    0x08012692   0x08012692   0x00000030   Code   RO         7542    i.osRtxMemoryPoolAlloc  rtx_mempool.o
    0x080126c2   0x080126c2   0x00000044   Code   RO         7543    i.osRtxMemoryPoolFree  rtx_mempool.o
    0x08012706   0x08012706   0x00000058   Code   RO         7544    i.osRtxMemoryPoolInit  rtx_mempool.o
    0x0801275e   0x0801275e   0x00000110   Code   RO         7709    i.osRtxMessageQueuePostProcess  rtx_msgqueue.o
    0x0801286e   0x0801286e   0x0000005e   Code   RO         7878    i.osRtxMutexOwnerRelease  rtx_mutex.o
    0x080128cc   0x080128cc   0x00000084   Code   RO         8100    i.osRtxPendSV_Handler  rtx_system.o
    0x08012950   0x08012950   0x0000003c   Code   RO         8101    i.osRtxPostProcess  rtx_system.o
    0x0801298c   0x0801298c   0x00000032   Code   RO         7982    i.osRtxSemaphorePostProcess  rtx_semaphore.o
    0x080129be   0x080129be   0x00000002   PAD
    0x080129c0   0x080129c0   0x00000040   Code   RO         8161    i.osRtxThreadBlock  rtx_thread.o
    0x08012a00   0x08012a00   0x00000068   Code   RO         8162    i.osRtxThreadDelayInsert  rtx_thread.o
    0x08012a68   0x08012a68   0x00000074   Code   RO         8163    i.osRtxThreadDelayRemove  rtx_thread.o
    0x08012adc   0x08012adc   0x000000dc   Code   RO         8164    i.osRtxThreadDelayTick  rtx_thread.o
    0x08012bb8   0x08012bb8   0x00000070   Code   RO         8165    i.osRtxThreadDispatch  rtx_thread.o
    0x08012c28   0x08012c28   0x00000064   Code   RO         8166    i.osRtxThreadFree   rtx_thread.o
    0x08012c8c   0x08012c8c   0x0000000c   Code   RO         8167    i.osRtxThreadGetRunning  rtx_thread.o
    0x08012c98   0x08012c98   0x0000001c   Code   RO         8168    i.osRtxThreadListGet  rtx_thread.o
    0x08012cb4   0x08012cb4   0x00000032   Code   RO         8169    i.osRtxThreadListPut  rtx_thread.o
    0x08012ce6   0x08012ce6   0x0000001a   Code   RO         8170    i.osRtxThreadListRemove  rtx_thread.o
    0x08012d00   0x08012d00   0x00000012   Code   RO         8171    i.osRtxThreadListRoot  rtx_thread.o
    0x08012d12   0x08012d12   0x0000002a   Code   RO         8172    i.osRtxThreadListSort  rtx_thread.o
    0x08012d3c   0x08012d3c   0x00000032   Code   RO         8174    i.osRtxThreadPostProcess  rtx_thread.o
    0x08012d6e   0x08012d6e   0x00000002   PAD
    0x08012d70   0x08012d70   0x00000018   Code   RO         8175    i.osRtxThreadReadyPut  rtx_thread.o
    0x08012d88   0x08012d88   0x00000018   Code   RO         8176    i.osRtxThreadRegPtr  rtx_thread.o
    0x08012da0   0x08012da0   0x0000000c   Code   RO         8177    i.osRtxThreadSetRunning  rtx_thread.o
    0x08012dac   0x08012dac   0x0000002c   Code   RO         8178    i.osRtxThreadStackCheck  rtx_thread.o
    0x08012dd8   0x08012dd8   0x00000060   Code   RO         8179    i.osRtxThreadStartup  rtx_thread.o
    0x08012e38   0x08012e38   0x0000001c   Code   RO         8180    i.osRtxThreadSwitch  rtx_thread.o
    0x08012e54   0x08012e54   0x00000054   Code   RO         8181    i.osRtxThreadWaitEnter  rtx_thread.o
    0x08012ea8   0x08012ea8   0x00000036   Code   RO         8182    i.osRtxThreadWaitExit  rtx_thread.o
    0x08012ede   0x08012ede   0x00000002   PAD
    0x08012ee0   0x08012ee0   0x000000a0   Code   RO         8102    i.osRtxTick_Handler  rtx_system.o
    0x08012f80   0x08012f80   0x00000058   Code   RO         8576    i.osRtxTimerThread  rtx_timer.o
    0x08012fd8   0x08012fd8   0x0000005c   Code   RO         8577    i.osRtxTimerTick    rtx_timer.o
    0x08013034   0x08013034   0x00000084   Code   RO         7983    i.osSemaphoreAcquire  rtx_semaphore.o
    0x080130b8   0x080130b8   0x0000004c   Code   RO         7987    i.osSemaphoreNew    rtx_semaphore.o
    0x08013104   0x08013104   0x00000038   Code   RO         7988    i.osSemaphoreRelease  rtx_semaphore.o
    0x0801313c   0x0801313c   0x00000018   Code   RO         5806    i.osThreadCreate    cmsis_os1.o
    0x08013154   0x08013154   0x00000020   Code   RO         8185    i.osThreadExit      rtx_thread.o
    0x08013174   0x08013174   0x0000002c   Code   RO         8191    i.osThreadGetId     rtx_thread.o
    0x080131a0   0x080131a0   0x0000004c   Code   RO         8198    i.osThreadNew       rtx_thread.o
    0x080131ec   0x080131ec   0x00000020   Code   RO         7407    i.os_kernel_is_active  rtx_lib.o
    0x0801320c   0x0801320c   0x00000090   Code   RO         3777    i.set_int_enable    inv_mpu.o
    0x0801329c   0x0801329c   0x00000006   Code   RO         4576    i.set_sensor_orientation_and_scale  data_builder.o
    0x080132a2   0x080132a2   0x00000002   PAD
    0x080132a4   0x080132a4   0x00000238   Code   RO         3778    i.setup_compass     inv_mpu.o
    0x080134dc   0x080134dc   0x0000003e   Code   RO         9349    i.sqrtf             m_wm.l(sqrtf.o)
    0x0801351a   0x0801351a   0x00000018   Code   RO         5945    i.svcRtxDelay       rtx_delay.o
    0x08013532   0x08013532   0x00000002   PAD
    0x08013534   0x08013534   0x00000018   Code   RO         7202    i.svcRtxKernelGetState  rtx_kernel.o
    0x0801354c   0x0801354c   0x00000264   Code   RO         7207    i.svcRtxKernelInitialize  rtx_kernel.o
    0x080137b0   0x080137b0   0x000000e8   Code   RO         7211    i.svcRtxKernelStart  rtx_kernel.o
    0x08013898   0x08013898   0x00000140   Code   RO         7711    i.svcRtxMessageQueueGet  rtx_msgqueue.o
    0x080139d8   0x080139d8   0x00000194   Code   RO         7717    i.svcRtxMessageQueueNew  rtx_msgqueue.o
    0x08013b6c   0x08013b6c   0x00000128   Code   RO         7718    i.svcRtxMessageQueuePut  rtx_msgqueue.o
    0x08013c94   0x08013c94   0x0000010c   Code   RO         7879    i.svcRtxMutexAcquire  rtx_mutex.o
    0x08013da0   0x08013da0   0x000000ec   Code   RO         7880    i.svcRtxMutexDelete  rtx_mutex.o
    0x08013e8c   0x08013e8c   0x000000ac   Code   RO         7883    i.svcRtxMutexNew    rtx_mutex.o
    0x08013f38   0x08013f38   0x00000108   Code   RO         7884    i.svcRtxMutexRelease  rtx_mutex.o
    0x08014040   0x08014040   0x00000084   Code   RO         7989    i.svcRtxSemaphoreAcquire  rtx_semaphore.o
    0x080140c4   0x080140c4   0x000000d0   Code   RO         7993    i.svcRtxSemaphoreNew  rtx_semaphore.o
    0x08014194   0x08014194   0x0000007c   Code   RO         7994    i.svcRtxSemaphoreRelease  rtx_semaphore.o
    0x08014210   0x08014210   0x00000094   Code   RO         8206    i.svcRtxThreadExit  rtx_thread.o
    0x080142a4   0x080142a4   0x00000012   Code   RO         8212    i.svcRtxThreadGetId  rtx_thread.o
    0x080142b6   0x080142b6   0x00000002   PAD
    0x080142b8   0x080142b8   0x00000278   Code   RO         8219    i.svcRtxThreadNew   rtx_thread.o
    0x08014530   0x08014530   0x0000002c   Code   RO         9745    locale$$code        c_w.l(lc_numeric_c.o)
    0x0801455c   0x0801455c   0x0000002c   Code   RO         9826    locale$$code        c_w.l(lc_ctype_c.o)
    0x08014588   0x08014588   0x00000018   Code   RO         9459    x$fpl$basic         fz_wm.l(basic.o)
    0x080145a0   0x080145a0   0x00000062   Code   RO         9113    x$fpl$d2f           fz_wm.l(d2f.o)
    0x08014602   0x08014602   0x00000002   PAD
    0x08014604   0x08014604   0x00000150   Code   RO         9115    x$fpl$dadd          fz_wm.l(daddsub_clz.o)
    0x08014754   0x08014754   0x00000018   Code   RO         9461    x$fpl$dcmpinf       fz_wm.l(dcmpi.o)
    0x0801476c   0x0801476c   0x000002b0   Code   RO         9122    x$fpl$ddiv          fz_wm.l(ddiv.o)
    0x08014a1c   0x08014a1c   0x00000078   Code   RO         9125    x$fpl$deqf          fz_wm.l(deqf.o)
    0x08014a94   0x08014a94   0x0000005e   Code   RO         9127    x$fpl$dfix          fz_wm.l(dfix.o)
    0x08014af2   0x08014af2   0x0000002e   Code   RO         9132    x$fpl$dflt          fz_wm.l(dflt_clz.o)
    0x08014b20   0x08014b20   0x00000026   Code   RO         9131    x$fpl$dfltu         fz_wm.l(dflt_clz.o)
    0x08014b46   0x08014b46   0x00000002   PAD
    0x08014b48   0x08014b48   0x00000078   Code   RO         9137    x$fpl$dleqf         fz_wm.l(dleqf.o)
    0x08014bc0   0x08014bc0   0x00000154   Code   RO         9139    x$fpl$dmul          fz_wm.l(dmul.o)
    0x08014d14   0x08014d14   0x0000009c   Code   RO         9463    x$fpl$dnaninf       fz_wm.l(dnaninf.o)
    0x08014db0   0x08014db0   0x0000000c   Code   RO         9465    x$fpl$dretinf       fz_wm.l(dretinf.o)
    0x08014dbc   0x08014dbc   0x0000006c   Code   RO         9141    x$fpl$drleqf        fz_wm.l(drleqf.o)
    0x08014e28   0x08014e28   0x00000016   Code   RO         9116    x$fpl$drsb          fz_wm.l(daddsub_clz.o)
    0x08014e3e   0x08014e3e   0x00000002   PAD
    0x08014e40   0x08014e40   0x00000198   Code   RO         9467    x$fpl$dsqrt         fz_wm.l(dsqrt_umaal.o)
    0x08014fd8   0x08014fd8   0x000001d4   Code   RO         9117    x$fpl$dsub          fz_wm.l(daddsub_clz.o)
    0x080151ac   0x080151ac   0x00000056   Code   RO         9143    x$fpl$f2d           fz_wm.l(f2d.o)
    0x08015202   0x08015202   0x00000060   Code   RO         9149    x$fpl$ffltll        fz_wm.l(ffltll_clz.o)
    0x08015262   0x08015262   0x0000008c   Code   RO         9469    x$fpl$fnaninf       fz_wm.l(fnaninf.o)
    0x080152ee   0x080152ee   0x0000000a   Code   RO         9843    x$fpl$fpinit        fz_wm.l(fpinit.o)
    0x080152f8   0x080152f8   0x0000000a   Code   RO         9471    x$fpl$fretinf       fz_wm.l(fretinf.o)
    0x08015302   0x08015302   0x00000002   PAD
    0x08015304   0x08015304   0x00000086   Code   RO         9145    x$fpl$llsfromf      fz_wm.l(ffixll.o)
    0x0801538a   0x0801538a   0x00000004   Code   RO         9473    x$fpl$printf1       fz_wm.l(printf1.o)
    0x0801538e   0x0801538e   0x00000004   Code   RO         9475    x$fpl$printf2       fz_wm.l(printf2.o)
    0x08015392   0x08015392   0x00000000   Code   RO         9483    x$fpl$usenofp       fz_wm.l(usenofp.o)
    0x08015392   0x08015392   0x00000002   PAD
    0x08015394   0x08015394   0x00000104   Data   RO           10    .constdata          init.o
    0x08015498   0x08015498   0x00000268   Data   RO         3779    .constdata          inv_mpu.o
    0x08015700   0x08015700   0x00000bf6   Data   RO         4210    .constdata          inv_mpu_dmp_motion_driver.o
    0x080162f6   0x080162f6   0x0000002f   Data   RO         5443    .constdata          mpl.o
    0x08016325   0x08016325   0x00000003   PAD
    0x08016328   0x08016328   0x00000001   Data   RO         5932    .constdata          irq_cm4f.o
    0x08016329   0x08016329   0x00000003   PAD
    0x0801632c   0x0801632c   0x00000064   Data   RO         7414    .constdata          rtx_lib.o
    0x08016390   0x08016390   0x00000038   Data   RO         9286    .constdata          m_wm.l(log.o)
    0x080163c8   0x080163c8   0x00000008   Data   RO         9381    .constdata          c_w.l(_printf_wctomb.o)
    0x080163d0   0x080163d0   0x00000028   Data   RO         9410    .constdata          c_w.l(_printf_hex_int_ll_ptr.o)
    0x080163f8   0x080163f8   0x00000011   Data   RO         9430    .constdata          c_w.l(__printf_flags_ss_wp.o)
    0x08016409   0x08016409   0x00000007   PAD
    0x08016410   0x08016410   0x00000030   Data   RO         9485    .constdata          m_wm.l(cos_i.o)
    0x08016440   0x08016440   0x00000008   Data   RO         9521    .constdata          m_wm.l(qnan.o)
    0x08016448   0x08016448   0x000000c8   Data   RO         9524    .constdata          m_wm.l(rred.o)
    0x08016510   0x08016510   0x00000020   Data   RO         9528    .constdata          m_wm.l(rredf.o)
    0x08016530   0x08016530   0x00000028   Data   RO         9531    .constdata          m_wm.l(sin_i.o)
    0x08016558   0x08016558   0x00000026   Data   RO         9630    .constdata          c_w.l(_printf_fp_hex.o)
    0x0801657e   0x0801657e   0x00000002   PAD
    0x08016580   0x08016580   0x00000094   Data   RO         9706    .constdata          c_w.l(bigflt0.o)
    0x08016614   0x08016614   0x00000009   Data   RO         3780    .conststring        inv_mpu.o
    0x0801661d   0x0801661d   0x00000003   PAD
    0x08016620   0x08016620   0x00000044   Data   RO         4578    .conststring        data_builder.o
    0x08016664   0x08016664   0x0000000b   Data   RO         7214    .conststrlit        rtx_kernel.o
    0x0801666f   0x0801666f   0x00000001   PAD
    0x08016670   0x08016670   0x00000068   Data   RO         7416    .rodata             rtx_lib.o
    0x080166d8   0x080166d8   0x00000020   Data   RO         9931    Region$$Table       anon$$obj.o
    0x080166f8   0x080166f8   0x0000001c   Data   RO         9744    locale$$data        c_w.l(lc_numeric_c.o)
    0x08016714   0x08016714   0x00000110   Data   RO         9825    locale$$data        c_w.l(lc_ctype_c.o)


    Execution Region RW_IRAM1 (Exec base: 0x20000000, Load base: 0x08016824, Size: 0x00004c40, Max: 0x00020000, ABSOLUTE, COMPRESSED[0x000000bc])

    Exec Addr    Load Addr    Size         Type   Attr      Idx    E Section Name        Object

    0x20000000   COMPRESSED   0x00001040   Data   RW         7408    .bss.os             rtx_lib.o
    0x20001040   COMPRESSED   0x000001f0   Data   RW         7409    .bss.os.libspace    rtx_lib.o
    0x20001230   COMPRESSED   0x00000034   Data   RW            5    .bss.os.msgqueue.cb  init.o
    0x20001264   COMPRESSED   0x00000034   Data   RW         7410    .bss.os.msgqueue.cb  rtx_lib.o
    0x20001298   COMPRESSED   0x000000a0   Data   RW            6    .bss.os.msgqueue.mem  init.o
    0x20001338   COMPRESSED   0x00000050   Data   RW         7411    .bss.os.msgqueue.mem  rtx_lib.o
    0x20001388   COMPRESSED   0x00000020   Data   RW            7    .bss.os.semaphore.cb  init.o
    0x200013a8   COMPRESSED   0x00000154   Data   RW            8    .bss.os.thread.cb   init.o
    0x200014fc   COMPRESSED   0x00000088   Data   RW         7412    .bss.os.thread.cb   rtx_lib.o
    0x20001584   COMPRESSED   0x00000004   PAD
    0x20001588   COMPRESSED   0x00000f00   Data   RW            9    .bss.os.thread.stack  init.o
    0x20002488   COMPRESSED   0x00000200   Data   RW         7413    .bss.os.thread.stack  rtx_lib.o
    0x20002688   COMPRESSED   0x00000020   Data   RW           11    .data               init.o
    0x200026a8   COMPRESSED   0x00000008   Data   RW          453    .data               thread_zs.o
    0x200026b0   COMPRESSED   0x0000000c   Data   RW          507    .data               control_task.o
    0x200026bc   COMPRESSED   0x00000002   Data   RW          593    .data               can_task.o
    0x200026be   COMPRESSED   0x00000002   PAD
    0x200026c0   COMPRESSED   0x00000004   Data   RW          621    .data               canbus.o
    0x200026c4   COMPRESSED   0x00000008   Data   RW          700    .data               usartrevicer.o
    0x200026cc   COMPRESSED   0x00000002   Data   RW          742    .data               uart_send_zs.o
    0x200026ce   COMPRESSED   0x00000002   PAD
    0x200026d0   COMPRESSED   0x00000034   Data   RW          887    .data               usart_pc.o
    0x20002704   COMPRESSED   0x00000080   Data   RW          928    .data               remotetask.o
    0x20002784   COMPRESSED   0x00000005   Data   RW         1051    .data               chassis_control.o
    0x20002789   COMPRESSED   0x00000001   Data   RW         1094    .data               poke_control_zs.o
    0x2000278a   COMPRESSED   0x00000002   PAD
    0x2000278c   COMPRESSED   0x00000054   Data   RW         1153    .data               py_control_zs.o
    0x200027e0   COMPRESSED   0x00000006   Data   RW         1198    .data               friction_servo_control.o
    0x200027e6   COMPRESSED   0x00000010   Data   RW         1793    .data               stm32f4xx_rcc.o
    0x200027f6   COMPRESSED   0x00000002   PAD
    0x200027f8   COMPRESSED   0x0000001c   Data   RW         3607    .data               mpu9250.o
    0x20002814   COMPRESSED   0x0000004e   Data   RW         3781    .data               inv_mpu.o
    0x20002862   COMPRESSED   0x00000002   PAD
    0x20002864   COMPRESSED   0x00000004   Data   RW         5058    .data               message_layer.o
    0x20002868   COMPRESSED   0x00000005   Data   RW         7415    .data               rtx_lib.o
    0x2000286d   COMPRESSED   0x00000001   Data   RW         8706    .data               os_systick.o
    0x2000286e   COMPRESSED   0x00000002   PAD
    0x20002870   COMPRESSED   0x00000004   Data   RW         8812    .data               system_stm32f4xx.o
    0x20002874   COMPRESSED   0x00000010   Data   RW         8849    .data               libmpllib.lib(compass_vec_cal.o)
    0x20002884   COMPRESSED   0x000000a4   Data   RW         7215    .data.os            rtx_kernel.o
    0x20002928        -       0x00000020   Zero   RW          452    .bss                thread_zs.o
    0x20002948        -       0x0000003c   Zero   RW          699    .bss                usartrevicer.o
    0x20002984        -       0x00000016   Zero   RW          886    .bss                usart_pc.o
    0x2000299a        -       0x00000020   Zero   RW          927    .bss                remotetask.o
    0x200029ba   COMPRESSED   0x00000002   PAD
    0x200029bc        -       0x0000029c   Zero   RW         1015    .bss                encoder_zs.o
    0x20002c58        -       0x0000018c   Zero   RW         1050    .bss                chassis_control.o
    0x20002de4        -       0x00000068   Zero   RW         1093    .bss                poke_control_zs.o
    0x20002e4c        -       0x000000e0   Zero   RW         1152    .bss                py_control_zs.o
    0x20002f2c        -       0x00000084   Zero   RW         1388    .bss                pid_control_zs.o
    0x20002fb0        -       0x0000000e   Zero   RW         3606    .bss                mpu9250.o
    0x20002fbe   COMPRESSED   0x00000002   PAD
    0x20002fc0        -       0x00000010   Zero   RW         4209    .bss                inv_mpu_dmp_motion_driver.o
    0x20002fd0        -       0x00000028   Zero   RW         4430    .bss                empl_outputs.o
    0x20002ff8        -       0x000002d8   Zero   RW         4577    .bss                data_builder.o
    0x200032d0        -       0x000000c4   Zero   RW         4968    .bss                hal_outputs.o
    0x20003394        -       0x00000088   Zero   RW         5515    .bss                results_holder.o
    0x2000341c        -       0x00000054   Zero   RW         5716    .bss                start_manager.o
    0x20003470        -       0x00000198   Zero   RW         5750    .bss                storage_manager.o
    0x20003608        -       0x00000460   Zero   RW         8848    .bss                libmpllib.lib(compass_vec_cal.o)
    0x20003a68        -       0x000002a0   Zero   RW         8938    .bss                libmpllib.lib(fast_no_motion.o)
    0x20003d08        -       0x00000138   Zero   RW         8971    .bss                libmpllib.lib(fusion_9axis.o)
    0x20003e40        -       0x000001c4   Zero   RW         8993    .bss                libmpllib.lib(gyro_tc.o)
    0x20004004        -       0x000000b8   Zero   RW         9011    .bss                libmpllib.lib(mag_disturb.o)
    0x200040bc        -       0x0000006c   Zero   RW         9033    .bss                libmpllib.lib(quaternion_supervisor.o)
    0x20004128        -       0x000004b8   Zero   RW         9051    .bss                libmpllib.lib(accel_auto_cal.o)
    0x200045e0        -       0x00000060   Zero   RW         9652    .bss                c_w.l(libspace.o)
    0x20004640        -       0x00000200   Zero   RW         8799    HEAP                startup_stm32f405xx.o
    0x20004840        -       0x00000400   Zero   RW         8798    STACK               startup_stm32f405xx.o


==============================================================================

Image component sizes


      Code (inc. data)   RO Data    RW Data    ZI Data      Debug   Object Name

       292         20          0          0          0       1872   can1_init.o
        68         10          0          0          0       1075   can2_init.o
        88         18          0          2          0        627   can_task.o
      1080         92          0          4          0       3051   canbus.o
      2556        172          0          5        396       3583   chassis_control.o
        24          0          0          0          0      10481   cmsis_os1.o
       420         86          0         12          0       3039   control_task.o
      2600        286         68          0        728      27472   data_builder.o
        54          0          0          0          0       1166   delay.o
       852         44          0          0         40       8102   empl_outputs.o
       246         12          0          0        668       2911   encoder_zs.o
       288         50          0          6          0     228739   friction_servo_control.o
       236         28          0          0          0        591   gm_control_zs.o
       124         10          0          0          0        577   gpio_zs.o
       112          8          0          0        196       2110   hal_outputs.o
       172         52        260       4456          0     325351   init.o
        88          4          0          0          0        544   init_all.o
      5266        164        625         78          0      30786   inv_mpu.o
      2520        124       3062          0         16      19885   inv_mpu_dmp_motion_driver.o
       196         12          1          0          0        632   irq_cm4f.o
       202         10          0          0          0       4530   log_stm32.o
         8          0          0          0          0        455   main.o
        28          4          0          4          0       1282   message_layer.o
       140         24          0          0          0       1571   misc.o
      1878         24          0          0          0      14677   ml_math_func.o
       264         92         47          0          0       2664   mpl.o
       950         42          0          0          0       8675   mpu6050_i2c.o
       148         16          0          0          0       1170   mpu6050_interrupt.o
       784         46          0         28         14       8354   mpu9250.o
         0          0          0          0          0        384   mymath.o
       188          0          0          0          0       1782   nvic_zs.o
       142         24          0          1          0       2468   os_systick.o
       480         74          0          0        132       4037   pid_control_zs.o
       148         30          0          1        104        916   poke_control_zs.o
       764         48          0          0          0       2948   pwm_init_zs.o
       800        116          0         84        224       3452   py_control_zs.o
       212          0          0          0          0       5028   ramp_control_zs.o
      1184        142          0        128         32       6651   remotetask.o
       824        128          0          0        136      16345   results_holder.o
        36          6          0          0          0       1101   rtx_config.o
       124          4          0          0          0      10654   rtx_delay.o
       132          0          0          0          0      38959   rtx_evr.o
      1080         42         11        164          0      24265   rtx_kernel.o
       216         12        204       5441          0      13212   rtx_lib.o
       478          0          0          0          0       4163   rtx_memory.o
       532          0          0          0          0       3991   rtx_mempool.o
      2330         34          0          0          0      23536   rtx_msgqueue.o
      1322         38          0          0          0      12056   rtx_mutex.o
      1288         28          0          0          0      14243   rtx_semaphore.o
       792         40          0          0          0       9781   rtx_system.o
      2724        136          0          0          0      29210   rtx_thread.o
       268         28          0          0          0       3327   rtx_timer.o
       204         20          0          0         84       3460   start_manager.o
        64         26        392          0       1536        876   startup_stm32f405xx.o
      1654         22          0          0          0       7644   stm32f4xx_can.o
       562         26          0          0          0       6140   stm32f4xx_dma.o
       196         22          0          0          0       5029   stm32f4xx_exti.o
       240          0          0          0          0       3473   stm32f4xx_gpio.o
       392         48          0         16          0       5873   stm32f4xx_rcc.o
        64          4          0          0          0        664   stm32f4xx_syscfg.o
       732         56          0          0          0       7603   stm32f4xx_tim.o
       710         42          0          0          0       6842   stm32f4xx_usart.o
       168         10          0          0        408       2553   storage_manager.o
       340         32          0          4          0       2015   system_stm32f4xx.o
       464         38          0          8         32       3766   thread_zs.o
       492         26          0          2          0       5110   uart_send_zs.o
      1024         36          0         52         22       2282   usart_pc.o
        30          0          0          0          0        971   usart_wave_shanwai.o
       152         10          0          0          0        752   usart_zs.o
       504         36          0          8         60       2082   usartrevicer.o

    ----------------------------------------------------------------------
     45788       2834       4712      10520       4832    1015616   Object Totals
         0          0         32          0          0          0   (incl. Generated)
        48          0         10         16          4          0   (incl. Padding)

    ----------------------------------------------------------------------

      Code (inc. data)   RO Data    RW Data    ZI Data      Debug   Library Member Name

        90          0          0          0          0          0   __dczerorl2.o
         8          0          0          0          0         68   __main.o
       392          4         17          0          0         92   __printf_flags_ss_wp.o
        14          0          0          0          0         68   __printf_wp.o
         0          0          0          0          0          0   __rtentry.o
        20          0          0          0          0          0   __rtentry2.o
         6          0          0          0          0          0   __rtentry4.o
        52          8          0          0          0          0   __scatter.o
        28          0          0          0          0          0   __scatter_zi.o
         6          0          0          0          0          0   _printf_a.o
         6          0          0          0          0          0   _printf_c.o
        44          0          0          0          0        108   _printf_char.o
        48          6          0          0          0         96   _printf_char_common.o
        40          0          0          0          0         68   _printf_charcount.o
         6          0          0          0          0          0   _printf_d.o
       120         16          0          0          0         92   _printf_dec.o
         6          0          0          0          0          0   _printf_e.o
         6          0          0          0          0          0   _printf_f.o
      1054          0          0          0          0        216   _printf_fp_dec.o
       764          8         38          0          0        100   _printf_fp_hex.o
       128         16          0          0          0         84   _printf_fp_infnan.o
         6          0          0          0          0          0   _printf_g.o
       148          4         40          0          0        160   _printf_hex_int_ll_ptr.o
         6          0          0          0          0          0   _printf_i.o
       178          0          0          0          0         88   _printf_intcommon.o
        10          0          0          0          0          0   _printf_l.o
         6          0          0          0          0          0   _printf_lc.o
        10          0          0          0          0          0   _printf_ll.o
         6          0          0          0          0          0   _printf_lld.o
         6          0          0          0          0          0   _printf_lli.o
         6          0          0          0          0          0   _printf_llo.o
         6          0          0          0          0          0   _printf_llu.o
         6          0          0          0          0          0   _printf_llx.o
       124         16          0          0          0         92   _printf_longlong_dec.o
         6          0          0          0          0          0   _printf_ls.o
         6          0          0          0          0          0   _printf_n.o
         6          0          0          0          0          0   _printf_o.o
       112         10          0          0          0        124   _printf_oct_int_ll.o
         6          0          0          0          0          0   _printf_p.o
        78          0          0          0          0        108   _printf_pad.o
         0          0          0          0          0          0   _printf_percent.o
         4          0          0          0          0          0   _printf_percent_end.o
         6          0          0          0          0          0   _printf_s.o
        82          0          0          0          0         80   _printf_str.o
        36          0          0          0          0         84   _printf_truncate.o
         6          0          0          0          0          0   _printf_u.o
        44          0          0          0          0        108   _printf_wchar.o
       188          6          8          0          0         92   _printf_wctomb.o
         6          0          0          0          0          0   _printf_x.o
        22          0          0          0          0        100   _rserrno.o
        10          0          0          0          0         68   _sputc.o
        64          0          0          0          0         92   _wcrtomb.o
        16          0          0          0          0         68   aeabi_memset.o
       228          4        148          0          0         96   bigflt0.o
      1936        128          0          0          0        672   btod.o
        10          0          0          0          0         68   defsig_exit.o
        50          0          0          0          0         88   defsig_general.o
        80         58          0          0          0         76   defsig_rtmem_inner.o
        14          0          0          0          0         80   defsig_rtmem_outer.o
        18          0          0          0          0         80   exit.o
       470          0          0          0          0         88   flsbuf.o
        26          0          0          0          0         68   fputc.o
        36          0          0          0          0         80   fputc_locked.o
       158          0          0          0          0        128   h1_alloc_mt.o
        62          0          0          0          0         80   h1_extend_mt.o
        10          0          0          0          0         76   h1_final_mt.o
       118          0          0          0          0        108   h1_free_mt.o
        18          0          0          0          0         84   h1_init_mt.o
         6          0          0          0          0        152   heapauxi.o
         4          0          0          0          0        136   hguard.o
         0          0          0          0          0          0   indicate_semi.o
       138          0          0          0          0        168   init_alloc.o
        44         10        272          0          0         76   lc_ctype_c.o
        44         10         28          0          0         76   lc_numeric_c.o
         2          0          0          0          0          0   libinit.o
        42          0          0          0          0          0   libinit2.o
         2          0          0          0          0          0   libshutdown.o
         6          0          0          0          0          0   libshutdown2.o
         8          4          0          0         96         68   libspace.o
        72          0          0          0          0         76   llsdiv.o
        38          0          0          0          0         68   llshl.o
        38          0          0          0          0         68   llsshr.o
       138          0          0          0          0         80   lludiv10.o
       238          0          0          0          0        100   lludivv7m.o
         0          0          0          0          0          0   maybetermalloc2.o
        88          0          0          0          0         76   memcmp.o
        16          4          0          0          0         76   rt_ctype_table.o
         4          0          0          0          0         68   rt_errno_addr_twolibspace.o
        10          0          0          0          0         76   rt_heap_descriptor_twolibspace.o
        10          0          0          0          0         76   rt_locale_twolibspace.o
        68          0          0          0          0         68   rt_memclr.o
        78          0          0          0          0         80   rt_memclr_w.o
       138          0          0          0          0         68   rt_memcpy_v6.o
       100          0          0          0          0         80   rt_memcpy_w.o
       122          0          0          0          0         80   rt_memmove_w.o
         2          0          0          0          0          0   rtexit.o
        10          0          0          0          0          0   rtexit2.o
       240          6          0          0          0        156   stdio.o
       128          0          0          0          0         68   strcmpv7m.o
        62          0          0          0          0         76   strlen.o
        12          4          0          0          0         68   sys_exit.o
       102          0          0          0          0        240   sys_io.o
        74          0          0          0          0         80   sys_stackheap_outer.o
        14          0          0          0          0         76   sys_wrch.o
        16          0          0          0          0         80   term_alloc.o
         2          0          0          0          0         68   use_no_semi.o
        36          4          0          0          0         76   vsprintf.o
        24          0          0          0          0        164   basic.o
        98          4          0          0          0        140   d2f.o
       826         16          0          0          0        492   daddsub_clz.o
        24          0          0          0          0        116   dcmpi.o
       688        140          0          0          0        256   ddiv.o
       120          4          0          0          0        140   deqf.o
        94          4          0          0          0        140   dfix.o
        84          0          0          0          0        232   dflt_clz.o
       120          4          0          0          0        140   dleqf.o
       340         12          0          0          0        152   dmul.o
       156          4          0          0          0        140   dnaninf.o
        12          0          0          0          0        116   dretinf.o
       108          0          0          0          0        128   drleqf.o
       408         56          0          0          0        168   dsqrt_umaal.o
        86          4          0          0          0        132   f2d.o
       134          4          0          0          0        132   ffixll.o
        96          0          0          0          0        132   ffltll_clz.o
       140          4          0          0          0        132   fnaninf.o
        10          0          0          0          0        116   fpinit.o
        10          0          0          0          0        116   fretinf.o
         4          0          0          0          0        116   printf1.o
         4          0          0          0          0        116   printf2.o
         0          0          0          0          0          0   usenofp.o
      3140        190          0          0       1208       9672   accel_auto_cal.o
      9456        298          0         16       1120      19892   compass_vec_cal.o
      2584         42          0          0        672      13744   fast_no_motion.o
      1712         72          0          0        312       5636   fusion_9axis.o
      1220         32          0          0        452       5735   gyro_tc.o
      1472         48          0          0        184       7614   mag_disturb.o
      2452        130          0          0        108       5637   quaternion_supervisor.o
       280         46          0          0          0        176   acosf.o
       592         90          0          0          0        184   atan2f.o
       200         20          0          0          0        164   cos.o
       368         46         48          0          0        200   cos_i.o
       336         56          0          0          0        136   cosf.o
       132         36          0          0          0        496   dunder.o
        44          0          0          0          0        248   fabs.o
        48          0          0          0          0        124   fpclassify.o
        38          0          0          0          0        116   fpclassifyf.o
        44         12          0          0          0        464   funder.o
       964         92         56          0          0        316   log.o
       248          0          0          0          0        152   poly.o
         0          0          8          0          0          0   qnan.o
      1080        142        200          0          0        188   rred.o
       340         24         32          0          0        160   rredf.o
       304         24         40          0          0        208   sin_i.o
       400         56          0          0          0        212   sinf.o
       122          0          0          0          0        148   sqrt.o
       120          0          0          0          0        272   sqrtf.o

    ----------------------------------------------------------------------
     40752       2038        944         16       4152      82342   Library Totals
        30          0          9          0          0          0   (incl. Padding)

    ----------------------------------------------------------------------

      Code (inc. data)   RO Data    RW Data    ZI Data      Debug   Library Name

      9440        326        551          0         96       6932   c_w.l
      3586        256          0          0          0       3516   fz_wm.l
     22036        812          0         16       4056      67930   libmpllib.lib
      5660        644        384          0          0       3964   m_wm.l

    ----------------------------------------------------------------------
     40752       2038        944         16       4152      82342   Library Totals

    ----------------------------------------------------------------------

==============================================================================


      Code (inc. data)   RO Data    RW Data    ZI Data      Debug   

     86540       4872       5656      10536       8984    1040910   Grand Totals
     86540       4872       5656        188       8984    1040910   ELF Image Totals (compressed)
     86540       4872       5656        188          0          0   ROM Totals

==============================================================================

    Total RO  Size (Code + RO Data)                92196 (  90.04kB)
    Total RW  Size (RW Data + ZI Data)             19520 (  19.06kB)
    Total ROM Size (Code + RO Data + RW Data)      92384 (  90.22kB)

==============================================================================

