Component: ARM Compiler 5.06 update 6 (build 750) Tool: armlink [4d35ed]

==============================================================================

Section Cross References

    main.o(i.main) refers to init.o(i.KernelTaskInit) for KernelTaskInit
    init.o(i.CAN_Thread1) refers to can_task.o(i.CAN_TxMssage) for CAN_TxMssage
    init.o(i.CAN_Thread1) refers to rtx_delay.o(i.osDelay) for osDelay
    init.o(i.CAN_Thread1) refers to bsp_gpio_init.o(i.LED1_Runsign) for LED1_Runsign
    init.o(i.IMU_Thread1) refers to rtx_semaphore.o(i.osSemaphoreAcquire) for osSemaphoreAcquire
    init.o(i.IMU_Thread1) refers to mpu6050.o(i.IMU_Update) for IMU_Update
    init.o(i.IMU_Thread1) refers to init.o(.data) for GRYO_Semaphore
    init.o(i.Judge_Thread1) refers to judge_task.o(i.Judge_DataVerify) for Judge_DataVerify
    init.o(i.Judge_Thread1) refers to judge_task.o(i.Send_Judge_Update) for Send_Judge_Update
    init.o(i.Judge_Thread1) refers to judge_task.o(i.Send_FrameData) for Send_FrameData
    init.o(i.Judge_Thread1) refers to bsp_gpio_init.o(i.LED2_Runsign) for LED2_Runsign
    init.o(i.Judge_Thread1) refers to rtx_delay.o(i.osDelay) for osDelay
    init.o(i.Judge_Thread1) refers to init.o(.data) for Send_timesFlag
    init.o(i.Judge_Thread1) refers to bsp_usart_init.o(.bss) for USART2_Get_Channel
    init.o(i.Judge_Thread1) refers to judge_task.o(.bss) for Client_Show_Data
    init.o(i.KernelTaskInit) refers to init.o(i.NVIC_StateInit) for NVIC_StateInit
    init.o(i.KernelTaskInit) refers to bsp_gpio_init.o(i.BSP_GPIO_Init) for BSP_GPIO_Init
    init.o(i.KernelTaskInit) refers to stm32f10x_gpio.o(i.GPIO_SetBits) for GPIO_SetBits
    init.o(i.KernelTaskInit) refers to mydelay.o(i.delay_ms) for delay_ms
    init.o(i.KernelTaskInit) refers to bsp_can_init.o(i.BSP_Can_Init) for BSP_Can_Init
    init.o(i.KernelTaskInit) refers to bsp_usart_init.o(i.BSP_USART2_Init) for BSP_USART2_Init
    init.o(i.KernelTaskInit) refers to ina260_driver.o(i.INA_Init) for INA_Init
    init.o(i.KernelTaskInit) refers to stm32f10x_gpio.o(i.GPIO_ResetBits) for GPIO_ResetBits
    init.o(i.KernelTaskInit) refers to rtx_kernel.o(i.osKernelInitialize) for osKernelInitialize
    init.o(i.KernelTaskInit) refers to rtx_semaphore.o(i.osSemaphoreNew) for osSemaphoreNew
    init.o(i.KernelTaskInit) refers to cmsis_os1.o(i.osThreadCreate) for osThreadCreate
    init.o(i.KernelTaskInit) refers to rtx_kernel.o(i.osKernelStart) for osKernelStart
    init.o(i.KernelTaskInit) refers to init.o(.constdata) for os_semaphore_def_GRYO_Semaphore
    init.o(i.KernelTaskInit) refers to init.o(.data) for GRYO_Semaphore
    init.o(i.NVIC_StateInit) refers to misc.o(i.NVIC_PriorityGroupConfig) for NVIC_PriorityGroupConfig
    init.o(i.NVIC_StateInit) refers to misc.o(i.NVIC_Init) for NVIC_Init
    init.o(i.PowerMonitor_Thread1) refers to ina260_driver.o(i.INA260_DataUpdate) for INA260_DataUpdate
    init.o(i.PowerMonitor_Thread1) refers to bsp_gpio_init.o(i.LED3_Runsign) for LED3_Runsign
    init.o(i.PowerMonitor_Thread1) refers to rtx_delay.o(i.osDelay) for osDelay
    init.o(i.PowerSupply_Thread1) refers to powersupply_task.o(i.PowerSupply_Task) for PowerSupply_Task
    init.o(i.PowerSupply_Thread1) refers to rtx_delay.o(i.osDelay) for osDelay
    init.o(.constdata) refers to init.o(i.CAN_Thread1) for CAN_Thread1
    init.o(.constdata) refers to init.o(.bss.os.thread.cb) for os_thread_cb_CAN_Thread1
    init.o(.constdata) refers to init.o(.bss.os.thread.stack) for os_thread_stackCAN_Thread1
    init.o(.constdata) refers to init.o(i.Judge_Thread1) for Judge_Thread1
    init.o(.constdata) refers to init.o(i.PowerMonitor_Thread1) for PowerMonitor_Thread1
    init.o(.constdata) refers to monitor_task.o(i.Monitor_Thread1) for Monitor_Thread1
    init.o(.constdata) refers to init.o(i.IMU_Thread1) for IMU_Thread1
    init.o(.constdata) refers to init.o(i.PowerSupply_Thread1) for PowerSupply_Thread1
    init.o(.constdata) refers to init.o(.bss.os.semaphore.cb) for os_semaphore_cb_GRYO_Semaphore
    bsp_can_init.o(i.BSP_Can_Init) refers to stm32f10x_rcc.o(i.RCC_APB2PeriphClockCmd) for RCC_APB2PeriphClockCmd
    bsp_can_init.o(i.BSP_Can_Init) refers to stm32f10x_rcc.o(i.RCC_APB1PeriphClockCmd) for RCC_APB1PeriphClockCmd
    bsp_can_init.o(i.BSP_Can_Init) refers to stm32f10x_gpio.o(i.GPIO_Init) for GPIO_Init
    bsp_can_init.o(i.BSP_Can_Init) refers to stm32f10x_can.o(i.CAN_DeInit) for CAN_DeInit
    bsp_can_init.o(i.BSP_Can_Init) refers to stm32f10x_can.o(i.CAN_StructInit) for CAN_StructInit
    bsp_can_init.o(i.BSP_Can_Init) refers to stm32f10x_can.o(i.CAN_Init) for CAN_Init
    bsp_can_init.o(i.BSP_Can_Init) refers to stm32f10x_can.o(i.CAN_FilterInit) for CAN_FilterInit
    bsp_can_init.o(i.BSP_Can_Init) refers to stm32f10x_can.o(i.CAN_ITConfig) for CAN_ITConfig
    bsp_can_init.o(i.USB_HP_CAN1_TX_IRQHandler) refers to stm32f10x_can.o(i.CAN_GetITStatus) for CAN_GetITStatus
[...]
    __asm___14_rtx_msgqueue_c_ba128ae8__atomic_chk32_any 0x080002a9   Thumb Code    34  rtx_msgqueue.o(.emb_text)
    __asm___14_rtx_msgqueue_c_ba128ae8__atomic_inc32 0x080002cb   Thumb Code    18  rtx_msgqueue.o(.emb_text)
    __asm___14_rtx_msgqueue_c_ba128ae8__atomic_inc16_lt 0x080002dd   Thumb Code    30  rtx_msgqueue.o(.emb_text)
    __asm___14_rtx_msgqueue_c_ba128ae8__atomic_inc16_lim 0x080002fb   Thumb Code    26  rtx_msgqueue.o(.emb_text)
    __asm___14_rtx_msgqueue_c_ba128ae8__atomic_dec32 0x08000315   Thumb Code    18  rtx_msgqueue.o(.emb_text)
    __asm___14_rtx_msgqueue_c_ba128ae8__atomic_dec32_nz 0x08000327   Thumb Code    26  rtx_msgqueue.o(.emb_text)
    __asm___14_rtx_msgqueue_c_ba128ae8__atomic_dec16_nz 0x08000341   Thumb Code    26  rtx_msgqueue.o(.emb_text)
    __asm___14_rtx_msgqueue_c_ba128ae8__atomic_link_get 0x0800035b   Thumb Code    26  rtx_msgqueue.o(.emb_text)
    __asm___14_rtx_msgqueue_c_ba128ae8__atomic_link_put 0x08000375   Thumb Code    28  rtx_msgqueue.o(.emb_text)
    __asm___15_rtx_semaphore_c_c705bb47__atomic_wr8 0x08000391   Thumb Code    16  rtx_semaphore.o(.emb_text)
    __asm___15_rtx_semaphore_c_c705bb47__atomic_set32 0x080003a1   Thumb Code    20  rtx_semaphore.o(.emb_text)
    __asm___15_rtx_semaphore_c_c705bb47__atomic_clr32 0x080003b5   Thumb Code    22  rtx_semaphore.o(.emb_text)
    __asm___15_rtx_semaphore_c_c705bb47__atomic_chk32_all 0x080003cb   Thumb Code    38  rtx_semaphore.o(.emb_text)
    __asm___15_rtx_semaphore_c_c705bb47__atomic_chk32_any 0x080003f1   Thumb Code    34  rtx_semaphore.o(.emb_text)
    __asm___15_rtx_semaphore_c_c705bb47__atomic_inc32 0x08000413   Thumb Code    18  rtx_semaphore.o(.emb_text)
    __asm___15_rtx_semaphore_c_c705bb47__atomic_inc16_lt 0x08000425   Thumb Code    30  rtx_semaphore.o(.emb_text)
    __asm___15_rtx_semaphore_c_c705bb47__atomic_inc16_lim 0x08000443   Thumb Code    26  rtx_semaphore.o(.emb_text)
    __asm___15_rtx_semaphore_c_c705bb47__atomic_dec32 0x0800045d   Thumb Code    18  rtx_semaphore.o(.emb_text)
    __asm___15_rtx_semaphore_c_c705bb47__atomic_dec32_nz 0x0800046f   Thumb Code    26  rtx_semaphore.o(.emb_text)
    __asm___15_rtx_semaphore_c_c705bb47__atomic_dec16_nz 0x08000489   Thumb Code    26  rtx_semaphore.o(.emb_text)
    __asm___15_rtx_semaphore_c_c705bb47__atomic_link_get 0x080004a3   Thumb Code    26  rtx_semaphore.o(.emb_text)
    __asm___15_rtx_semaphore_c_c705bb47__atomic_link_put 0x080004bd   Thumb Code    28  rtx_semaphore.o(.emb_text)
    __asm___12_rtx_system_c_024f2f18__atomic_wr8 0x080004d9   Thumb Code    16  rtx_system.o(.emb_text)
    __asm___12_rtx_system_c_024f2f18__atomic_set32 0x080004e9   Thumb Code    20  rtx_system.o(.emb_text)
    __asm___12_rtx_system_c_024f2f18__atomic_clr32 0x080004fd   Thumb Code    22  rtx_system.o(.emb_text)
    __asm___12_rtx_system_c_024f2f18__atomic_chk32_all 0x08000513   Thumb Code    38  rtx_system.o(.emb_text)
    __asm___12_rtx_system_c_024f2f18__atomic_chk32_any 0x08000539   Thumb Code    34  rtx_system.o(.emb_text)
    __asm___12_rtx_system_c_024f2f18__atomic_inc32 0x0800055b   Thumb Code    18  rtx_system.o(.emb_text)
    __asm___12_rtx_system_c_024f2f18__atomic_inc16_lt 0x0800056d   Thumb Code    30  rtx_system.o(.emb_text)
    __asm___12_rtx_system_c_024f2f18__atomic_inc16_lim 0x0800058b   Thumb Code    26  rtx_system.o(.emb_text)
    __asm___12_rtx_system_c_024f2f18__atomic_dec32 0x080005a5   Thumb Code    18  rtx_system.o(.emb_text)
    __asm___12_rtx_system_c_024f2f18__atomic_dec32_nz 0x080005b7   Thumb Code    26  rtx_system.o(.emb_text)
    __asm___12_rtx_system_c_024f2f18__atomic_dec16_nz 0x080005d1   Thumb Code    26  rtx_system.o(.emb_text)
    __asm___12_rtx_system_c_024f2f18__atomic_link_get 0x080005eb   Thumb Code    26  rtx_system.o(.emb_text)
    __asm___12_rtx_system_c_024f2f18__atomic_link_put 0x08000605   Thumb Code    28  rtx_system.o(.emb_text)
    __asm___12_rtx_thread_c_add96be5__atomic_wr8 0x08000621   Thumb Code    16  rtx_thread.o(.emb_text)
    __asm___12_rtx_thread_c_add96be5__atomic_set32 0x08000631   Thumb Code    20  rtx_thread.o(.emb_text)
    __asm___12_rtx_thread_c_add96be5__atomic_clr32 0x08000645   Thumb Code    22  rtx_thread.o(.emb_text)
    __asm___12_rtx_thread_c_add96be5__atomic_chk32_all 0x0800065b   Thumb Code    38  rtx_thread.o(.emb_text)
    __asm___12_rtx_thread_c_add96be5__atomic_chk32_any 0x08000681   Thumb Code    34  rtx_thread.o(.emb_text)
    __asm___12_rtx_thread_c_add96be5__atomic_inc32 0x080006a3   Thumb Code    18  rtx_thread.o(.emb_text)
    __asm___12_rtx_thread_c_add96be5__atomic_inc16_lt 0x080006b5   Thumb Code    30  rtx_thread.o(.emb_text)
    __asm___12_rtx_thread_c_add96be5__atomic_inc16_lim 0x080006d3   Thumb Code    26  rtx_thread.o(.emb_text)
    __asm___12_rtx_thread_c_add96be5__atomic_dec32 0x080006ed   Thumb Code    18  rtx_thread.o(.emb_text)
    __asm___12_rtx_thread_c_add96be5__atomic_dec32_nz 0x080006ff   Thumb Code    26  rtx_thread.o(.emb_text)
    __asm___12_rtx_thread_c_add96be5__atomic_dec16_nz 0x08000719   Thumb Code    26  rtx_thread.o(.emb_text)
    __asm___12_rtx_thread_c_add96be5__atomic_link_get 0x08000733   Thumb Code    26  rtx_thread.o(.emb_text)
    __asm___12_rtx_thread_c_add96be5__atomic_link_put 0x0800074d   Thumb Code    28  rtx_thread.o(.emb_text)
    SVC_Handler                              0x08000769   Thumb Code   108  irq_cm3.o(.text)
    PendSV_Handler                           0x080007d5   Thumb Code    16  irq_cm3.o(.text)
    SysTick_Handler                          0x080007e5   Thumb Code    16  irq_cm3.o(.text)
    Reset_Handler                            0x080007fd   Thumb Code     8  startup_stm32f10x_md.o(.text)
    NMI_Handler                              0x08000805   Thumb Code     2  startup_stm32f10x_md.o(.text)
    HardFault_Handler                        0x08000807   Thumb Code     2  startup_stm32f10x_md.o(.text)
    MemManage_Handler                        0x08000809   Thumb Code     2  startup_stm32f10x_md.o(.text)
    BusFault_Handler                         0x0800080b   Thumb Code     2  startup_stm32f10x_md.o(.text)
    UsageFault_Handler                       0x0800080d   Thumb Code     2  startup_stm32f10x_md.o(.text)
    DebugMon_Handler                         0x08000811   Thumb Code     2  startup_stm32f10x_md.o(.text)
    ADC1_2_IRQHandler                        0x08000817   Thumb Code     0  startup_stm32f10x_md.o(.text)
    CAN1_RX1_IRQHandler                      0x08000817   Thumb Code     0  startup_stm32f10x_md.o(.text)
    CAN1_SCE_IRQHandler                      0x08000817   Thumb Code     0  startup_stm32f10x_md.o(.text)
    DMA1_Channel1_IRQHandler                 0x08000817   Thumb Code     0  startup_stm32f10x_md.o(.text)
    DMA1_Channel2_IRQHandler                 0x08000817   Thumb Code     0  startup_stm32f10x_md.o(.text)
    DMA1_Channel3_IRQHandler                 0x08000817   Thumb Code     0  startup_stm32f10x_md.o(.text)
    DMA1_Channel4_IRQHandler                 0x08000817   Thumb Code     0  startup_stm32f10x_md.o(.text)
    DMA1_Channel5_IRQHandler                 0x08000817   Thumb Code     0  startup_stm32f10x_md.o(.text)
    DMA1_Channel6_IRQHandler                 0x08000817   Thumb Code     0  startup_stm32f10x_md.o(.text)
    DMA1_Channel7_IRQHandler                 0x08000817   Thumb Code     0  startup_stm32f10x_md.o(.text)
    EXTI0_IRQHandler                         0x08000817   Thumb Code     0  startup_stm32f10x_md.o(.text)
    EXTI15_10_IRQHandler                     0x08000817   Thumb Code     0  startup_stm32f10x_md.o(.text)
    EXTI1_IRQHandler                         0x08000817   Thumb Code     0  startup_stm32f10x_md.o(.text)
    EXTI2_IRQHandler                         0x08000817   Thumb Code     0  startup_stm32f10x_md.o(.text)
    EXTI3_IRQHandler                         0x08000817   Thumb Code     0  startup_stm32f10x_md.o(.text)
    EXTI4_IRQHandler                         0x08000817   Thumb Code     0  startup_stm32f10x_md.o(.text)
    FLASH_IRQHandler                         0x08000817   Thumb Code     0  startup_stm32f10x_md.o(.text)
    I2C1_ER_IRQHandler                       0x08000817   Thumb Code     0  startup_stm32f10x_md.o(.text)
    I2C1_EV_IRQHandler                       0x08000817   Thumb Code     0  startup_stm32f10x_md.o(.text)
    I2C2_ER_IRQHandler                       0x08000817   Thumb Code     0  startup_stm32f10x_md.o(.text)
    I2C2_EV_IRQHandler                       0x08000817   Thumb Code     0  startup_stm32f10x_md.o(.text)
    PVD_IRQHandler                           0x08000817   Thumb Code     0  startup_stm32f10x_md.o(.text)
    RCC_IRQHandler                           0x08000817   Thumb Code     0  startup_stm32f10x_md.o(.text)
    RTCAlarm_IRQHandler                      0x08000817   Thumb Code     0  startup_stm32f10x_md.o(.text)
    RTC_IRQHandler                           0x08000817   Thumb Code     0  startup_stm32f10x_md.o(.text)
    SPI1_IRQHandler                          0x08000817   Thumb Code     0  startup_stm32f10x_md.o(.text)
    SPI2_IRQHandler                          0x08000817   Thumb Code     0  startup_stm32f10x_md.o(.text)
    TAMPER_IRQHandler                        0x08000817   Thumb Code     0  startup_stm32f10x_md.o(.text)
    TIM1_BRK_IRQHandler                      0x08000817   Thumb Code     0  startup_stm32f10x_md.o(.text)
    TIM1_CC_IRQHandler                       0x08000817   Thumb Code     0  startup_stm32f10x_md.o(.text)
    TIM1_TRG_COM_IRQHandler                  0x08000817   Thumb Code     0  startup_stm32f10x_md.o(.text)
    TIM1_UP_IRQHandler                       0x08000817   Thumb Code     0  startup_stm32f10x_md.o(.text)
    TIM2_IRQHandler                          0x08000817   Thumb Code     0  startup_stm32f10x_md.o(.text)
    TIM3_IRQHandler                          0x08000817   Thumb Code     0  startup_stm32f10x_md.o(.text)
    TIM4_IRQHandler                          0x08000817   Thumb Code     0  startup_stm32f10x_md.o(.text)
    USART1_IRQHandler                        0x08000817   Thumb Code     0  startup_stm32f10x_md.o(.text)
    USART3_IRQHandler                        0x08000817   Thumb Code     0  startup_stm32f10x_md.o(.text)
    USBWakeUp_IRQHandler                     0x08000817   Thumb Code     0  startup_stm32f10x_md.o(.text)
    WWDG_IRQHandler                          0x08000817   Thumb Code     0  startup_stm32f10x_md.o(.text)
    __aeabi_memcpy                           0x08000821   Thumb Code    36  memcpya.o(.text)
    __aeabi_memcpy4                          0x08000821   Thumb Code     0  memcpya.o(.text)
    __aeabi_memcpy8                          0x08000821   Thumb Code     0  memcpya.o(.text)
    __aeabi_memset                           0x08000845   Thumb Code    14  memseta.o(.text)
    __aeabi_memset4                          0x08000845   Thumb Code     0  memseta.o(.text)
    __aeabi_memset8                          0x08000845   Thumb Code     0  memseta.o(.text)
    __aeabi_memclr                           0x08000853   Thumb Code     4  memseta.o(.text)
    __aeabi_memclr4                          0x08000853   Thumb Code     0  memseta.o(.text)
    __aeabi_memclr8                          0x08000853   Thumb Code     0  memseta.o(.text)
    _memset$wrapper                          0x08000857   Thumb Code    18  memseta.o(.text)
    __aeabi_fadd                             0x08000869   Thumb Code   164  fadd.o(.text)
    __aeabi_fsub                             0x0800090d   Thumb Code     6  fadd.o(.text)
    __aeabi_frsub                            0x08000913   Thumb Code     6  fadd.o(.text)
    __aeabi_fmul                             0x08000919   Thumb Code   100  fmul.o(.text)
    __aeabi_fdiv                             0x0800097d   Thumb Code   124  fdiv.o(.text)
    __aeabi_dadd                             0x080009f9   Thumb Code   322  dadd.o(.text)
    __aeabi_dsub                             0x08000b3b   Thumb Code     6  dadd.o(.text)
    __aeabi_drsub                            0x08000b41   Thumb Code     6  dadd.o(.text)
    __aeabi_dmul                             0x08000b47   Thumb Code   228  dmul.o(.text)
    __aeabi_ddiv                             0x08000c2b   Thumb Code   222  ddiv.o(.text)
    __aeabi_i2f                              0x08000d09   Thumb Code    18  fflti.o(.text)
    __aeabi_i2d                              0x08000d1b   Thumb Code    34  dflti.o(.text)
    __aeabi_ui2d                             0x08000d3d   Thumb Code    26  dfltui.o(.text)
    __aeabi_f2iz                             0x08000d57   Thumb Code    50  ffixi.o(.text)
    __aeabi_d2iz                             0x08000d89   Thumb Code    62  dfixi.o(.text)
    __aeabi_d2uiz                            0x08000dc7   Thumb Code    50  dfixui.o(.text)
    __aeabi_f2d                              0x08000df9   Thumb Code    38  f2d.o(.text)
    __aeabi_d2f                              0x08000e1f   Thumb Code    56  d2f.o(.text)
    __aeabi_cfcmpeq                          0x08000e59   Thumb Code     0  cfcmple.o(.text)
    __aeabi_cfcmple                          0x08000e59   Thumb Code    20  cfcmple.o(.text)
    __aeabi_cfrcmple                         0x08000e6d   Thumb Code    20  cfrcmple.o(.text)
    __aeabi_llsl                             0x08000e81   Thumb Code    30  llshl.o(.text)
    _ll_shift_l                              0x08000e81   Thumb Code     0  llshl.o(.text)
    __aeabi_llsr                             0x08000e9f   Thumb Code    32  llushr.o(.text)
    _ll_ushift_r                             0x08000e9f   Thumb Code     0  llushr.o(.text)
    __aeabi_lasr                             0x08000ebf   Thumb Code    36  llsshr.o(.text)
    _ll_sshift_r                             0x08000ebf   Thumb Code     0  llsshr.o(.text)
    __I$use$fp                               0x08000ee3   Thumb Code     0  iusefp.o(.text)
    _float_round                             0x08000ee3   Thumb Code    18  fepilogue.o(.text)
    _float_epilogue                          0x08000ef5   Thumb Code    92  fepilogue.o(.text)
    _double_round                            0x08000f51   Thumb Code    30  depilogue.o(.text)
    _double_epilogue                         0x08000f6f   Thumb Code   156  depilogue.o(.text)
    __ARM_scalbn                             0x0800100b   Thumb Code    46  dscalb.o(.text)
    scalbn                                   0x0800100b   Thumb Code     0  dscalb.o(.text)
    _dsqrt                                   0x08001039   Thumb Code   162  dsqrt.o(.text)
    __aeabi_cdrcmple                         0x080010dd   Thumb Code    48  cdrcmple.o(.text)
    __scatterload                            0x0800110d   Thumb Code    28  init.o(.text)
    __scatterload_rt2                        0x0800110d   Thumb Code     0  init.o(.text)
    __decompress                             0x08001131   Thumb Code     0  __dczerorl2.o(.text)
    __decompress1                            0x08001131   Thumb Code    86  __dczerorl2.o(.text)
    BSP_Can_Init                             0x08001189   Thumb Code   226  bsp_can_init.o(i.BSP_Can_Init)
    BSP_GPIO_Init                            0x08001275   Thumb Code    96  bsp_gpio_init.o(i.BSP_GPIO_Init)
    BSP_USART2_Init                          0x080012dd   Thumb Code   158  bsp_usart_init.o(i.BSP_USART2_Init)
    CAN1_SendData_Update                     0x08001385   Thumb Code   348  can_task.o(i.CAN1_SendData_Update)
    CAN1_Send_16bitMessage                   0x080014f9   Thumb Code   112  can_task.o(i.CAN1_Send_16bitMessage)
    CAN_ClearITPendingBit                    0x0800156d   Thumb Code   162  stm32f10x_can.o(i.CAN_ClearITPendingBit)
    CAN_DeInit                               0x08001615   Thumb Code    50  stm32f10x_can.o(i.CAN_DeInit)
    CAN_FilterInit                           0x0800164d   Thumb Code   258  stm32f10x_can.o(i.CAN_FilterInit)
    CAN_GetITStatus                          0x08001755   Thumb Code   284  stm32f10x_can.o(i.CAN_GetITStatus)
    CAN_ITConfig                             0x08001875   Thumb Code    18  stm32f10x_can.o(i.CAN_ITConfig)
    CAN_Init                                 0x08001887   Thumb Code   276  stm32f10x_can.o(i.CAN_Init)
    CAN_Receive                              0x0800199b   Thumb Code   240  stm32f10x_can.o(i.CAN_Receive)
    CAN_Revicer                              0x08001a8d   Thumb Code    84  can_task.o(i.CAN_Revicer)
    CAN_StructInit                           0x08001ae9   Thumb Code    32  stm32f10x_can.o(i.CAN_StructInit)
    CAN_Thread1                              0x08001b09   Thumb Code    22  init.o(i.CAN_Thread1)
    CAN_Transmit                             0x08001b1f   Thumb Code   294  stm32f10x_can.o(i.CAN_Transmit)
    CAN_TxMssage                             0x08001c45   Thumb Code   168  can_task.o(i.CAN_TxMssage)
    EXTI9_5_IRQHandler                       0x08001d1d   Thumb Code    42  mpu6050_interrupt.o(i.EXTI9_5_IRQHandler)
    EXTI_ClearFlag                           0x08001d51   Thumb Code     6  stm32f10x_exti.o(i.EXTI_ClearFlag)
    EXTI_ClearITPendingBit                   0x08001d5d   Thumb Code     6  stm32f10x_exti.o(i.EXTI_ClearITPendingBit)
    EXTI_GetITStatus                         0x08001d69   Thumb Code    34  stm32f10x_exti.o(i.EXTI_GetITStatus)
    EvrRtxEventFlagsWaitTimeout              0x08001d91   Thumb Code     2  rtx_evr.o(i.EvrRtxEventFlagsWaitTimeout)
    EvrRtxKernelError                        0x08001d93   Thumb Code     2  rtx_evr.o(i.EvrRtxKernelError)
    EvrRtxKernelInitialize                   0x08001d95   Thumb Code     2  rtx_evr.o(i.EvrRtxKernelInitialize)
    EvrRtxKernelInitialized                  0x08001d97   Thumb Code     2  rtx_evr.o(i.EvrRtxKernelInitialized)
    EvrRtxKernelStart                        0x08001d99   Thumb Code     2  rtx_evr.o(i.EvrRtxKernelStart)
    EvrRtxKernelStarted                      0x08001d9b   Thumb Code     2  rtx_evr.o(i.EvrRtxKernelStarted)
    EvrRtxMemoryAlloc                        0x08001d9d   Thumb Code     2  rtx_evr.o(i.EvrRtxMemoryAlloc)
    EvrRtxMemoryBlockAlloc                   0x08001d9f   Thumb Code     2  rtx_evr.o(i.EvrRtxMemoryBlockAlloc)
    EvrRtxMemoryBlockFree                    0x08001da1   Thumb Code     2  rtx_evr.o(i.EvrRtxMemoryBlockFree)
    EvrRtxMemoryBlockInit                    0x08001da3   Thumb Code     2  rtx_evr.o(i.EvrRtxMemoryBlockInit)
    EvrRtxMemoryFree                         0x08001da5   Thumb Code     2  rtx_evr.o(i.EvrRtxMemoryFree)
    EvrRtxMemoryInit                         0x08001da7   Thumb Code     2  rtx_evr.o(i.EvrRtxMemoryInit)
    EvrRtxMemoryPoolAllocTimeout             0x08001da9   Thumb Code     2  rtx_evr.o(i.EvrRtxMemoryPoolAllocTimeout)
    EvrRtxMessageQueueCreated                0x08001dab   Thumb Code     2  rtx_evr.o(i.EvrRtxMessageQueueCreated)
    EvrRtxMessageQueueError                  0x08001dad   Thumb Code     2  rtx_evr.o(i.EvrRtxMessageQueueError)
    EvrRtxMessageQueueGet                    0x08001daf   Thumb Code     2  rtx_evr.o(i.EvrRtxMessageQueueGet)
    EvrRtxMessageQueueGetPending             0x08001db1   Thumb Code     2  rtx_evr.o(i.EvrRtxMessageQueueGetPending)
    EvrRtxMessageQueueGetTimeout             0x08001db3   Thumb Code     2  rtx_evr.o(i.EvrRtxMessageQueueGetTimeout)
    EvrRtxMessageQueueInsertPending          0x08001db5   Thumb Code     2  rtx_evr.o(i.EvrRtxMessageQueueInsertPending)
    EvrRtxMessageQueueInserted               0x08001db7   Thumb Code     2  rtx_evr.o(i.EvrRtxMessageQueueInserted)
    EvrRtxMessageQueueNew                    0x08001db9   Thumb Code     2  rtx_evr.o(i.EvrRtxMessageQueueNew)
    EvrRtxMessageQueueNotInserted            0x08001dbb   Thumb Code     2  rtx_evr.o(i.EvrRtxMessageQueueNotInserted)
    EvrRtxMessageQueueNotRetrieved           0x08001dbd   Thumb Code     2  rtx_evr.o(i.EvrRtxMessageQueueNotRetrieved)
    EvrRtxMessageQueuePut                    0x08001dbf   Thumb Code     2  rtx_evr.o(i.EvrRtxMessageQueuePut)
    EvrRtxMessageQueuePutPending             0x08001dc1   Thumb Code     2  rtx_evr.o(i.EvrRtxMessageQueuePutPending)
    EvrRtxMessageQueuePutTimeout             0x08001dc3   Thumb Code     2  rtx_evr.o(i.EvrRtxMessageQueuePutTimeout)
    EvrRtxMessageQueueRetrieved              0x08001dc5   Thumb Code     2  rtx_evr.o(i.EvrRtxMessageQueueRetrieved)
    EvrRtxMutexAcquireTimeout                0x08001dc7   Thumb Code     2  rtx_evr.o(i.EvrRtxMutexAcquireTimeout)
    EvrRtxMutexAcquired                      0x08001dc9   Thumb Code     2  rtx_evr.o(i.EvrRtxMutexAcquired)
    EvrRtxMutexReleased                      0x08001dcb   Thumb Code     2  rtx_evr.o(i.EvrRtxMutexReleased)
    EvrRtxSemaphoreAcquire                   0x08001dcd   Thumb Code     2  rtx_evr.o(i.EvrRtxSemaphoreAcquire)
    EvrRtxSemaphoreAcquirePending            0x08001dcf   Thumb Code     2  rtx_evr.o(i.EvrRtxSemaphoreAcquirePending)
    EvrRtxSemaphoreAcquireTimeout            0x08001dd1   Thumb Code     2  rtx_evr.o(i.EvrRtxSemaphoreAcquireTimeout)
    EvrRtxSemaphoreAcquired                  0x08001dd3   Thumb Code     2  rtx_evr.o(i.EvrRtxSemaphoreAcquired)
    EvrRtxSemaphoreCreated                   0x08001dd5   Thumb Code     2  rtx_evr.o(i.EvrRtxSemaphoreCreated)
    EvrRtxSemaphoreError                     0x08001dd7   Thumb Code     2  rtx_evr.o(i.EvrRtxSemaphoreError)
    EvrRtxSemaphoreNew                       0x08001dd9   Thumb Code     2  rtx_evr.o(i.EvrRtxSemaphoreNew)
    EvrRtxSemaphoreNotAcquired               0x08001ddb   Thumb Code     2  rtx_evr.o(i.EvrRtxSemaphoreNotAcquired)
    EvrRtxSemaphoreRelease                   0x08001ddd   Thumb Code     2  rtx_evr.o(i.EvrRtxSemaphoreRelease)
    EvrRtxSemaphoreReleased                  0x08001ddf   Thumb Code     2  rtx_evr.o(i.EvrRtxSemaphoreReleased)
    EvrRtxThreadBlocked                      0x08001de1   Thumb Code     2  rtx_evr.o(i.EvrRtxThreadBlocked)
    EvrRtxThreadCreated                      0x08001de3   Thumb Code     2  rtx_evr.o(i.EvrRtxThreadCreated)
    EvrRtxThreadDelay                        0x08001de5   Thumb Code     2  rtx_evr.o(i.EvrRtxThreadDelay)
    EvrRtxThreadDelayCompleted               0x08001de7   Thumb Code     2  rtx_evr.o(i.EvrRtxThreadDelayCompleted)
    EvrRtxThreadDestroyed                    0x08001de9   Thumb Code     2  rtx_evr.o(i.EvrRtxThreadDestroyed)
    EvrRtxThreadError                        0x08001deb   Thumb Code     2  rtx_evr.o(i.EvrRtxThreadError)
    EvrRtxThreadExit                         0x08001ded   Thumb Code     2  rtx_evr.o(i.EvrRtxThreadExit)
    EvrRtxThreadFlagsWaitCompleted           0x08001def   Thumb Code     2  rtx_evr.o(i.EvrRtxThreadFlagsWaitCompleted)
    EvrRtxThreadFlagsWaitTimeout             0x08001df1   Thumb Code     2  rtx_evr.o(i.EvrRtxThreadFlagsWaitTimeout)
    EvrRtxThreadJoined                       0x08001df3   Thumb Code     2  rtx_evr.o(i.EvrRtxThreadJoined)
    EvrRtxThreadNew                          0x08001df5   Thumb Code     2  rtx_evr.o(i.EvrRtxThreadNew)
    EvrRtxThreadPreempted                    0x08001df7   Thumb Code     2  rtx_evr.o(i.EvrRtxThreadPreempted)
    EvrRtxThreadSwitched                     0x08001df9   Thumb Code     2  rtx_evr.o(i.EvrRtxThreadSwitched)
    EvrRtxThreadUnblocked                    0x08001dfb   Thumb Code     2  rtx_evr.o(i.EvrRtxThreadUnblocked)
    EvrRtxTimerCallback                      0x08001dfd   Thumb Code     2  rtx_evr.o(i.EvrRtxTimerCallback)
    GPIO_Init                                0x08001dff   Thumb Code   278  stm32f10x_gpio.o(i.GPIO_Init)
    GPIO_ReadInputDataBit                    0x08001f15   Thumb Code    18  stm32f10x_gpio.o(i.GPIO_ReadInputDataBit)
    GPIO_ResetBits                           0x08001f27   Thumb Code     4  stm32f10x_gpio.o(i.GPIO_ResetBits)
    GPIO_SetBits                             0x08001f2b   Thumb Code     4  stm32f10x_gpio.o(i.GPIO_SetBits)
    IIC_Ack                                  0x08001f31   Thumb Code    60  bsp_iic_init.o(i.IIC_Ack)
    IIC_Configuration                        0x08001f71   Thumb Code    60  bsp_iic_init.o(i.IIC_Configuration)
    IIC_NoAck                                0x08001fb1   Thumb Code    60  bsp_iic_init.o(i.IIC_NoAck)
    IIC_ReadByte                             0x08001ff1   Thumb Code    90  bsp_iic_init.o(i.IIC_ReadByte)
    IIC_SendByte                             0x08002051   Thumb Code   100  bsp_iic_init.o(i.IIC_SendByte)
    IIC_Start                                0x080020b9   Thumb Code    62  bsp_iic_init.o(i.IIC_Start)
    IIC_Stop                                 0x080020fd   Thumb Code    60  bsp_iic_init.o(i.IIC_Stop)
    IIC_WaitAck                              0x0800213d   Thumb Code    86  bsp_iic_init.o(i.IIC_WaitAck)
    IIC_delay                                0x08002199   Thumb Code    30  bsp_iic_init.o(i.IIC_delay)
    IMU_Thread1                              0x080021b9   Thumb Code    20  init.o(i.IMU_Thread1)
    IMU_Update                               0x080021d1   Thumb Code   630  mpu6050.o(i.IMU_Update)
    INA260_DataUpdate                        0x08002479   Thumb Code    88  ina260_driver.o(i.INA260_DataUpdate)
    INA_Get_Current_mA                       0x080024e1   Thumb Code   112  ina260_driver.o(i.INA_Get_Current_mA)
    INA_Get_Power_mW                         0x08002559   Thumb Code    36  ina260_driver.o(i.INA_Get_Power_mW)
    INA_Get_Voltage_mV                       0x0800257d   Thumb Code    46  ina260_driver.o(i.INA_Get_Voltage_mV)
    INA_Init                                 0x080025b1   Thumb Code    18  ina260_driver.o(i.INA_Init)
    INA_REG_Write                            0x080025c3   Thumb Code    76  ina260_driver.o(i.INA_REG_Write)
    INA_Read_Byte                            0x0800260f   Thumb Code    68  ina260_driver.o(i.INA_Read_Byte)
    Judge_DataVerify                         0x0800271d   Thumb Code    74  judge_task.o(i.Judge_DataVerify)
    Judge_Thread1                            0x08002771   Thumb Code    64  init.o(i.Judge_Thread1)
    KernelTaskInit                           0x080027bd   Thumb Code   168  init.o(i.KernelTaskInit)
    LED0_Runsign                             0x0800288d   Thumb Code    56  bsp_gpio_init.o(i.LED0_Runsign)
    LED1_Runsign                             0x080028cd   Thumb Code    56  bsp_gpio_init.o(i.LED1_Runsign)
    LED2_Runsign                             0x0800290d   Thumb Code    56  bsp_gpio_init.o(i.LED2_Runsign)
    LED3_Runsign                             0x0800294d   Thumb Code    56  bsp_gpio_init.o(i.LED3_Runsign)
    MPU_Get_Accelerometer                    0x0800298d   Thumb Code    80  mpu6050.o(i.MPU_Get_Accelerometer)
    MPU_Get_Gyroscope                        0x080029dd   Thumb Code    80  mpu6050.o(i.MPU_Get_Gyroscope)
    MPU_IIC_Ack                              0x08002a2d   Thumb Code    62  mpuiic.o(i.MPU_IIC_Ack)
    MPU_IIC_Delay                            0x08002a79   Thumb Code    10  mpuiic.o(i.MPU_IIC_Delay)
    MPU_IIC_NAck                             0x08002a85   Thumb Code    62  mpuiic.o(i.MPU_IIC_NAck)
    MPU_IIC_Read_Byte                        0x08002ad1   Thumb Code    94  mpuiic.o(i.MPU_IIC_Read_Byte)
    MPU_IIC_Send_Byte                        0x08002b3d   Thumb Code    80  mpuiic.o(i.MPU_IIC_Send_Byte)
    MPU_IIC_Start                            0x08002b99   Thumb Code    60  mpuiic.o(i.MPU_IIC_Start)
    MPU_IIC_Stop                             0x08002be1   Thumb Code    58  mpuiic.o(i.MPU_IIC_Stop)
    MPU_IIC_Wait_Ack                         0x08002c29   Thumb Code    86  mpuiic.o(i.MPU_IIC_Wait_Ack)
    MPU_Read_Len                             0x08002c8d   Thumb Code   116  mpu6050.o(i.MPU_Read_Len)
    MPU_Write_Len                            0x08002d01   Thumb Code    96  mpu6050.o(i.MPU_Write_Len)
    Monitor_Thread1                          0x08002e0d   Thumb Code   220  monitor_task.o(i.Monitor_Thread1)
    NVIC_Init                                0x08002efd   Thumb Code   100  misc.o(i.NVIC_Init)
    NVIC_PriorityGroupConfig                 0x08002f6d   Thumb Code    10  misc.o(i.NVIC_PriorityGroupConfig)
    NVIC_StateInit                           0x08002f81   Thumb Code   124  init.o(i.NVIC_StateInit)
    OS_Tick_AcknowledgeIRQ                   0x08002ffd   Thumb Code     8  os_systick.o(i.OS_Tick_AcknowledgeIRQ)
    OS_Tick_Enable                           0x08003005   Thumb Code    38  os_systick.o(i.OS_Tick_Enable)
    OS_Tick_GetIRQn                          0x08003035   Thumb Code     6  os_systick.o(i.OS_Tick_GetIRQn)
    OS_Tick_Setup                            0x0800303d   Thumb Code    66  os_systick.o(i.OS_Tick_Setup)
    PowerMonitor_Thread1                     0x0800308d   Thumb Code    22  init.o(i.PowerMonitor_Thread1)
    PowerSupply_Task                         0x080030a5   Thumb Code   142  powersupply_task.o(i.PowerSupply_Task)
    PowerSupply_Thread1                      0x08003149   Thumb Code    14  init.o(i.PowerSupply_Thread1)
    RCC_APB1PeriphClockCmd                   0x08003159   Thumb Code    26  stm32f10x_rcc.o(i.RCC_APB1PeriphClockCmd)
    RCC_APB1PeriphResetCmd                   0x08003179   Thumb Code    26  stm32f10x_rcc.o(i.RCC_APB1PeriphResetCmd)
    RCC_APB2PeriphClockCmd                   0x08003199   Thumb Code    26  stm32f10x_rcc.o(i.RCC_APB2PeriphClockCmd)
    RCC_GetClocksFreq                        0x080031b9   Thumb Code   192  stm32f10x_rcc.o(i.RCC_GetClocksFreq)
    SDA_IN                                   0x0800328d   Thumb Code    40  bsp_iic_init.o(i.SDA_IN)
    SDA_OUT                                  0x080032b9   Thumb Code    40  bsp_iic_init.o(i.SDA_OUT)
    Send_Data_Char                           0x0800331d   Thumb Code    28  bsp_usart_init.o(i.Send_Data_Char)
    Send_FrameData                           0x0800333d   Thumb Code    96  judge_task.o(i.Send_FrameData)
    Send_Judge_Update                        0x080033a1   Thumb Code    44  judge_task.o(i.Send_Judge_Update)
    SystemInit                               0x080034bd   Thumb Code    78  system_stm32f10x.o(i.SystemInit)
    TIM_SetCompare2                          0x0800351d   Thumb Code     4  stm32f10x_tim.o(i.TIM_SetCompare2)
    USART2_IRQHandler                        0x080035d1   Thumb Code   212  bsp_usart_init.o(i.USART2_IRQHandler)
    USART_ClearITPendingBit                  0x080036b5   Thumb Code    30  stm32f10x_usart.o(i.USART_ClearITPendingBit)
    USART_ClockInit                          0x080036d3   Thumb Code    34  stm32f10x_usart.o(i.USART_ClockInit)
    USART_Cmd                                0x080036f5   Thumb Code    24  stm32f10x_usart.o(i.USART_Cmd)
    USART_GetITStatus                        0x0800370d   Thumb Code    84  stm32f10x_usart.o(i.USART_GetITStatus)
    USART_ITConfig                           0x08003761   Thumb Code    74  stm32f10x_usart.o(i.USART_ITConfig)
    USART_Init                               0x080037ad   Thumb Code   210  stm32f10x_usart.o(i.USART_Init)
    USART_ReceiveData                        0x08003885   Thumb Code    10  stm32f10x_usart.o(i.USART_ReceiveData)
    USART_SendData                           0x0800388f   Thumb Code     8  stm32f10x_usart.o(i.USART_SendData)
    USART_Send_BUFF                          0x08003897   Thumb Code    34  bsp_usart_init.o(i.USART_Send_BUFF)
    USB_HP_CAN1_TX_IRQHandler                0x080038b9   Thumb Code    38  bsp_can_init.o(i.USB_HP_CAN1_TX_IRQHandler)
    USB_LP_CAN1_RX0_IRQHandler               0x080038e9   Thumb Code    38  bsp_can_init.o(i.USB_LP_CAN1_RX0_IRQHandler)
    __ARM_fpclassify                         0x08003919   Thumb Code    40  fpclassify.o(i.__ARM_fpclassify)
    __kernel_poly                            0x08003941   Thumb Code   170  poly.o(i.__kernel_poly)
    __mathlib_dbl_divzero                    0x080039ed   Thumb Code    12  dunder.o(i.__mathlib_dbl_divzero)
    __mathlib_dbl_infnan                     0x080039fd   Thumb Code     6  dunder.o(i.__mathlib_dbl_infnan)
    __mathlib_dbl_infnan2                    0x08003a03   Thumb Code     4  dunder.o(i.__mathlib_dbl_infnan2)
    __mathlib_dbl_invalid                    0x08003a07   Thumb Code    12  dunder.o(i.__mathlib_dbl_invalid)
    __mathlib_dbl_overflow                   0x08003a13   Thumb Code    14  dunder.o(i.__mathlib_dbl_overflow)
    __mathlib_dbl_underflow                  0x08003a21   Thumb Code    10  dunder.o(i.__mathlib_dbl_underflow)
    __scatterload_copy                       0x08003a31   Thumb Code    14  handlers.o(i.__scatterload_copy)
    __scatterload_null                       0x08003a3f   Thumb Code     2  handlers.o(i.__scatterload_null)
    __scatterload_zeroinit                   0x08003a41   Thumb Code    14  handlers.o(i.__scatterload_zeroinit)
    __set_errno                              0x08003a51   Thumb Code     6  errno.o(i.__set_errno)
    append_crc16_check_sum                   0x08003a5d   Thumb Code    44  protocol.o(i.append_crc16_check_sum)
    append_crc8_check_sum                    0x08003a8d   Thumb Code    38  protocol.o(i.append_crc8_check_sum)
    asin                                     0x08003ab5   Thumb Code   572  asin.o(i.asin)
    atan                                     0x08003d25   Thumb Code   474  atan.o(i.atan)
    atan2                                    0x08003f45   Thumb Code   346  atan2.o(i.atan2)
    delay_ms                                 0x08004129   Thumb Code    32  mydelay.o(i.delay_ms)
    delay_us                                 0x08004149   Thumb Code    30  mydelay.o(i.delay_us)
    dmp_read_fifo                            0x08004169   Thumb Code   456  inv_mpu_dmp_motion_driver.o(i.dmp_read_fifo)
    get_crc16_check_sum                      0x08004335   Thumb Code    46  protocol.o(i.get_crc16_check_sum)
    get_crc8_check_sum                       0x08004369   Thumb Code    32  protocol.o(i.get_crc8_check_sum)
    judgement_data_handler                   0x0800455d   Thumb Code   164  judgement_info.o(i.judgement_data_handler)
    main                                     0x08004605   Thumb Code     8  main.o(i.main)
    mget_ms                                  0x0800460d   Thumb Code     2  inv_mpu.o(i.mget_ms)
    mpu_dmp_get_data                         0x08004611   Thumb Code   544  inv_mpu.o(i.mpu_dmp_get_data)
    mpu_read_fifo_stream                     0x08004835   Thumb Code   186  inv_mpu.o(i.mpu_read_fifo_stream)
    mpu_reset_fifo                           0x080048f5   Thumb Code   450  inv_mpu.o(i.mpu_reset_fifo)
    osDelay                                  0x08004abd   Thumb Code    56  rtx_delay.o(i.osDelay)
    osKernelInitialize                       0x08004af9   Thumb Code    52  rtx_kernel.o(i.osKernelInitialize)
    osKernelStart                            0x08004b31   Thumb Code    48  rtx_kernel.o(i.osKernelStart)
    osMessageQueueGet                        0x08004b65   Thumb Code    78  rtx_msgqueue.o(i.osMessageQueueGet)
    osMessageQueueNew                        0x08004bb9   Thumb Code    70  rtx_msgqueue.o(i.osMessageQueueNew)
    osMessageQueuePut                        0x08004c05   Thumb Code    78  rtx_msgqueue.o(i.osMessageQueuePut)
    osRtxErrorNotify                         0x08004c59   Thumb Code    32  rtx_config.o(i.osRtxErrorNotify)
    osRtxIdleThread                          0x08004c79   Thumb Code     4  rtx_config.o(i.osRtxIdleThread)
    osRtxKernelPreInit                       0x08004c89   Thumb Code     2  rtx_lib.o(i.osRtxKernelPreInit)
    osRtxMemoryAlloc                         0x08004c8b   Thumb Code   238  rtx_memory.o(i.osRtxMemoryAlloc)
    osRtxMemoryFree                          0x08004d79   Thumb Code   124  rtx_memory.o(i.osRtxMemoryFree)
    osRtxMemoryInit                          0x08004df5   Thumb Code   106  rtx_memory.o(i.osRtxMemoryInit)
    osRtxMemoryPoolAlloc                     0x08004e5f   Thumb Code    48  rtx_mempool.o(i.osRtxMemoryPoolAlloc)
    osRtxMemoryPoolFree                      0x08004e8f   Thumb Code    68  rtx_mempool.o(i.osRtxMemoryPoolFree)
    osRtxMemoryPoolInit                      0x08004ed3   Thumb Code    88  rtx_mempool.o(i.osRtxMemoryPoolInit)
    osRtxMutexOwnerRelease                   0x0800503b   Thumb Code    94  rtx_mutex.o(i.osRtxMutexOwnerRelease)
    osRtxPendSV_Handler                      0x08005099   Thumb Code   126  rtx_system.o(i.osRtxPendSV_Handler)
    osRtxPostProcess                         0x0800511d   Thumb Code    50  rtx_system.o(i.osRtxPostProcess)
    osRtxThreadDelayTick                     0x080052a9   Thumb Code   216  rtx_thread.o(i.osRtxThreadDelayTick)
    osRtxThreadDispatch                      0x08005385   Thumb Code   106  rtx_thread.o(i.osRtxThreadDispatch)
    osRtxThreadListGet                       0x08005465   Thumb Code    28  rtx_thread.o(i.osRtxThreadListGet)
    osRtxThreadListPut                       0x08005481   Thumb Code    50  rtx_thread.o(i.osRtxThreadListPut)
    osRtxThreadListRemove                    0x080054b3   Thumb Code    26  rtx_thread.o(i.osRtxThreadListRemove)
    osRtxThreadReadyPut                      0x08005511   Thumb Code    18  rtx_thread.o(i.osRtxThreadReadyPut)
    osRtxThreadRegPtr                        0x08005529   Thumb Code    14  rtx_thread.o(i.osRtxThreadRegPtr)
    osRtxThreadStackCheck                    0x08005545   Thumb Code    38  rtx_thread.o(i.osRtxThreadStackCheck)
    osRtxThreadStartup                       0x08005571   Thumb Code    78  rtx_thread.o(i.osRtxThreadStartup)
    osRtxThreadSwitch                        0x080055d1   Thumb Code    24  rtx_thread.o(i.osRtxThreadSwitch)
    osRtxThreadWaitEnter                     0x080055ed   Thumb Code    78  rtx_thread.o(i.osRtxThreadWaitEnter)
    osRtxThreadWaitExit                      0x08005641   Thumb Code    54  rtx_thread.o(i.osRtxThreadWaitExit)
    osRtxTick_Handler                        0x08005679   Thumb Code   154  rtx_system.o(i.osRtxTick_Handler)
    osRtxTimerThread                         0x08005719   Thumb Code    76  rtx_timer.o(i.osRtxTimerThread)
    osSemaphoreAcquire                       0x080057cd   Thumb Code   128  rtx_semaphore.o(i.osSemaphoreAcquire)
    osSemaphoreNew                           0x08005851   Thumb Code    70  rtx_semaphore.o(i.osSemaphoreNew)
    osSemaphoreRelease                       0x0800589d   Thumb Code    50  rtx_semaphore.o(i.osSemaphoreRelease)
    osThreadCreate                           0x080058d5   Thumb Code    24  cmsis_os1.o(i.osThreadCreate)
    osThreadExit                             0x080058ed   Thumb Code    28  rtx_thread.o(i.osThreadExit)
    osThreadNew                              0x0800590d   Thumb Code    70  rtx_thread.o(i.osThreadNew)
    pow                                      0x08005959   Thumb Code  2512  pow.o(i.pow)
    sqrt                                     0x08006331   Thumb Code    76  sqrt.o(i.sqrt)
    verify_crc16_check_sum                   0x08006fb9   Thumb Code    60  protocol.o(i.verify_crc16_check_sum)
    verify_crc8_check_sum                    0x08006ff9   Thumb Code    48  protocol.o(i.verify_crc8_check_sum)
    os_thread_def_CAN_Thread1                0x08007028   Data          40  init.o(.constdata)
    os_thread_def_Judge_Thread1              0x08007050   Data          40  init.o(.constdata)
    os_thread_def_PowerMonitor_Thread1       0x08007078   Data          40  init.o(.constdata)
    os_thread_def_Monitor_Thread1            0x080070a0   Data          40  init.o(.constdata)
    os_thread_def_IMU_Thread1                0x080070c8   Data          40  init.o(.constdata)
    os_thread_def_PowerSupply_Thread1        0x080070f0   Data          40  init.o(.constdata)
    os_semaphore_def_GRYO_Semaphore          0x08007118   Data          16  init.o(.constdata)
    CRC8_INIT                                0x08007128   Data           1  protocol.o(.constdata)
    CRC8_TAB                                 0x08007129   Data         256  protocol.o(.constdata)
    wCRC_Table                               0x0800722a   Data         512  protocol.o(.constdata)
    reg                                      0x0800742c   Data          27  inv_mpu.o(.constdata)
    hw                                       0x08007448   Data          12  inv_mpu.o(.constdata)
    test                                     0x08007454   Data          40  inv_mpu.o(.constdata)
    osRtxUserSVC                             0x080074dc   Data           4  rtx_lib.o(.constdata)
    __mathlib_zero                           0x08007650   Data           8  qnan.o(.constdata)
    osRtxConfig                              0x08007664   Data         104  rtx_lib.o(.rodata)
    Region$$Table$$Base                      0x080076cc   Number         0  anon$$obj.o(Region$$Table)
    Region$$Table$$Limit                     0x080076ec   Number         0  anon$$obj.o(Region$$Table)
    .bss.os.msgqueue.cb$$Base                0x20001040   Number         0  rtx_lib.o(.bss.os.msgqueue.cb)
    .bss.os.msgqueue.cb$$Limit               0x20001074   Number         0  rtx_lib.o(.bss.os.msgqueue.cb)
    .bss.os.semaphore.cb$$Base               0x200010c4   Number         0  init.o(.bss.os.semaphore.cb)
    .bss.os.semaphore.cb$$Limit              0x200010d4   Number         0  init.o(.bss.os.semaphore.cb)
    .bss.os.thread.cb$$Base                  0x200010d4   Number         0  init.o(.bss.os.thread.cb)
    .bss.os.thread.cb$$Limit                 0x200012f4   Number         0  rtx_lib.o(.bss.os.thread.cb)
    T_CAN_ID1                                0x20001ff8   Data           4  init.o(.data)
    T_Judge_ID1                              0x20001ffc   Data           4  init.o(.data)
    T_PowerMonitor_ID1                       0x20002000   Data           4  init.o(.data)
    T_Monitor_ID1                            0x20002004   Data           4  init.o(.data)
    T_IMU_ID1                                0x20002008   Data           4  init.o(.data)
    T_PowerSupply_ID1                        0x2000200c   Data           4  init.o(.data)
    GRYO_Semaphore                           0x20002010   Data           4  init.o(.data)
    USART2_RX_STA                            0x20002016   Data           2  bsp_usart_init.o(.data)
    SuperCapacitor_CompareState              0x20002022   Data           2  bsp_supercapacitor_init.o(.data)
    Output_ratio                             0x20002024   Data           2  bsp_supercapacitor_init.o(.data)
    RobotType                                0x20002028   Data           1  can_task.o(.data)
    systick_ms                               0x2000202c   Data           4  can_task.o(.data)
    ReadJudgementState                       0x20002030   Data           1  judge_task.o(.data)
    SysErrorStatus                           0x2000204e   Data           2  monitor_task.o(.data)
    CRC_INIT                                 0x20002050   Data           2  protocol.o(.data)
    yaw_angle                                0x20002054   Data           4  mpu6050.o(.data)
    pitch_angle                              0x20002058   Data           4  mpu6050.o(.data)
    roll_angle                               0x2000205c   Data           4  mpu6050.o(.data)
    SystemCoreClock                          0x200020b8   Data           4  system_stm32f10x.o(.data)
    AHBPrescTable                            0x200020bc   Data          16  system_stm32f10x.o(.data)
    osRtxInfo                                0x200020d0   Data         164  rtx_kernel.o(.data.os)
    RXMsg                                    0x20002174   Data          20  bsp_can_init.o(.bss)
    TXMsg                                    0x20002188   Data          20  bsp_can_init.o(.bss)
    USART2_Get_Channel                       0x2000219c   Data          50  bsp_usart_init.o(.bss)
    INAReal_Data                             0x200021d0   Data          12  ina260_driver.o(.bss)
    Judgement                                0x200021dc   Data          14  can_task.o(.bss)
    SendToJudgementData                      0x200021ec   Data          12  can_task.o(.bss)
    Client_Show_Data                         0x200021f8   Data          13  judge_task.o(.bss)
    Real_Monitor                             0x20002206   Data          10  monitor_task.o(.bss)
    Rate_Monitor                             0x20002210   Data          10  monitor_task.o(.bss)
    judge_rece_mesg                          0x2000221a   Data          56  judgement_info.o(.bss)
    MPU6050_Real_Data                        0x20002254   Data          32  mpu6050.o(.bss)
    MPU6050_Offest_Data                      0x20002274   Data          37  mpu6050.o(.bss)
    __initial_sp                             0x200026b0   Data           0  startup_stm32f10x_md.o(STACK)



==============================================================================

Memory Map of the image

  Image Entry point : 0x080000ed

  Load Region LR_IROM1 (Base: 0x08000000, Size: 0x00009860, Max: 0x00010000, ABSOLUTE, COMPRESSED[0x00007768])

    Execution Region ER_IROM1 (Exec base: 0x08000000, Load base: 0x08000000, Size: 0x000076ec, Max: 0x00010000, ABSOLUTE)

    Exec Addr    Load Addr    Size         Type   Attr      Idx    E Section Name        Object

    0x08000000   0x08000000   0x000000ec   Data   RO         6261    RESET               startup_stm32f10x_md.o
    0x080000ec   0x080000ec   0x00000000   Code   RO         6348  * .ARM.Collect$$$$00000000  mc_w.l(entry.o)
    0x080000ec   0x080000ec   0x00000004   Code   RO         6687    .ARM.Collect$$$$00000001  mc_w.l(entry2.o)
    0x080000f0   0x080000f0   0x00000004   Code   RO         6690    .ARM.Collect$$$$00000004  mc_w.l(entry5.o)
    0x080000f4   0x080000f4   0x00000000   Code   RO         6692    .ARM.Collect$$$$00000008  mc_w.l(entry7b.o)
    0x080000f4   0x080000f4   0x00000000   Code   RO         6694    .ARM.Collect$$$$0000000A  mc_w.l(entry8b.o)
    0x080000f4   0x080000f4   0x00000008   Code   RO         6695    .ARM.Collect$$$$0000000B  mc_w.l(entry9a.o)
    0x080000fc   0x080000fc   0x00000000   Code   RO         6697    .ARM.Collect$$$$0000000D  mc_w.l(entry10a.o)
    0x080000fc   0x080000fc   0x00000000   Code   RO         6699    .ARM.Collect$$$$0000000F  mc_w.l(entry11a.o)
    0x080000fc   0x080000fc   0x00000004   Code   RO         6688    .ARM.Collect$$$$00002712  mc_w.l(entry2.o)
    0x08000100   0x08000100   0x00000148   Code   RO         3301    .emb_text           rtx_mempool.o
    0x08000248   0x08000248   0x00000148   Code   RO         3463    .emb_text           rtx_msgqueue.o
    0x08000390   0x08000390   0x00000148   Code   RO         3748    .emb_text           rtx_semaphore.o
    0x080004d8   0x080004d8   0x00000148   Code   RO         3869    .emb_text           rtx_system.o
    0x08000620   0x08000620   0x00000148   Code   RO         3925    .emb_text           rtx_thread.o
    0x08000768   0x08000768   0x00000094   Code   RO         1753    .text               irq_cm3.o
    0x080007fc   0x080007fc   0x00000024   Code   RO         6262    .text               startup_stm32f10x_md.o
    0x08000820   0x08000820   0x00000024   Code   RO         6353    .text               mc_w.l(memcpya.o)
    0x08000844   0x08000844   0x00000024   Code   RO         6355    .text               mc_w.l(memseta.o)
    0x08000868   0x08000868   0x000000b0   Code   RO         6622    .text               mf_w.l(fadd.o)
    0x08000918   0x08000918   0x00000064   Code   RO         6624    .text               mf_w.l(fmul.o)
    0x0800097c   0x0800097c   0x0000007c   Code   RO         6626    .text               mf_w.l(fdiv.o)
    0x080009f8   0x080009f8   0x0000014e   Code   RO         6628    .text               mf_w.l(dadd.o)
    0x08000b46   0x08000b46   0x000000e4   Code   RO         6630    .text               mf_w.l(dmul.o)
    0x08000c2a   0x08000c2a   0x000000de   Code   RO         6632    .text               mf_w.l(ddiv.o)
    0x08000d08   0x08000d08   0x00000012   Code   RO         6634    .text               mf_w.l(fflti.o)
    0x08000d1a   0x08000d1a   0x00000022   Code   RO         6638    .text               mf_w.l(dflti.o)
    0x08000d3c   0x08000d3c   0x0000001a   Code   RO         6640    .text               mf_w.l(dfltui.o)
    0x08000d56   0x08000d56   0x00000032   Code   RO         6642    .text               mf_w.l(ffixi.o)
    0x08000d88   0x08000d88   0x0000003e   Code   RO         6646    .text               mf_w.l(dfixi.o)
    0x08000dc6   0x08000dc6   0x00000032   Code   RO         6648    .text               mf_w.l(dfixui.o)
    0x08000df8   0x08000df8   0x00000026   Code   RO         6650    .text               mf_w.l(f2d.o)
    0x08000e1e   0x08000e1e   0x00000038   Code   RO         6652    .text               mf_w.l(d2f.o)
    0x08000e56   0x08000e56   0x00000002   PAD
    0x08000e58   0x08000e58   0x00000014   Code   RO         6654    .text               mf_w.l(cfcmple.o)
    0x08000e6c   0x08000e6c   0x00000014   Code   RO         6656    .text               mf_w.l(cfrcmple.o)
    0x08000e80   0x08000e80   0x0000001e   Code   RO         6708    .text               mc_w.l(llshl.o)
    0x08000e9e   0x08000e9e   0x00000020   Code   RO         6710    .text               mc_w.l(llushr.o)
    0x08000ebe   0x08000ebe   0x00000024   Code   RO         6712    .text               mc_w.l(llsshr.o)
    0x08000ee2   0x08000ee2   0x00000000   Code   RO         6721    .text               mc_w.l(iusefp.o)
    0x08000ee2   0x08000ee2   0x0000006e   Code   RO         6722    .text               mf_w.l(fepilogue.o)
    0x08000f50   0x08000f50   0x000000ba   Code   RO         6724    .text               mf_w.l(depilogue.o)
    0x0800100a   0x0800100a   0x0000002e   Code   RO         6726    .text               mf_w.l(dscalb.o)
    0x08001038   0x08001038   0x000000a2   Code   RO         6728    .text               mf_w.l(dsqrt.o)
    0x080010da   0x080010da   0x00000002   PAD
    0x080010dc   0x080010dc   0x00000030   Code   RO         6734    .text               mf_w.l(cdrcmple.o)
    0x0800110c   0x0800110c   0x00000024   Code   RO         6736    .text               mc_w.l(init.o)
    0x08001130   0x08001130   0x00000056   Code   RO         6748    .text               mc_w.l(__dczerorl2.o)
    0x08001186   0x08001186   0x00000002   PAD
    0x08001188   0x08001188   0x000000ec   Code   RO          268    i.BSP_Can_Init      bsp_can_init.o
    0x08001274   0x08001274   0x00000068   Code   RO          370    i.BSP_GPIO_Init     bsp_gpio_init.o
    0x080012dc   0x080012dc   0x000000a8   Code   RO          321    i.BSP_USART2_Init   bsp_usart_init.o
    0x08001384   0x08001384   0x00000174   Code   RO          609    i.CAN1_SendData_Update  can_task.o
    0x080014f8   0x080014f8   0x00000074   Code   RO          610    i.CAN1_Send_16bitMessage  can_task.o
    0x0800156c   0x0800156c   0x000000a8   Code   RO         4857    i.CAN_ClearITPendingBit  stm32f10x_can.o
    0x08001614   0x08001614   0x00000038   Code   RO         4859    i.CAN_DeInit        stm32f10x_can.o
    0x0800164c   0x0800164c   0x00000108   Code   RO         4861    i.CAN_FilterInit    stm32f10x_can.o
    0x08001754   0x08001754   0x00000120   Code   RO         4863    i.CAN_GetITStatus   stm32f10x_can.o
    0x08001874   0x08001874   0x00000012   Code   RO         4867    i.CAN_ITConfig      stm32f10x_can.o
    0x08001886   0x08001886   0x00000114   Code   RO         4868    i.CAN_Init          stm32f10x_can.o
    0x0800199a   0x0800199a   0x000000f0   Code   RO         4871    i.CAN_Receive       stm32f10x_can.o
    0x08001a8a   0x08001a8a   0x00000002   PAD
    0x08001a8c   0x08001a8c   0x0000005c   Code   RO          611    i.CAN_Revicer       can_task.o
    0x08001ae8   0x08001ae8   0x00000020   Code   RO         4874    i.CAN_StructInit    stm32f10x_can.o
    0x08001b08   0x08001b08   0x00000016   Code   RO          198    i.CAN_Thread1       init.o
    0x08001b1e   0x08001b1e   0x00000126   Code   RO         4876    i.CAN_Transmit      stm32f10x_can.o
    0x08001c44   0x08001c44   0x000000c4   Code   RO          612    i.CAN_TxMssage      can_task.o
    0x08001d08   0x08001d08   0x00000012   Code   RO         4879    i.CheckITStatus     stm32f10x_can.o
    0x08001d1a   0x08001d1a   0x00000002   PAD
    0x08001d1c   0x08001d1c   0x00000034   Code   RO         1040    i.EXTI9_5_IRQHandler  mpu6050_interrupt.o
    0x08001d50   0x08001d50   0x0000000c   Code   RO         5106    i.EXTI_ClearFlag    stm32f10x_exti.o
    0x08001d5c   0x08001d5c   0x0000000c   Code   RO         5107    i.EXTI_ClearITPendingBit  stm32f10x_exti.o
    0x08001d68   0x08001d68   0x00000028   Code   RO         5111    i.EXTI_GetITStatus  stm32f10x_exti.o
    0x08001d90   0x08001d90   0x00000002   Code   RO         1990    i.EvrRtxEventFlagsWaitTimeout  rtx_evr.o
    0x08001d92   0x08001d92   0x00000002   Code   RO         1991    i.EvrRtxKernelError  rtx_evr.o
    0x08001d94   0x08001d94   0x00000002   Code   RO         1999    i.EvrRtxKernelInitialize  rtx_evr.o
    0x08001d96   0x08001d96   0x00000002   Code   RO         2000    i.EvrRtxKernelInitialized  rtx_evr.o
    0x08001d98   0x08001d98   0x00000002   Code   RO         2007    i.EvrRtxKernelStart  rtx_evr.o
    0x08001d9a   0x08001d9a   0x00000002   Code   RO         2008    i.EvrRtxKernelStarted  rtx_evr.o
    0x08001d9c   0x08001d9c   0x00000002   Code   RO         2013    i.EvrRtxMemoryAlloc  rtx_evr.o
    0x08001d9e   0x08001d9e   0x00000002   Code   RO         2014    i.EvrRtxMemoryBlockAlloc  rtx_evr.o
    0x08001da0   0x08001da0   0x00000002   Code   RO         2015    i.EvrRtxMemoryBlockFree  rtx_evr.o
    0x08001da2   0x08001da2   0x00000002   Code   RO         2016    i.EvrRtxMemoryBlockInit  rtx_evr.o
    0x08001da4   0x08001da4   0x00000002   Code   RO         2017    i.EvrRtxMemoryFree  rtx_evr.o
    0x08001da6   0x08001da6   0x00000002   Code   RO         2018    i.EvrRtxMemoryInit  rtx_evr.o
    0x08001da8   0x08001da8   0x00000002   Code   RO         2022    i.EvrRtxMemoryPoolAllocTimeout  rtx_evr.o
    0x08001daa   0x08001daa   0x00000002   Code   RO         2037    i.EvrRtxMessageQueueCreated  rtx_evr.o
    0x08001dac   0x08001dac   0x00000002   Code   RO         2040    i.EvrRtxMessageQueueError  rtx_evr.o
    0x08001dae   0x08001dae   0x00000002   Code   RO         2041    i.EvrRtxMessageQueueGet  rtx_evr.o
    0x08001db0   0x08001db0   0x00000002   Code   RO         2046    i.EvrRtxMessageQueueGetPending  rtx_evr.o
    0x08001db2   0x08001db2   0x00000002   Code   RO         2048    i.EvrRtxMessageQueueGetTimeout  rtx_evr.o
    0x08001db4   0x08001db4   0x00000002   Code   RO         2049    i.EvrRtxMessageQueueInsertPending  rtx_evr.o
    0x08001db6   0x08001db6   0x00000002   Code   RO         2050    i.EvrRtxMessageQueueInserted  rtx_evr.o
    0x08001db8   0x08001db8   0x00000002   Code   RO         2051    i.EvrRtxMessageQueueNew  rtx_evr.o
    0x08001dba   0x08001dba   0x00000002   Code   RO         2052    i.EvrRtxMessageQueueNotInserted  rtx_evr.o
    0x08001dbc   0x08001dbc   0x00000002   Code   RO         2053    i.EvrRtxMessageQueueNotRetrieved  rtx_evr.o
    0x08001dbe   0x08001dbe   0x00000002   Code   RO         2054    i.EvrRtxMessageQueuePut  rtx_evr.o
    0x08001dc0   0x08001dc0   0x00000002   Code   RO         2055    i.EvrRtxMessageQueuePutPending  rtx_evr.o
    0x08001dc2   0x08001dc2   0x00000002   Code   RO         2056    i.EvrRtxMessageQueuePutTimeout  rtx_evr.o
    0x08001dc4   0x08001dc4   0x00000002   Code   RO         2059    i.EvrRtxMessageQueueRetrieved  rtx_evr.o
    0x08001dc6   0x08001dc6   0x00000002   Code   RO         2062    i.EvrRtxMutexAcquireTimeout  rtx_evr.o
    0x08001dc8   0x08001dc8   0x00000002   Code   RO         2063    i.EvrRtxMutexAcquired  rtx_evr.o
    0x08001dca   0x08001dca   0x00000002   Code   RO         2073    i.EvrRtxMutexReleased  rtx_evr.o
    0x08001dcc   0x08001dcc   0x00000002   Code   RO         2074    i.EvrRtxSemaphoreAcquire  rtx_evr.o
    0x08001dce   0x08001dce   0x00000002   Code   RO         2075    i.EvrRtxSemaphoreAcquirePending  rtx_evr.o
    0x08001dd0   0x08001dd0   0x00000002   Code   RO         2076    i.EvrRtxSemaphoreAcquireTimeout  rtx_evr.o
    0x08001dd2   0x08001dd2   0x00000002   Code   RO         2077    i.EvrRtxSemaphoreAcquired  rtx_evr.o
    0x08001dd4   0x08001dd4   0x00000002   Code   RO         2078    i.EvrRtxSemaphoreCreated  rtx_evr.o
    0x08001dd6   0x08001dd6   0x00000002   Code   RO         2081    i.EvrRtxSemaphoreError  rtx_evr.o
    0x08001dd8   0x08001dd8   0x00000002   Code   RO         2084    i.EvrRtxSemaphoreNew  rtx_evr.o
    0x08001dda   0x08001dda   0x00000002   Code   RO         2085    i.EvrRtxSemaphoreNotAcquired  rtx_evr.o
    0x08001ddc   0x08001ddc   0x00000002   Code   RO         2086    i.EvrRtxSemaphoreRelease  rtx_evr.o
    0x08001dde   0x08001dde   0x00000002   Code   RO         2087    i.EvrRtxSemaphoreReleased  rtx_evr.o
    0x08001de0   0x08001de0   0x00000002   Code   RO         2088    i.EvrRtxThreadBlocked  rtx_evr.o
    0x08001de2   0x08001de2   0x00000002   Code   RO         2089    i.EvrRtxThreadCreated  rtx_evr.o
    0x08001de4   0x08001de4   0x00000002   Code   RO         2090    i.EvrRtxThreadDelay  rtx_evr.o
    0x08001de6   0x08001de6   0x00000002   Code   RO         2091    i.EvrRtxThreadDelayCompleted  rtx_evr.o
    0x08001de8   0x08001de8   0x00000002   Code   RO         2093    i.EvrRtxThreadDestroyed  rtx_evr.o
    0x08001dea   0x08001dea   0x00000002   Code   RO         2097    i.EvrRtxThreadError  rtx_evr.o
    0x08001dec   0x08001dec   0x00000002   Code   RO         2098    i.EvrRtxThreadExit  rtx_evr.o
    0x08001dee   0x08001dee   0x00000002   Code   RO         2105    i.EvrRtxThreadFlagsWaitCompleted  rtx_evr.o
    0x08001df0   0x08001df0   0x00000002   Code   RO         2108    i.EvrRtxThreadFlagsWaitTimeout  rtx_evr.o
    0x08001df2   0x08001df2   0x00000002   Code   RO         2118    i.EvrRtxThreadJoined  rtx_evr.o
    0x08001df4   0x08001df4   0x00000002   Code   RO         2119    i.EvrRtxThreadNew   rtx_evr.o
    0x08001df6   0x08001df6   0x00000002   Code   RO         2120    i.EvrRtxThreadPreempted  rtx_evr.o
    0x08001df8   0x08001df8   0x00000002   Code   RO         2126    i.EvrRtxThreadSwitched  rtx_evr.o
    0x08001dfa   0x08001dfa   0x00000002   Code   RO         2128    i.EvrRtxThreadUnblocked  rtx_evr.o
    0x08001dfc   0x08001dfc   0x00000002   Code   RO         2130    i.EvrRtxTimerCallback  rtx_evr.o
    0x08001dfe   0x08001dfe   0x00000116   Code   RO         5178    i.GPIO_Init         stm32f10x_gpio.o
    0x08001f14   0x08001f14   0x00000012   Code   RO         5182    i.GPIO_ReadInputDataBit  stm32f10x_gpio.o
    0x08001f26   0x08001f26   0x00000004   Code   RO         5185    i.GPIO_ResetBits    stm32f10x_gpio.o
    0x08001f2a   0x08001f2a   0x00000004   Code   RO         5186    i.GPIO_SetBits      stm32f10x_gpio.o
    0x08001f2e   0x08001f2e   0x00000002   PAD
    0x08001f30   0x08001f30   0x00000040   Code   RO          489    i.IIC_Ack           bsp_iic_init.o
    0x08001f70   0x08001f70   0x00000040   Code   RO          490    i.IIC_Configuration  bsp_iic_init.o
    0x08001fb0   0x08001fb0   0x00000040   Code   RO          491    i.IIC_NoAck         bsp_iic_init.o
    0x08001ff0   0x08001ff0   0x00000060   Code   RO          492    i.IIC_ReadByte      bsp_iic_init.o
    0x08002050   0x08002050   0x00000068   Code   RO          493    i.IIC_SendByte      bsp_iic_init.o
    0x080020b8   0x080020b8   0x00000044   Code   RO          494    i.IIC_Start         bsp_iic_init.o
    0x080020fc   0x080020fc   0x00000040   Code   RO          495    i.IIC_Stop          bsp_iic_init.o
    0x0800213c   0x0800213c   0x0000005c   Code   RO          496    i.IIC_WaitAck       bsp_iic_init.o
    0x08002198   0x08002198   0x0000001e   Code   RO          497    i.IIC_delay         bsp_iic_init.o
    0x080021b6   0x080021b6   0x00000002   PAD
    0x080021b8   0x080021b8   0x00000018   Code   RO          199    i.IMU_Thread1       init.o
    0x080021d0   0x080021d0   0x000002a8   Code   RO          930    i.IMU_Update        mpu6050.o
    0x08002478   0x08002478   0x00000068   Code   RO          419    i.INA260_DataUpdate  ina260_driver.o
    0x080024e0   0x080024e0   0x00000078   Code   RO          420    i.INA_Get_Current_mA  ina260_driver.o
    0x08002558   0x08002558   0x00000024   Code   RO          421    i.INA_Get_Power_mW  ina260_driver.o
    0x0800257c   0x0800257c   0x00000034   Code   RO          422    i.INA_Get_Voltage_mV  ina260_driver.o
    0x080025b0   0x080025b0   0x00000012   Code   RO          423    i.INA_Init          ina260_driver.o
    0x080025c2   0x080025c2   0x0000004c   Code   RO          424    i.INA_REG_Write     ina260_driver.o
    0x0800260e   0x0800260e   0x00000044   Code   RO          425    i.INA_Read_Byte     ina260_driver.o
    0x08002652   0x08002652   0x00000018   Code   RO         1761    i.IsIrqMasked       rtx_delay.o
    0x0800266a   0x0800266a   0x00000018   Code   RO         2996    i.IsIrqMasked       rtx_kernel.o
    0x08002682   0x08002682   0x00000018   Code   RO         3464    i.IsIrqMasked       rtx_msgqueue.o
    0x0800269a   0x0800269a   0x00000018   Code   RO         3749    i.IsIrqMasked       rtx_semaphore.o
    0x080026b2   0x080026b2   0x00000018   Code   RO         3926    i.IsIrqMasked       rtx_thread.o
    0x080026ca   0x080026ca   0x00000010   Code   RO         1762    i.IsIrqMode         rtx_delay.o
    0x080026da   0x080026da   0x00000010   Code   RO         2997    i.IsIrqMode         rtx_kernel.o
    0x080026ea   0x080026ea   0x00000010   Code   RO         3465    i.IsIrqMode         rtx_msgqueue.o
    0x080026fa   0x080026fa   0x00000010   Code   RO         3750    i.IsIrqMode         rtx_semaphore.o
    0x0800270a   0x0800270a   0x00000010   Code   RO         3927    i.IsIrqMode         rtx_thread.o
    0x0800271a   0x0800271a   0x00000002   PAD
    0x0800271c   0x0800271c   0x00000054   Code   RO          659    i.Judge_DataVerify  judge_task.o
    0x08002770   0x08002770   0x0000004c   Code   RO          200    i.Judge_Thread1     init.o
    0x080027bc   0x080027bc   0x000000d0   Code   RO          201    i.KernelTaskInit    init.o
    0x0800288c   0x0800288c   0x00000040   Code   RO          371    i.LED0_Runsign      bsp_gpio_init.o
    0x080028cc   0x080028cc   0x00000040   Code   RO          372    i.LED1_Runsign      bsp_gpio_init.o
    0x0800290c   0x0800290c   0x00000040   Code   RO          373    i.LED2_Runsign      bsp_gpio_init.o
    0x0800294c   0x0800294c   0x00000040   Code   RO          374    i.LED3_Runsign      bsp_gpio_init.o
    0x0800298c   0x0800298c   0x00000050   Code   RO          931    i.MPU_Get_Accelerometer  mpu6050.o
    0x080029dc   0x080029dc   0x00000050   Code   RO          932    i.MPU_Get_Gyroscope  mpu6050.o
    0x08002a2c   0x08002a2c   0x0000004c   Code   RO          858    i.MPU_IIC_Ack       mpuiic.o
    0x08002a78   0x08002a78   0x0000000a   Code   RO          859    i.MPU_IIC_Delay     mpuiic.o
    0x08002a82   0x08002a82   0x00000002   PAD
    0x08002a84   0x08002a84   0x0000004c   Code   RO          861    i.MPU_IIC_NAck      mpuiic.o
    0x08002ad0   0x08002ad0   0x0000006c   Code   RO          862    i.MPU_IIC_Read_Byte  mpuiic.o
    0x08002b3c   0x08002b3c   0x0000005c   Code   RO          863    i.MPU_IIC_Send_Byte  mpuiic.o
    0x08002b98   0x08002b98   0x00000048   Code   RO          864    i.MPU_IIC_Start     mpuiic.o
    0x08002be0   0x08002be0   0x00000048   Code   RO          865    i.MPU_IIC_Stop      mpuiic.o
    0x08002c28   0x08002c28   0x00000064   Code   RO          866    i.MPU_IIC_Wait_Ack  mpuiic.o
    0x08002c8c   0x08002c8c   0x00000074   Code   RO          936    i.MPU_Read_Len      mpu6050.o
    0x08002d00   0x08002d00   0x00000060   Code   RO          942    i.MPU_Write_Len     mpu6050.o
    0x08002d60   0x08002d60   0x0000000a   Code   RO         3254    i.MemBlockPtr       rtx_memory.o
    0x08002d6a   0x08002d6a   0x00000034   Code   RO         3466    i.MessageQueueGet   rtx_msgqueue.o
    0x08002d9e   0x08002d9e   0x0000004c   Code   RO         3467    i.MessageQueuePut   rtx_msgqueue.o
    0x08002dea   0x08002dea   0x00000022   Code   RO         3468    i.MessageQueueRemove  rtx_msgqueue.o
    0x08002e0c   0x08002e0c   0x000000f0   Code   RO          703    i.Monitor_Thread1   monitor_task.o
    0x08002efc   0x08002efc   0x00000070   Code   RO         4573    i.NVIC_Init         misc.o
    0x08002f6c   0x08002f6c   0x00000014   Code   RO         4574    i.NVIC_PriorityGroupConfig  misc.o
    0x08002f80   0x08002f80   0x0000007c   Code   RO          202    i.NVIC_StateInit    init.o
    0x08002ffc   0x08002ffc   0x00000008   Code   RO         4469    i.OS_Tick_AcknowledgeIRQ  os_systick.o
    0x08003004   0x08003004   0x00000030   Code   RO         4471    i.OS_Tick_Enable    os_systick.o
    0x08003034   0x08003034   0x00000006   Code   RO         4474    i.OS_Tick_GetIRQn   os_systick.o
    0x0800303a   0x0800303a   0x00000002   PAD
    0x0800303c   0x0800303c   0x00000050   Code   RO         4477    i.OS_Tick_Setup     os_systick.o
    0x0800308c   0x0800308c   0x00000016   Code   RO          203    i.PowerMonitor_Thread1  init.o
    0x080030a2   0x080030a2   0x00000002   PAD
    0x080030a4   0x080030a4   0x000000a4   Code   RO          734    i.PowerSupply_Task  powersupply_task.o
    0x08003148   0x08003148   0x0000000e   Code   RO          204    i.PowerSupply_Thread1  init.o
    0x08003156   0x08003156   0x00000002   PAD
    0x08003158   0x08003158   0x00000020   Code   RO         5300    i.RCC_APB1PeriphClockCmd  stm32f10x_rcc.o
    0x08003178   0x08003178   0x00000020   Code   RO         5301    i.RCC_APB1PeriphResetCmd  stm32f10x_rcc.o
    0x08003198   0x08003198   0x00000020   Code   RO         5302    i.RCC_APB2PeriphClockCmd  stm32f10x_rcc.o
    0x080031b8   0x080031b8   0x000000d4   Code   RO         5310    i.RCC_GetClocksFreq  stm32f10x_rcc.o
    0x0800328c   0x0800328c   0x0000002c   Code   RO          498    i.SDA_IN            bsp_iic_init.o
    0x080032b8   0x080032b8   0x0000002c   Code   RO          499    i.SDA_OUT           bsp_iic_init.o
    0x080032e4   0x080032e4   0x00000018   Code   RO         3751    i.SemaphoreTokenDecrement  rtx_semaphore.o
    0x080032fc   0x080032fc   0x0000001e   Code   RO         3752    i.SemaphoreTokenIncrement  rtx_semaphore.o
    0x0800331a   0x0800331a   0x00000002   PAD
    0x0800331c   0x0800331c   0x00000020   Code   RO          322    i.Send_Data_Char    bsp_usart_init.o
    0x0800333c   0x0800333c   0x00000064   Code   RO          660    i.Send_FrameData    judge_task.o
    0x080033a0   0x080033a0   0x00000034   Code   RO          661    i.Send_Judge_Update  judge_task.o
    0x080033d4   0x080033d4   0x00000008   Code   RO         6269    i.SetSysClock       system_stm32f10x.o
    0x080033dc   0x080033dc   0x000000e0   Code   RO         6270    i.SetSysClockTo72   system_stm32f10x.o
    0x080034bc   0x080034bc   0x00000060   Code   RO         6272    i.SystemInit        system_stm32f10x.o
    0x0800351c   0x0800351c   0x00000004   Code   RO         5588    i.TIM_SetCompare2   stm32f10x_tim.o
    0x08003520   0x08003520   0x00000056   Code   RO         3928    i.ThreadFlagsCheck  rtx_thread.o
    0x08003576   0x08003576   0x00000002   PAD
    0x08003578   0x08003578   0x00000040   Code   RO         4345    i.TimerInsert       rtx_timer.o
    0x080035b8   0x080035b8   0x00000018   Code   RO         4347    i.TimerUnlink       rtx_timer.o
    0x080035d0   0x080035d0   0x000000e4   Code   RO          323    i.USART2_IRQHandler  bsp_usart_init.o
    0x080036b4   0x080036b4   0x0000001e   Code   RO         6071    i.USART_ClearITPendingBit  stm32f10x_usart.o
    0x080036d2   0x080036d2   0x00000022   Code   RO         6072    i.USART_ClockInit   stm32f10x_usart.o
    0x080036f4   0x080036f4   0x00000018   Code   RO         6074    i.USART_Cmd         stm32f10x_usart.o
    0x0800370c   0x0800370c   0x00000054   Code   RO         6078    i.USART_GetITStatus  stm32f10x_usart.o
    0x08003760   0x08003760   0x0000004a   Code   RO         6080    i.USART_ITConfig    stm32f10x_usart.o
    0x080037aa   0x080037aa   0x00000002   PAD
    0x080037ac   0x080037ac   0x000000d8   Code   RO         6081    i.USART_Init        stm32f10x_usart.o
    0x08003884   0x08003884   0x0000000a   Code   RO         6088    i.USART_ReceiveData  stm32f10x_usart.o
    0x0800388e   0x0800388e   0x00000008   Code   RO         6091    i.USART_SendData    stm32f10x_usart.o
    0x08003896   0x08003896   0x00000022   Code   RO          324    i.USART_Send_BUFF   bsp_usart_init.o
    0x080038b8   0x080038b8   0x00000030   Code   RO          269    i.USB_HP_CAN1_TX_IRQHandler  bsp_can_init.o
    0x080038e8   0x080038e8   0x00000030   Code   RO          270    i.USB_LP_CAN1_RX0_IRQHandler  bsp_can_init.o
    0x08003918   0x08003918   0x00000028   Code   RO         6682    i.__ARM_fpclassify  m_ws.l(fpclassify.o)
    0x08003940   0x08003940   0x000000aa   Code   RO         6684    i.__kernel_poly     m_ws.l(poly.o)
    0x080039ea   0x080039ea   0x00000002   PAD
    0x080039ec   0x080039ec   0x00000010   Code   RO         6668    i.__mathlib_dbl_divzero  m_ws.l(dunder.o)
    0x080039fc   0x080039fc   0x00000006   Code   RO         6669    i.__mathlib_dbl_infnan  m_ws.l(dunder.o)
    0x08003a02   0x08003a02   0x00000004   Code   RO         6670    i.__mathlib_dbl_infnan2  m_ws.l(dunder.o)
    0x08003a06   0x08003a06   0x0000000c   Code   RO         6671    i.__mathlib_dbl_invalid  m_ws.l(dunder.o)
    0x08003a12   0x08003a12   0x0000000e   Code   RO         6672    i.__mathlib_dbl_overflow  m_ws.l(dunder.o)
    0x08003a20   0x08003a20   0x00000010   Code   RO         6674    i.__mathlib_dbl_underflow  m_ws.l(dunder.o)
    0x08003a30   0x08003a30   0x0000000e   Code   RO         6742    i.__scatterload_copy  mc_w.l(handlers.o)
    0x08003a3e   0x08003a3e   0x00000002   Code   RO         6743    i.__scatterload_null  mc_w.l(handlers.o)
    0x08003a40   0x08003a40   0x0000000e   Code   RO         6744    i.__scatterload_zeroinit  mc_w.l(handlers.o)
    0x08003a4e   0x08003a4e   0x00000002   PAD
    0x08003a50   0x08003a50   0x0000000c   Code   RO         6716    i.__set_errno       mc_w.l(errno.o)
    0x08003a5c   0x08003a5c   0x00000030   Code   RO          800    i.append_crc16_check_sum  protocol.o
    0x08003a8c   0x08003a8c   0x00000026   Code   RO          801    i.append_crc8_check_sum  protocol.o
    0x08003ab2   0x08003ab2   0x00000002   PAD
    0x08003ab4   0x08003ab4   0x00000270   Code   RO         6313    i.asin              m_ws.l(asin.o)
    0x08003d24   0x08003d24   0x00000220   Code   RO         6659    i.atan              m_ws.l(atan.o)
    0x08003f44   0x08003f44   0x00000180   Code   RO         6323    i.atan2             m_ws.l(atan2.o)
    0x080040c4   0x080040c4   0x00000064   Code   RO         1426    i.decode_gesture    inv_mpu_dmp_motion_driver.o
    0x08004128   0x08004128   0x00000020   Code   RO          165    i.delay_ms          mydelay.o
    0x08004148   0x08004148   0x0000001e   Code   RO          166    i.delay_us          mydelay.o
    0x08004166   0x08004166   0x00000002   PAD
    0x08004168   0x08004168   0x000001cc   Code   RO         1436    i.dmp_read_fifo     inv_mpu_dmp_motion_driver.o
    0x08004334   0x08004334   0x00000034   Code   RO          802    i.get_crc16_check_sum  protocol.o
    0x08004368   0x08004368   0x00000024   Code   RO          803    i.get_crc8_check_sum  protocol.o
    0x0800438c   0x0800438c   0x00000082   Code   RO         3469    i.isrRtxMessageQueueGet  rtx_msgqueue.o
    0x0800440e   0x0800440e   0x00000086   Code   RO         3470    i.isrRtxMessageQueuePut  rtx_msgqueue.o
    0x08004494   0x08004494   0x00000058   Code   RO         3753    i.isrRtxSemaphoreRelease  rtx_semaphore.o
    0x080044ec   0x080044ec   0x00000034   Code   RO         3870    i.isr_queue_get     rtx_system.o
    0x08004520   0x08004520   0x0000003c   Code   RO         3871    i.isr_queue_put     rtx_system.o
    0x0800455c   0x0800455c   0x000000a8   Code   RO          764    i.judgement_data_handler  judgement_info.o
    0x08004604   0x08004604   0x00000008   Code   RO            4    i.main              main.o
    0x0800460c   0x0800460c   0x00000002   Code   RO         1082    i.mget_ms           inv_mpu.o
    0x0800460e   0x0800460e   0x00000002   PAD
    0x08004610   0x08004610   0x00000224   Code   RO         1084    i.mpu_dmp_get_data  inv_mpu.o
    0x08004834   0x08004834   0x000000c0   Code   RO         1107    i.mpu_read_fifo_stream  inv_mpu.o
    0x080048f4   0x080048f4   0x000001c8   Code   RO         1111    i.mpu_reset_fifo    inv_mpu.o
    0x08004abc   0x08004abc   0x0000003c   Code   RO         1763    i.osDelay           rtx_delay.o
    0x08004af8   0x08004af8   0x00000038   Code   RO         3007    i.osKernelInitialize  rtx_kernel.o
    0x08004b30   0x08004b30   0x00000034   Code   RO         3011    i.osKernelStart     rtx_kernel.o
    0x08004b64   0x08004b64   0x00000054   Code   RO         3472    i.osMessageQueueGet  rtx_msgqueue.o
    0x08004bb8   0x08004bb8   0x0000004c   Code   RO         3478    i.osMessageQueueNew  rtx_msgqueue.o
    0x08004c04   0x08004c04   0x00000054   Code   RO         3479    i.osMessageQueuePut  rtx_msgqueue.o
    0x08004c58   0x08004c58   0x00000020   Code   RO         4543    i.osRtxErrorNotify  rtx_config.o
    0x08004c78   0x08004c78   0x00000004   Code   RO         4544    i.osRtxIdleThread   rtx_config.o
    0x08004c7c   0x08004c7c   0x0000000c   Code   RO         3932    i.osRtxKernelGetState  rtx_thread.o
    0x08004c88   0x08004c88   0x00000002   Code   RO         3214    i.osRtxKernelPreInit  rtx_lib.o
    0x08004c8a   0x08004c8a   0x000000ee   Code   RO         3255    i.osRtxMemoryAlloc  rtx_memory.o
    0x08004d78   0x08004d78   0x0000007c   Code   RO         3256    i.osRtxMemoryFree   rtx_memory.o
    0x08004df4   0x08004df4   0x0000006a   Code   RO         3257    i.osRtxMemoryInit   rtx_memory.o
    0x08004e5e   0x08004e5e   0x00000030   Code   RO         3314    i.osRtxMemoryPoolAlloc  rtx_mempool.o
    0x08004e8e   0x08004e8e   0x00000044   Code   RO         3315    i.osRtxMemoryPoolFree  rtx_mempool.o
    0x08004ed2   0x08004ed2   0x00000058   Code   RO         3316    i.osRtxMemoryPoolInit  rtx_mempool.o
    0x08004f2a   0x08004f2a   0x00000110   Code   RO         3481    i.osRtxMessageQueuePostProcess  rtx_msgqueue.o
    0x0800503a   0x0800503a   0x0000005e   Code   RO         3650    i.osRtxMutexOwnerRelease  rtx_mutex.o
    0x08005098   0x08005098   0x00000084   Code   RO         3872    i.osRtxPendSV_Handler  rtx_system.o
    0x0800511c   0x0800511c   0x0000003c   Code   RO         3873    i.osRtxPostProcess  rtx_system.o
    0x08005158   0x08005158   0x00000032   Code   RO         3754    i.osRtxSemaphorePostProcess  rtx_semaphore.o
    0x0800518a   0x0800518a   0x00000002   PAD
    0x0800518c   0x0800518c   0x00000040   Code   RO         3933    i.osRtxThreadBlock  rtx_thread.o
    0x080051cc   0x080051cc   0x00000068   Code   RO         3934    i.osRtxThreadDelayInsert  rtx_thread.o
    0x08005234   0x08005234   0x00000074   Code   RO         3935    i.osRtxThreadDelayRemove  rtx_thread.o
    0x080052a8   0x080052a8   0x000000dc   Code   RO         3936    i.osRtxThreadDelayTick  rtx_thread.o
    0x08005384   0x08005384   0x00000070   Code   RO         3937    i.osRtxThreadDispatch  rtx_thread.o
    0x080053f4   0x080053f4   0x00000064   Code   RO         3938    i.osRtxThreadFree   rtx_thread.o
    0x08005458   0x08005458   0x0000000c   Code   RO         3939    i.osRtxThreadGetRunning  rtx_thread.o
    0x08005464   0x08005464   0x0000001c   Code   RO         3940    i.osRtxThreadListGet  rtx_thread.o
    0x08005480   0x08005480   0x00000032   Code   RO         3941    i.osRtxThreadListPut  rtx_thread.o
    0x080054b2   0x080054b2   0x0000001a   Code   RO         3942    i.osRtxThreadListRemove  rtx_thread.o
    0x080054cc   0x080054cc   0x00000012   Code   RO         3943    i.osRtxThreadListRoot  rtx_thread.o
    0x080054de   0x080054de   0x00000032   Code   RO         3946    i.osRtxThreadPostProcess  rtx_thread.o
    0x08005510   0x08005510   0x00000018   Code   RO         3947    i.osRtxThreadReadyPut  rtx_thread.o
    0x08005528   0x08005528   0x0000000e   Code   RO         3948    i.osRtxThreadRegPtr  rtx_thread.o
    0x08005536   0x08005536   0x00000002   PAD
    0x08005538   0x08005538   0x0000000c   Code   RO         3949    i.osRtxThreadSetRunning  rtx_thread.o
    0x08005544   0x08005544   0x0000002c   Code   RO         3950    i.osRtxThreadStackCheck  rtx_thread.o
    0x08005570   0x08005570   0x00000060   Code   RO         3951    i.osRtxThreadStartup  rtx_thread.o
    0x080055d0   0x080055d0   0x0000001c   Code   RO         3952    i.osRtxThreadSwitch  rtx_thread.o
    0x080055ec   0x080055ec   0x00000054   Code   RO         3953    i.osRtxThreadWaitEnter  rtx_thread.o
    0x08005640   0x08005640   0x00000036   Code   RO         3954    i.osRtxThreadWaitExit  rtx_thread.o
    0x08005676   0x08005676   0x00000002   PAD
    0x08005678   0x08005678   0x000000a0   Code   RO         3874    i.osRtxTick_Handler  rtx_system.o
    0x08005718   0x08005718   0x00000058   Code   RO         4348    i.osRtxTimerThread  rtx_timer.o
    0x08005770   0x08005770   0x0000005c   Code   RO         4349    i.osRtxTimerTick    rtx_timer.o
    0x080057cc   0x080057cc   0x00000084   Code   RO         3755    i.osSemaphoreAcquire  rtx_semaphore.o
    0x08005850   0x08005850   0x0000004c   Code   RO         3759    i.osSemaphoreNew    rtx_semaphore.o
    0x0800589c   0x0800589c   0x00000038   Code   RO         3760    i.osSemaphoreRelease  rtx_semaphore.o
    0x080058d4   0x080058d4   0x00000018   Code   RO         1636    i.osThreadCreate    cmsis_os1.o
    0x080058ec   0x080058ec   0x00000020   Code   RO         3957    i.osThreadExit      rtx_thread.o
    0x0800590c   0x0800590c   0x0000004c   Code   RO         3970    i.osThreadNew       rtx_thread.o
    0x08005958   0x08005958   0x000009d8   Code   RO         6331    i.pow               m_ws.l(pow.o)
    0x08006330   0x08006330   0x0000004c   Code   RO         6341    i.sqrt              m_ws.l(sqrt.o)
    0x0800637c   0x0800637c   0x00000018   Code   RO         1765    i.svcRtxDelay       rtx_delay.o
    0x08006394   0x08006394   0x00000264   Code   RO         3021    i.svcRtxKernelInitialize  rtx_kernel.o
    0x080065f8   0x080065f8   0x000000e8   Code   RO         3025    i.svcRtxKernelStart  rtx_kernel.o
    0x080066e0   0x080066e0   0x00000140   Code   RO         3483    i.svcRtxMessageQueueGet  rtx_msgqueue.o
    0x08006820   0x08006820   0x00000194   Code   RO         3489    i.svcRtxMessageQueueNew  rtx_msgqueue.o
    0x080069b4   0x080069b4   0x00000128   Code   RO         3490    i.svcRtxMessageQueuePut  rtx_msgqueue.o
    0x08006adc   0x08006adc   0x00000084   Code   RO         3761    i.svcRtxSemaphoreAcquire  rtx_semaphore.o
    0x08006b60   0x08006b60   0x000000d0   Code   RO         3765    i.svcRtxSemaphoreNew  rtx_semaphore.o
    0x08006c30   0x08006c30   0x0000007c   Code   RO         3766    i.svcRtxSemaphoreRelease  rtx_semaphore.o
    0x08006cac   0x08006cac   0x00000094   Code   RO         3978    i.svcRtxThreadExit  rtx_thread.o
    0x08006d40   0x08006d40   0x00000278   Code   RO         3991    i.svcRtxThreadNew   rtx_thread.o
    0x08006fb8   0x08006fb8   0x00000040   Code   RO          804    i.verify_crc16_check_sum  protocol.o
    0x08006ff8   0x08006ff8   0x00000030   Code   RO          805    i.verify_crc8_check_sum  protocol.o
    0x08007028   0x08007028   0x00000100   Data   RO          208    .constdata          init.o
    0x08007128   0x08007128   0x00000302   Data   RO          806    .constdata          protocol.o
    0x0800742a   0x0800742a   0x00000002   PAD
    0x0800742c   0x0800742c   0x00000050   Data   RO         1128    .constdata          inv_mpu.o
    0x0800747c   0x0800747c   0x00000064   Data   RO         3220    .constdata          rtx_lib.o
    0x080074e0   0x080074e0   0x00000050   Data   RO         6314    .constdata          m_ws.l(asin.o)
    0x08007530   0x08007530   0x00000088   Data   RO         6332    .constdata          m_ws.l(pow.o)
    0x080075b8   0x080075b8   0x00000098   Data   RO         6660    .constdata          m_ws.l(atan.o)
    0x08007650   0x08007650   0x00000008   Data   RO         6686    .constdata          m_ws.l(qnan.o)
    0x08007658   0x08007658   0x0000000b   Data   RO         3028    .conststrlit        rtx_kernel.o
    0x08007663   0x08007663   0x00000001   PAD
    0x08007664   0x08007664   0x00000068   Data   RO         3222    .rodata             rtx_lib.o
    0x080076cc   0x080076cc   0x00000020   Data   RO         6740    Region$$Table       anon$$obj.o


    Execution Region RW_IRAM1 (Exec base: 0x20000000, Load base: 0x080076ec, Size: 0x000026b0, Max: 0x00005000, ABSOLUTE, COMPRESSED[0x0000007c])

    Exec Addr    Load Addr    Size         Type   Attr      Idx    E Section Name        Object

    0x20000000   COMPRESSED   0x00001040   Data   RW         3215    .bss.os             rtx_lib.o
    0x20001040   COMPRESSED   0x00000034   Data   RW         3216    .bss.os.msgqueue.cb  rtx_lib.o
    0x20001074   COMPRESSED   0x00000050   Data   RW         3217    .bss.os.msgqueue.mem  rtx_lib.o
    0x200010c4   COMPRESSED   0x00000010   Data   RW          205    .bss.os.semaphore.cb  init.o
    0x200010d4   COMPRESSED   0x00000198   Data   RW          206    .bss.os.thread.cb   init.o
    0x2000126c   COMPRESSED   0x00000088   Data   RW         3218    .bss.os.thread.cb   rtx_lib.o
    0x200012f4   COMPRESSED   0x00000004   PAD
    0x200012f8   COMPRESSED   0x00000b00   Data   RW          207    .bss.os.thread.stack  init.o
    0x20001df8   COMPRESSED   0x00000200   Data   RW         3219    .bss.os.thread.stack  rtx_lib.o
    0x20001ff8   COMPRESSED   0x0000001d   Data   RW          209    .data               init.o
    0x20002015   COMPRESSED   0x00000001   PAD
    0x20002016   COMPRESSED   0x00000004   Data   RW          326    .data               bsp_usart_init.o
    0x2000201a   COMPRESSED   0x00000008   Data   RW          375    .data               bsp_gpio_init.o
    0x20002022   COMPRESSED   0x00000004   Data   RW          575    .data               bsp_supercapacitor_init.o
    0x20002026   COMPRESSED   0x00000002   PAD
    0x20002028   COMPRESSED   0x00000008   Data   RW          614    .data               can_task.o
    0x20002030   COMPRESSED   0x0000001e   Data   RW          663    .data               judge_task.o
    0x2000204e   COMPRESSED   0x00000002   Data   RW          705    .data               monitor_task.o
    0x20002050   COMPRESSED   0x00000002   Data   RW          807    .data               protocol.o
    0x20002052   COMPRESSED   0x00000002   PAD
    0x20002054   COMPRESSED   0x00000018   Data   RW          944    .data               mpu6050.o
    0x2000206c   COMPRESSED   0x00000035   Data   RW         1130    .data               inv_mpu.o
    0x200020a1   COMPRESSED   0x00000001   Data   RW         4478    .data               os_systick.o
    0x200020a2   COMPRESSED   0x00000014   Data   RW         5330    .data               stm32f10x_rcc.o
    0x200020b6   COMPRESSED   0x00000002   PAD
    0x200020b8   COMPRESSED   0x00000014   Data   RW         6273    .data               system_stm32f10x.o
    0x200020cc   COMPRESSED   0x00000004   Data   RW         6717    .data               mc_w.l(errno.o)
    0x200020d0   COMPRESSED   0x000000a4   Data   RW         3029    .data.os            rtx_kernel.o
    0x20002174        -       0x00000028   Zero   RW          271    .bss                bsp_can_init.o
    0x2000219c        -       0x00000032   Zero   RW          325    .bss                bsp_usart_init.o
    0x200021ce   COMPRESSED   0x00000002   PAD
    0x200021d0        -       0x0000000c   Zero   RW          426    .bss                ina260_driver.o
    0x200021dc        -       0x0000001c   Zero   RW          613    .bss                can_task.o
    0x200021f8        -       0x0000000d   Zero   RW          662    .bss                judge_task.o
    0x20002205   COMPRESSED   0x00000001   PAD
    0x20002206        -       0x00000014   Zero   RW          704    .bss                monitor_task.o
    0x2000221a        -       0x00000038   Zero   RW          765    .bss                judgement_info.o
    0x20002252   COMPRESSED   0x00000002   PAD
    0x20002254        -       0x00000045   Zero   RW          943    .bss                mpu6050.o
    0x20002299   COMPRESSED   0x00000003   PAD
    0x2000229c        -       0x00000010   Zero   RW         1454    .bss                inv_mpu_dmp_motion_driver.o
    0x200022ac   COMPRESSED   0x00000004   PAD
    0x200022b0        -       0x00000400   Zero   RW         6259    STACK               startup_stm32f10x_md.o


==============================================================================

Image component sizes


      Code (inc. data)   RO Data    RW Data    ZI Data      Debug   Object Name

       332         30          0          0         40      12909   bsp_can_init.o
       360         40          0          8          0       2904   bsp_gpio_init.o
       734         46          0          0          0       6028   bsp_iic_init.o
         0          0          0          4          0        351   bsp_supercapacitor_init.o
       462         30          0          4         50       3260   bsp_usart_init.o
       776         64          0          8         28       4125   can_task.o
        24          0          0          0          0       1265   cmsis_os1.o
       474         30          0          0         12       5111   ina260_driver.o
       490         56        256       3269          0       5834   init.o
      1198         16         80         53          0       7563   inv_mpu.o
       560         10          0          0         16       7448   inv_mpu_dmp_motion_driver.o
       148         10          0          0          0        604   irq_cm3.o
       236         22          0         30         13       3042   judge_task.o
       168         14          0          0         56       3995   judgement_info.o
         8          0          0          0          0     279712   main.o
       132         22          0          0          0       1671   misc.o
       240         20          0          2         20       1585   monitor_task.o
      1052         50          0         24         69       7257   mpu6050.o
        52         10          0          0          0        525   mpu6050_interrupt.o
       606         94          0          0          0       4351   mpuiic.o
        62          0          0          0          0       1006   mydelay.o
       142         24          0          1          0       2276   os_systick.o
       164         22          0          0          0        571   powersupply_task.o
       286         18        770          2          0       4922   protocol.o
        36          6          0          0          0       1069   rtx_config.o
       124          4          0          0          0       8894   rtx_delay.o
       110          0          0          0          0      30169   rtx_evr.o
       992         34         11        164          0      18370   rtx_kernel.o
         2          0        204       4940          0       8888   rtx_lib.o
       478          0          0          0          0       3971   rtx_memory.o
       532          0          0          0          0       3823   rtx_mempool.o
      2330         34          0          0          0      21268   rtx_msgqueue.o
        94          0          0          0          0       1477   rtx_mutex.o
      1288         28          0          0          0      13643   rtx_semaphore.o
       792         40          0          0          0       9517   rtx_system.o
      2610        130          0          0          0      25920   rtx_thread.o
       268         28          0          0          0       3135   rtx_timer.o
        36          8        236          0       1024        840   startup_stm32f10x_md.o
      1654         22          0          0          0       7808   stm32f10x_can.o
        64         18          0          0          0       1729   stm32f10x_exti.o
       304          0          0          0          0       3856   stm32f10x_gpio.o
       308         38          0         20          0       5191   stm32f10x_rcc.o
         4          0          0          0          0       1166   stm32f10x_tim.o
       480          6          0          0          0       7119   stm32f10x_usart.o
       328         28          0         20          0       2501   system_stm32f10x.o

    ----------------------------------------------------------------------
     21576       1052       1592       8560       1340     548669   Object Totals
         0          0         32          0          0          0   (incl. Generated)
        36          0          3         11         12          0   (incl. Padding)

    ----------------------------------------------------------------------

      Code (inc. data)   RO Data    RW Data    ZI Data      Debug   Library Member Name

       624         52         80          0          0        168   asin.o
       544         70        152          0          0        124   atan.o
       384         38          0          0          0        144   atan2.o
        68         10          0          0          0        408   dunder.o
        40          0          0          0          0         68   fpclassify.o
       170          0          0          0          0         96   poly.o
      2520        190        136          0          0        324   pow.o
         0          0          8          0          0          0   qnan.o
        76          0          0          0          0         84   sqrt.o
        86          0          0          0          0          0   __dczerorl2.o
         0          0          0          0          0          0   entry.o
         0          0          0          0          0          0   entry10a.o
         0          0          0          0          0          0   entry11a.o
         8          4          0          0          0          0   entry2.o
         4          0          0          0          0          0   entry5.o
         0          0          0          0          0          0   entry7b.o
         0          0          0          0          0          0   entry8b.o
         8          4          0          0          0          0   entry9a.o
        12          6          0          4          0         68   errno.o
        30          0          0          0          0          0   handlers.o
        36          8          0          0          0         68   init.o
         0          0          0          0          0          0   iusefp.o
        30          0          0          0          0         68   llshl.o
        36          0          0          0          0         68   llsshr.o
        32          0          0          0          0         68   llushr.o
        36          0          0          0          0         68   memcpya.o
        36          0          0          0          0        108   memseta.o
        48          0          0          0          0         68   cdrcmple.o
        20          0          0          0          0         68   cfcmple.o
        20          0          0          0          0         68   cfrcmple.o
        56          0          0          0          0         88   d2f.o
       334          0          0          0          0        148   dadd.o
       222          0          0          0          0        100   ddiv.o
       186          0          0          0          0        176   depilogue.o
        62          0          0          0          0         80   dfixi.o
        50          0          0          0          0         76   dfixui.o
        34          0          0          0          0         76   dflti.o
        26          0          0          0          0         76   dfltui.o
       228          0          0          0          0         96   dmul.o
        46          0          0          0          0         80   dscalb.o
       162          0          0          0          0        100   dsqrt.o
        38          0          0          0          0         68   f2d.o
       176          0          0          0          0        140   fadd.o
       124          0          0          0          0         88   fdiv.o
       110          0          0          0          0        168   fepilogue.o
        50          0          0          0          0         68   ffixi.o
        18          0          0          0          0         68   fflti.o
       100          0          0          0          0         76   fmul.o

    ----------------------------------------------------------------------
      6900        382        376          4          0       3908   Library Totals
        10          0          0          0          0          0   (incl. Padding)

    ----------------------------------------------------------------------

      Code (inc. data)   RO Data    RW Data    ZI Data      Debug   Library Name

      4426        360        376          0          0       1416   m_ws.l
       354         22          0          4          0        516   mc_w.l
      2110          0          0          0          0       1976   mf_w.l

    ----------------------------------------------------------------------
      6900        382        376          4          0       3908   Library Totals

    ----------------------------------------------------------------------

==============================================================================


      Code (inc. data)   RO Data    RW Data    ZI Data      Debug   

     28476       1434       1968       8564       1340     537469   Grand Totals
     28476       1434       1968        124       1340     537469   ELF Image Totals (compressed)
     28476       1434       1968        124          0          0   ROM Totals

==============================================================================

    Total RO  Size (Code + RO Data)                30444 (  29.73kB)
    Total RW  Size (RW Data + ZI Data)              9904 (   9.67kB)
    Total ROM Size (Code + RO Data + RW Data)      30568 (  29.85kB)

==============================================================================

